
 Start         Length     Name                   Class
 0001:00000000 0006C85CH .text                   CODE
 0002:00000000 000014ACH .data                   DATA
 0002:000014AC 00000CB9H .bss                    BSS


Detailed map of segments

 0001:00000000 00004F7B C=CODE     S=.text    G=(none)   M=System   ACBP=A9
 0001:00004F7C 00000140 C=CODE     S=.text    G=(none)   M=SysInit  ACBP=A9
 0001:000050BC 000000BC C=CODE     S=.text    G=(none)   M=Types    ACBP=A9
 0001:00005178 00000D04 C=CODE     S=.text    G=(none)   M=Windows  ACBP=A9
 0001:00005E7C 00000038 C=CODE     S=.text    G=(none)   M=Messages ACBP=A9
 0001:00005EB4 00000320 C=CODE     S=.text    G=(none)   M=SysConst ACBP=A9
 0001:000061D4 0000678C C=CODE     S=.text    G=(none)   M=SysUtils ACBP=A9
 0001:0000C960 000007FB C=CODE     S=.text    G=(none)   M=VarUtils ACBP=A9
 0001:0000D15C 000066BA C=CODE     S=.text    G=(none)   M=Variants ACBP=A9
 0001:00013818 00000128 C=CODE     S=.text    G=(none)   M=RTLConsts ACBP=A9
 0001:00013940 00000DB0 C=CODE     S=.text    G=(none)   M=TypInfo  ACBP=A9
 0001:000146F0 00000058 C=CODE     S=.text    G=(none)   M=ActiveX  ACBP=A9
 0001:00014748 0000C6AA C=CODE     S=.text    G=(none)   M=Classes  ACBP=A9
 0001:00020DF4 000002D0 C=CODE     S=.text    G=(none)   M=Consts   ACBP=A9
 0001:000210C4 00008DD7 C=CODE     S=.text    G=(none)   M=Graphics ACBP=A9
 0001:00029E9C 00000048 C=CODE     S=.text    G=(none)   M=Math     ACBP=A9
 0001:00029EE4 000002B8 C=CODE     S=.text    G=(none)   M=Contnrs  ACBP=A9
 0001:0002A19C 000005C0 C=CODE     S=.text    G=(none)   M=CommCtrl ACBP=A9
 0001:0002A75C 00000787 C=CODE     S=.text    G=(none)   M=MultiMon ACBP=A9
 0001:0002AEE4 00000038 C=CODE     S=.text    G=(none)   M=Imm      ACBP=A9
 0001:0002AF1C 00000FF8 C=CODE     S=.text    G=(none)   M=HelpIntfs ACBP=A9
 0001:0002BF14 00000038 C=CODE     S=.text    G=(none)   M=WinSpool ACBP=A9
 0001:0002BF4C 00000044 C=CODE     S=.text    G=(none)   M=Printers ACBP=A9
 0001:0002BF90 0000031F C=CODE     S=.text    G=(none)   M=FlatSB   ACBP=A9
 0001:0002C2B0 000001A4 C=CODE     S=.text    G=(none)   M=SyncObjs ACBP=A9
 0001:0002C454 000009BB C=CODE     S=.text    G=(none)   M=UxTheme  ACBP=A9
 0001:0002CE10 00000038 C=CODE     S=.text    G=(none)   M=RichEdit ACBP=A9
 0001:0002CE48 00000038 C=CODE     S=.text    G=(none)   M=ToolWin  ACBP=A9
 0001:0002CE80 00000040 C=CODE     S=.text    G=(none)   M=ShellAPI ACBP=A9
 0001:0002CEC0 00000038 C=CODE     S=.text    G=(none)   M=RegStr   ACBP=A9
 0001:0002CEF8 00000038 C=CODE     S=.text    G=(none)   M=WinInet  ACBP=A9
 0001:0002CF30 00000038 C=CODE     S=.text    G=(none)   M=UrlMon   ACBP=A9
 0001:0002CF68 000000A0 C=CODE     S=.text    G=(none)   M=ShlObj   ACBP=A9
 0001:0002D008 00000040 C=CODE     S=.text    G=(none)   M=CommDlg  ACBP=A9
 0001:0002D048 00000038 C=CODE     S=.text    G=(none)   M=Dlgs     ACBP=A9
 0001:0002D080 00002349 C=CODE     S=.text    G=(none)   M=Dialogs  ACBP=A9
 0001:0002F3CC 000011AA C=CODE     S=.text    G=(none)   M=ExtCtrls ACBP=A9
 0001:00030578 00000048 C=CODE     S=.text    G=(none)   M=ComStrs  ACBP=A9
 0001:000305C0 00000094 C=CODE     S=.text    G=(none)   M=Clipbrd  ACBP=A9
 0001:00030654 00000038 C=CODE     S=.text    G=(none)   M=StrUtils ACBP=A9
 0001:0003068C 000000F5 C=CODE     S=.text    G=(none)   M=Buttons  ACBP=A9
 0001:00030784 00000038 C=CODE     S=.text    G=(none)   M=ExtDlgs  ACBP=A9
 0001:000307BC 00000068 C=CODE     S=.text    G=(none)   M=IniFiles ACBP=A9
 0001:00030824 00000068 C=CODE     S=.text    G=(none)   M=Registry ACBP=A9
 0001:0003088C 0000006C C=CODE     S=.text    G=(none)   M=Mapi     ACBP=A9
 0001:000308F8 00000058 C=CODE     S=.text    G=(none)   M=ExtActns ACBP=A9
 0001:00030950 00001C44 C=CODE     S=.text    G=(none)   M=ListActns ACBP=A9
 0001:00032594 0000A180 C=CODE     S=.text    G=(none)   M=ComCtrls ACBP=A9
 0001:0003C714 00000A0C C=CODE     S=.text    G=(none)   M=Themes   ACBP=A9
 0001:0003D120 0000623C C=CODE     S=.text    G=(none)   M=StdCtrls ACBP=A9
 0001:0004335C 00000168 C=CODE     S=.text    G=(none)   M=StdActns ACBP=A9
 0001:000434C4 00000D1F C=CODE     S=.text    G=(none)   M=WinHelpViewer ACBP=A9
 0001:000441E4 00010FC7 C=CODE     S=.text    G=(none)   M=Controls ACBP=A9
 0001:000551AC 00001326 C=CODE     S=.text    G=(none)   M=ActnList ACBP=A9
 0001:000564D4 00001738 C=CODE     S=.text    G=(none)   M=ImgList  ACBP=A9
 0001:00057C0C 00006639 C=CODE     S=.text    G=(none)   M=Menus    ACBP=A9
 0001:0005E248 0000C434 C=CODE     S=.text    G=(none)   M=Forms    ACBP=A9
 0001:0006A67C 00000040 C=CODE     S=.text    G=(none)   M=WinSock  ACBP=A9
 0001:0006A6BC 0000070C C=CODE     S=.text    G=(none)   M=libnfs   ACBP=A9
 0001:0006ADC8 00000038 C=CODE     S=.text    G=(none)   M=Unit2    ACBP=A9
 0001:0006AE00 000017F4 C=CODE     S=.text    G=(none)   M=Unit1    ACBP=A9
 0001:0006C5F4 00000265 C=CODE     S=.text    G=(none)   M=nfs_browser ACBP=A9
 0002:00000000 0000009C C=DATA     S=.data    G=DGROUP   M=System   ACBP=A9
 0002:0000009C 00000020 C=DATA     S=.data    G=DGROUP   M=SysInit  ACBP=A9
 0002:000000BC 00000254 C=DATA     S=.data    G=DGROUP   M=SysUtils ACBP=A9
 0002:00000310 00000008 C=DATA     S=.data    G=DGROUP   M=VarUtils ACBP=A9
 0002:00000318 00000136 C=DATA     S=.data    G=DGROUP   M=Variants ACBP=A9
 0002:00000450 0000000C C=DATA     S=.data    G=DGROUP   M=TypInfo  ACBP=A9
 0002:0000045C 00000064 C=DATA     S=.data    G=DGROUP   M=Classes  ACBP=A9
 0002:000004C0 00000304 C=DATA     S=.data    G=DGROUP   M=Graphics ACBP=A9
 0002:000007C4 00000004 C=DATA     S=.data    G=DGROUP   M=Printers ACBP=A9
 0002:000007C8 00000010 C=DATA     S=.data    G=DGROUP   M=ShlObj   ACBP=A9
 0002:000007D8 00000114 C=DATA     S=.data    G=DGROUP   M=Dialogs  ACBP=A9
 0002:000008EC 00000178 C=DATA     S=.data    G=DGROUP   M=ExtCtrls ACBP=A9
 0002:00000A64 0000002C C=DATA     S=.data    G=DGROUP   M=Buttons  ACBP=A9
 0002:00000A90 00000008 C=DATA     S=.data    G=DGROUP   M=IniFiles ACBP=A9
 0002:00000A98 00000008 C=DATA     S=.data    G=DGROUP   M=Registry ACBP=A9
 0002:00000AA0 00000008 C=DATA     S=.data    G=DGROUP   M=Mapi     ACBP=A9
 0002:00000AA8 000000F4 C=DATA     S=.data    G=DGROUP   M=ComCtrls ACBP=A9
 0002:00000B9C 00000068 C=DATA     S=.data    G=DGROUP   M=Themes   ACBP=A9
 0002:00000C04 000000AC C=DATA     S=.data    G=DGROUP   M=StdCtrls ACBP=A9
 0002:00000CB0 0000013C C=DATA     S=.data    G=DGROUP   M=Controls ACBP=A9
 0002:00000DEC 00000020 C=DATA     S=.data    G=DGROUP   M=ImgList  ACBP=A9
 0002:00000E0C 000000EC C=DATA     S=.data    G=DGROUP   M=Menus    ACBP=A9
 0002:00000EF8 0000011C C=DATA     S=.data    G=DGROUP   M=Forms    ACBP=A9
 0002:00001014 00000008 C=DATA     S=.data    G=DGROUP   M=libnfs   ACBP=A9
 0002:00002000 00000660 C=BSS      S=.bss     G=DGROUP   M=System   ACBP=A9
 0002:00002660 00000010 C=BSS      S=.bss     G=DGROUP   M=SysInit  ACBP=A9
 0002:00002670 00000004 C=BSS      S=.bss     G=DGROUP   M=Types    ACBP=A9
 0002:00002674 00000004 C=BSS      S=.bss     G=DGROUP   M=Windows  ACBP=A9
 0002:00002678 00000004 C=BSS      S=.bss     G=DGROUP   M=Messages ACBP=A9
 0002:0000267C 00000004 C=BSS      S=.bss     G=DGROUP   M=SysConst ACBP=A9
 0002:00002680 00000120 C=BSS      S=.bss     G=DGROUP   M=SysUtils ACBP=A9
 0002:000027A0 0000005C C=BSS      S=.bss     G=DGROUP   M=VarUtils ACBP=A9
 0002:000027FC 00000040 C=BSS      S=.bss     G=DGROUP   M=Variants ACBP=A9
 0002:0000283C 00000004 C=BSS      S=.bss     G=DGROUP   M=RTLConsts ACBP=A9
 0002:00002840 00000004 C=BSS      S=.bss     G=DGROUP   M=TypInfo  ACBP=A9
 0002:00002844 00000004 C=BSS      S=.bss     G=DGROUP   M=ActiveX  ACBP=A9
 0002:00002848 00000040 C=BSS      S=.bss     G=DGROUP   M=Classes  ACBP=A9
 0002:00002888 00000004 C=BSS      S=.bss     G=DGROUP   M=Consts   ACBP=A9
 0002:0000288C 00000060 C=BSS      S=.bss     G=DGROUP   M=Graphics ACBP=A9
 0002:000028EC 00000004 C=BSS      S=.bss     G=DGROUP   M=Math     ACBP=A9
 0002:000028F0 00000004 C=BSS      S=.bss     G=DGROUP   M=Contnrs  ACBP=A9
 0002:000028F4 0000000C C=BSS      S=.bss     G=DGROUP   M=CommCtrl ACBP=A9
 0002:00002900 00000031 C=BSS      S=.bss     G=DGROUP   M=MultiMon ACBP=A9
 0002:00002934 00000004 C=BSS      S=.bss     G=DGROUP   M=Imm      ACBP=A9
 0002:00002938 00000008 C=BSS      S=.bss     G=DGROUP   M=HelpIntfs ACBP=A9
 0002:00002940 00000004 C=BSS      S=.bss     G=DGROUP   M=WinSpool ACBP=A9
 0002:00002944 00000004 C=BSS      S=.bss     G=DGROUP   M=Printers ACBP=A9
 0002:00002948 00000034 C=BSS      S=.bss     G=DGROUP   M=FlatSB   ACBP=A9
 0002:0000297C 00000004 C=BSS      S=.bss     G=DGROUP   M=SyncObjs ACBP=A9
 0002:00002980 000000CC C=BSS      S=.bss     G=DGROUP   M=UxTheme  ACBP=A9
 0002:00002A4C 00000004 C=BSS      S=.bss     G=DGROUP   M=RichEdit ACBP=A9
 0002:00002A50 00000004 C=BSS      S=.bss     G=DGROUP   M=ToolWin  ACBP=A9
 0002:00002A54 00000004 C=BSS      S=.bss     G=DGROUP   M=ShellAPI ACBP=A9
 0002:00002A58 00000004 C=BSS      S=.bss     G=DGROUP   M=RegStr   ACBP=A9
 0002:00002A5C 00000004 C=BSS      S=.bss     G=DGROUP   M=WinInet  ACBP=A9
 0002:00002A60 00000004 C=BSS      S=.bss     G=DGROUP   M=UrlMon   ACBP=A9
 0002:00002A64 00000004 C=BSS      S=.bss     G=DGROUP   M=ShlObj   ACBP=A9
 0002:00002A68 00000004 C=BSS      S=.bss     G=DGROUP   M=CommDlg  ACBP=A9
 0002:00002A6C 00000004 C=BSS      S=.bss     G=DGROUP   M=Dlgs     ACBP=A9
 0002:00002A70 00000038 C=BSS      S=.bss     G=DGROUP   M=Dialogs  ACBP=A9
 0002:00002AA8 00000004 C=BSS      S=.bss     G=DGROUP   M=ExtCtrls ACBP=A9
 0002:00002AAC 00000004 C=BSS      S=.bss     G=DGROUP   M=ComStrs  ACBP=A9
 0002:00002AB0 0000000C C=BSS      S=.bss     G=DGROUP   M=Clipbrd  ACBP=A9
 0002:00002ABC 00000004 C=BSS      S=.bss     G=DGROUP   M=StrUtils ACBP=A9
 0002:00002AC0 00000030 C=BSS      S=.bss     G=DGROUP   M=Buttons  ACBP=A9
 0002:00002AF0 00000004 C=BSS      S=.bss     G=DGROUP   M=ExtDlgs  ACBP=A9
 0002:00002AF4 00000004 C=BSS      S=.bss     G=DGROUP   M=IniFiles ACBP=A9
 0002:00002AF8 00000004 C=BSS      S=.bss     G=DGROUP   M=Registry ACBP=A9
 0002:00002AFC 00000004 C=BSS      S=.bss     G=DGROUP   M=Mapi     ACBP=A9
 0002:00002B00 00000009 C=BSS      S=.bss     G=DGROUP   M=ExtActns ACBP=A9
 0002:00002B0C 00000004 C=BSS      S=.bss     G=DGROUP   M=ListActns ACBP=A9
 0002:00002B10 00000015 C=BSS      S=.bss     G=DGROUP   M=ComCtrls ACBP=A9
 0002:00002B28 00000008 C=BSS      S=.bss     G=DGROUP   M=Themes   ACBP=A9
 0002:00002B30 00000004 C=BSS      S=.bss     G=DGROUP   M=StdCtrls ACBP=A9
 0002:00002B34 00000004 C=BSS      S=.bss     G=DGROUP   M=StdActns ACBP=A9
 0002:00002B38 00000014 C=BSS      S=.bss     G=DGROUP   M=WinHelpViewer ACBP=A9
 0002:00002B4C 00000080 C=BSS      S=.bss     G=DGROUP   M=Controls ACBP=A9
 0002:00002BCC 00000004 C=BSS      S=.bss     G=DGROUP   M=ActnList ACBP=A9
 0002:00002BD0 0000000C C=BSS      S=.bss     G=DGROUP   M=ImgList  ACBP=A9
 0002:00002BDC 00000010 C=BSS      S=.bss     G=DGROUP   M=Menus    ACBP=A9
 0002:00002BEC 00000020 C=BSS      S=.bss     G=DGROUP   M=Forms    ACBP=A9
 0002:00002C0C 00000004 C=BSS      S=.bss     G=DGROUP   M=WinSock  ACBP=A9
 0002:00002C10 00000090 C=BSS      S=.bss     G=DGROUP   M=libnfs   ACBP=A9
 0002:00002CA0 00000004 C=BSS      S=.bss     G=DGROUP   M=Unit2    ACBP=A9
 0002:00002CA4 00000014 C=BSS      S=.bss     G=DGROUP   M=Unit1    ACBP=A9


  Address         Publics by Name

 0002:00002A58       .1
 0002:00002A4C       .1
 0002:00002A5C       .1
 0002:00002A3C       .1
 0002:00002968       .1
 0002:00002934       .1
 0002:00002678       .1
 0002:00002920       .1
 0002:0000267C       .1
 0002:000028F4       .1
 0002:00002888       .1
 0002:00002668       .1
 0002:00002670       .1
 0002:0000283C       .1
 0002:00002A60       .1
 0002:00002A64       .1
 0002:00002B40       .1
 0002:00002A68       .1
 0002:00002A6C       .1
 0002:00002AAC       .1
 0002:00002A54       .1
 0002:00002ABC       .1
 0002:00002C0C       .1
 0002:00002C9C       .1
 0002:00002AFC       .1
 0002:00002A70       .11
 0002:00002890       .12
 0002:00002AA8       .12
 0002:00002AB4       .2
 0002:00002B28       .2
 0002:00002CB4       .2
 0002:000028EC       .2
 0002:00002938       .2
 0002:00002CA0       .2
 0002:000028F0       .21
 0002:00002844       .3
 0002:00002BD0       .3
 0002:00002940       .3
 0002:00002944       .3
 0002:00002674       .3
 0002:00002AF0       .3
 0002:00002790       .35
 0002:00002B10       .36
 0002:00002AC0       .4
 0002:00002A50       .4
 0002:00002BF4       .41
 0002:00002B30       .42
 0002:00002854       .45
 0002:000027F8       .5
 0002:000025B8       .5
 0002:00002AF8       .5
 0002:0000297C       .6
 0002:00002840       .6
 0002:00002B54       .72
 0002:00002B00       .72
 0002:00002B34       .73
 0002:00002B0C       .8
 0002:00002AF4       .8
 0002:00002BCC       .8
 0002:0000281C       .81
 0002:00002BE4       .9
 0001:00001AA8       @AbstractError
 0001:00002628       @AfterConstruction
 0001:0000241C       @AsClass
 0001:00001C10       @AStrCmp
 0001:00002638       @BeforeDestruction
 0001:000021AC       @BoundErr
 0001:00002468       @CallDynaInst
 0001:000025D0       @ClassCreate
 0001:00002620       @ClassDestroy
 0001:00001B18       @Close
 0001:00001864       @Copy
 0001:00003CDC       @CopyArray
 0001:00003BC0       @CopyRecord
 0001:00003DF4       @DispCallByIDError
 0001:0000DD3C       @DispInvokeError
 0001:00003DE4       @Dispose
 0001:00002AB4       @DoneExcept
 0001:00004254       @DynArrayAsg
 0001:00004218       @DynArrayClear
 0001:00004058       @DynArrayHigh
 0001:00004050       @DynArrayLength
 0001:0000420C       @DynArraySetLength
 0001:00002B9C       @ExceptionHandler
 0001:00001C80       @FillChar
 0001:00003B9C       @Finalize
 0001:00003AB0       @FinalizeArray
 0001:00003A64       @FinalizeRecord
 0001:00002480       @FindDynaInst
 0001:000021A0       @FpuInit
 0001:000020DC       @FpuMaskInit
 0001:000016EC       @FreeMem
 0001:000016CC       @GetMem
 0001:00004FF4       @GetTls
 0001:00002FE4       @Halt
 0001:00002F0C       @Halt0
 0001:0000274C       @HandleAnyException
 0001:00002A00       @HandleFinally
 0001:00002878       @HandleOnException
 0001:00005040       @InitExe
 0001:00003A58       @Initialize
 0001:000039C4       @InitializeArray
 0001:00003994       @InitializeRecord
 0001:00002DD0       @InitImports
 0001:00002DA8       @InitResStringImports
 0001:00002D84       @InitResStrings
 0001:00004938       @IntfAddRef
 0001:00004908       @IntfCast
 0001:000048C4       @IntfClear
 0001:000048DC       @IntfCopy
 0001:000023F8       @IsClass
 0001:000020AC       @isNECWindows
 0001:000034AC       @LStrAddRef
 0001:00003020       @LStrArrayClr
 0001:00003050       @LStrAsg
 0001:000032C4       @LStrCat
 0001:00003308       @LStrCat3
 0001:0000337C       @LStrCatN
 0001:00002FFC       @LStrClr
 0001:00003408       @LStrCmp
 0001:0000351C       @LStrCopy
 0001:0000355C       @LStrDelete
 0001:0000326C       @LStrFromArray
 0001:000031E4       @LStrFromChar
 0001:000031F4       @LStrFromPChar
 0001:000030EC       @LStrFromPCharLen
 0001:00003224       @LStrFromPWChar
 0001:00003158       @LStrFromPWCharLen
 0001:00003260       @LStrFromString
 0001:00003284       @LStrFromWStr
 0001:000035A4       @LStrInsert
 0001:00003094       @LStrLAsg
 0001:000032BC       @LStrLen
 0001:000036AC       @LStrOfChar
 0001:00003600       @LStrPos
 0001:00003648       @LStrSetLength
 0001:000034BC       @LStrToPChar
 0001:00003298       @LStrToString
 0001:00003DD0       @New
 0001:000030C0       @NewAnsiString
 0001:000036E0       @NewWideString
 0001:00001DC0       @Pow10
 0001:00001B8C       @PStrCmp
 0001:00001B70       @PStrNCpy
 0001:00002A60       @RaiseAgain
 0001:00002A38       @RaiseExcept
 0001:0000170C       @ReallocMem
 0001:00001A78       @ROUND
 0001:00002FF0       @RunError
 0001:00001DA4       @SetEq
 0001:00002D44       @StartExe
 0001:000002AC       @strlen
 0001:00001A84       @TRUNC
 0001:00002AE4       @TryFinallyExit
 0001:00003514       @UniqueStringA
 0001:00003E20       @ValInt64
 0001:00001CA0       @ValLong
 0001:00012DE8       @VarAddRef
 0001:0000E61C       @VarCast
 0001:0000E028       @VarClear
 0001:00003A98       @VarClr
 0001:0000E03C       @VarClr
 0001:000136E4       @VarCmpEQ
 0001:00003BA8       @VarCopy
 0001:0000E350       @VarCopy
 0001:00012388       @VarFromBool
 0001:00012214       @VarFromByte
 0001:000123D8       @VarFromCurr
 0001:00012330       @VarFromCurrency
 0001:0001235C       @VarFromDate
 0001:0001247C       @VarFromDisp
 0001:00012304       @VarFromDouble
 0001:000121B8       @VarFromInt
 0001:000122B4       @VarFromInt64
 0001:000121F4       @VarFromInteger
 0001:00012450       @VarFromIntf
 0001:00012254       @VarFromLongWord
 0001:000123EC       @VarFromLStr
 0001:000123B0       @VarFromReal
 0001:00012274       @VarFromShortInt
 0001:000122E0       @VarFromSingle
 0001:00012294       @VarFromSmallInt
 0001:000123C4       @VarFromTDateTime
 0001:00012234       @VarFromWord
 0001:00012418       @VarFromWStr
 0001:0000DD90       @VarNull
 0001:0000FDE8       @VarToBool
 0001:0000FAA0       @VarToBoolean
 0001:0000EEE0       @VarToByte
 0001:00010C8C       @VarToCurrency
 0001:00010724       @VarToDate
 0001:0001210C       @VarToDisp
 0001:0000FFB4       @VarToDouble
 0001:0000F4A4       @VarToInt64
 0001:0000E9E0       @VarToInteger
 0001:00012040       @VarToIntf
 0001:0000F158       @VarToLongWord
 0001:00011340       @VarToLStr
 0001:00010330       @VarToReal
 0001:0000EE30       @VarToShortInt
 0001:0001034C       @VarToSingle
 0001:0000EF88       @VarToSmallInt
 0001:0000F080       @VarToWord
 0001:00011A68       @VarToWStr
 0001:00003720       @WStrArrayClr
 0001:00003744       @WStrAsg
 0001:00003708       @WStrClr
 0001:00003880       @WStrCmp
 0001:00003904       @WStrCopy
 0001:00003854       @WStrFromLStr
 0001:00003768       @WStrFromPCharLen
 0001:00003818       @WStrFromPWChar
 0001:000037F4       @WStrFromPWCharLen
 0001:00003874       @WStrLen
 0001:00003950       @WStrSetLength
 0001:00003864       @WStrToPWChar
 0001:00001D80       @_CLenToPasStr
 0001:00001D74       @_CToPasStr
 0001:00001834       @_IOTest
 0001:00003DFC       @_llmul
 0001:00047134       AbsMin
 0001:0000AB84       AbstractErrorHandler
 0002:00002028       AbstractErrorProc
 0002:00000140       AccessMode
 0001:0000179C       AcquireExceptionObject
 0001:00016D84       ActivateClassGroup
 0001:00005694       ActivateKeyboardLayout
 0002:00002B88       ActiveDrag
 0001:00014740       ActiveX
 0001:000564A8       ActnList
 0001:000003D8       AddBlockAfter
 0002:0000045C       AddDataModule
 0001:00006E0C       AddExitProc
 0001:0001A8F8       AddFinished
 0001:00059840       AddIn
 0001:00004758       AddModuleUnloadProc
 0001:00004768       AddModuleUnloadProc
 0001:0001A930       AddNotFinished
 0001:0001B354       AddSubComponentsToLoaded
 0001:00024B64       AdjustColor
 0001:0006086C       Adjustment
 0001:0000569C       AdjustWindowRectEx
 0002:00000ED0       Alignments
 0002:00000EE0       Alignments
 0002:00000C0C       Alignments
 0001:0004C7A0       AlignWork
 0001:00067764       AlignWork
 0001:00020BD4       AllocateHWnd
 0001:0002DE3C       AllocFilterStr
 0001:00006DC0       AllocMem
 0002:000025B0       AllocMemCount
 0002:000025B4       AllocMemSize
 0001:00029C94       AllocPatternBitmap
 0001:00004F9C       AllocTlsBuffer
 0001:0001E0DC       AncestorIsValid
 0002:00000CBC       AnchorAlign
 0002:00000CB0       AnimateWindowProc
 0002:00000DB8       AnimationStyle
 0001:00006FEC       AnsiCompareStr
 0001:00007024       AnsiCompareText
 0001:00007678       AnsiLastChar
 0001:000056A4       AnsiLower
 0001:00006FB8       AnsiLowerCase
 0001:0000B53C       AnsiLowerCaseFileName
 0001:0000B504       AnsiPos
 0001:0005E054       AnsiSameCaption
 0001:0000705C       AnsiSameText
 0001:00007074       AnsiStrLIComp
 0001:0000B5C8       AnsiStrPos
 0001:0000B668       AnsiStrRScan
 0001:0000B690       AnsiStrScan
 0001:00004D38       AnsiToUtf8
 0001:00006F84       AnsiUpperCase
 0001:00011FC8       AnyToIntf
 0001:00008B10       AppendChars
 0001:00008ED4       AppendFormat
 0001:00008B74       AppendNumber
 0001:00008B54       AppendString
 0002:00002BEC       Application
 0002:0000046C       ApplicationHandleException
 0002:00000474       ApplicationShowException
 0002:0000100C       AppVisible
 0002:00000AF0       Arrangements
 0001:0000AB68       AssertErrorHandler
 0002:00002020       AssertErrorProc
 0001:00013DB8       AssignLongStr
 0001:00014434       AssignVariant
 0002:00000AF8       AutoArrange
 0002:00002608       avail
 0001:000077E8       BackfillGetDiskFreeSpaceEx
 0001:00049CC8       BackgroundClipped
 0001:0000CBF0       BackupVarBoolFromStr
 0001:0000CD50       BackupVarBStrFromBool
 0001:0000CC70       BackupVarBStrFromCy
 0001:0000CCE0       BackupVarBStrFromDate
 0001:0000CB84       BackupVarCyFromStr
 0001:0000CB18       BackupVarDateFromStr
 0001:0000C9D4       BackupVarI4FromStr
 0001:0000C980       BackupVariantChangeTypeEx
 0001:0000CA40       BackupVarR4FromStr
 0001:0000CAAC       BackupVarR8FromStr
 0002:00000330       BaseTypeMap
 0001:0000B15C       Beep
 0001:00017158       BeginGlobalLoading
 0001:000056AC       BeginPaint
 0001:00024B70       BetterSize
 0001:0005A6B4       BiDiDraw
 0001:00005484       BitBlt
 0002:00000A64       BitBtnCaptions
 0002:00002AC4       BitBtnGlyphs
 0002:00000778       BitmapCanvasList
 0002:000028A8       BitmapImageLock
 0001:0000C9BC       BiUnimplemented
 0002:00000494       BlockCode
 0002:000025E0       blockDescBlockList
 0002:000025E4       blockDescFreeList
 0002:00000450       BooleanIdents
 0002:0000032C       BooleanToStringRule
 0001:00007510       BoolToStr
 0001:000110C8       BoolToWStrViaOS
 0002:00000C04       BorderStyles
 0002:00000AD0       BorderStyles
 0001:00016080       Bounds
 0001:000050F8       Bounds
 0002:00000E78       Breaks
 0002:000028E0       BrushManager
 0001:0005CE68       BuildImage
 0002:00000894       ButtonCaptions
 0002:00000868       ButtonNames
 0001:0003075C       Buttons
 0002:00000EF4       Buttons
 0002:00000CA8       ButtonStyles
 0002:00002A7C       ButtonWidths
 0001:00024350       BytesPerScanline
 0001:000246A8       ByteSwapColors
 0001:0000B240       ByteToCharIndex
 0001:0000B218       ByteToCharLen
 0001:0000B1DC       ByteType
 0001:0000B164       ByteTypeTest
 0002:00002BD4       CachedComCtrlVer
 0001:00020B10       CalcJmpOffset
 0001:00054480       CalcSplitterPos
 0001:000056B4       CallNextHookEx
 0001:0000BE90       CallTerminateProcs
 0001:000056BC       CallWindowProc
 0001:0004816C       CancelDrag
 0002:000028E4       CanvasList
 0002:00002B9C       CanvasList
 0002:00000840       Captions
 0002:00000D74       CaptureControl
 0002:00000E18       cBooleanToItemAutoFlag
 0002:00000360       CBooleanToRelationship
 0001:00005114       CenterPoint
 0001:0002D74C       CenterWindow
 0002:00002AB2       CF_COMPONENT
 0002:00002AB0       CF_PICTURE
 0002:00002814       ChangeAnyProc
 0001:000466EC       ChangeBiDiModeAlignment
 0002:00000C5C       CharCases
 0002:00000C2C       CharCases
 0001:0000311C       CharFromWChar
 0001:0000B414       CharLength
 0001:000056C4       CharLowerBuff
 0001:0000022C       CharNext
 0001:000056CC       CharNext
 0001:00022B8C       CharsetToIdent
 0001:0000B328       CharToByteIndex
 0001:0000B38C       CharToByteLen
 0001:000056D4       CharToOemA
 0001:000056DC       CharUpperBuff
 0001:00025138       CheckBool
 0001:00035338       CheckCommonControl
 0001:000026C8       CheckJmp
 0001:000056E4       CheckMenuItem
 0002:00000E68       Checks
 0001:0001B390       CheckSubComponents
 0001:0001F8E8       CheckSynchronize
 0001:0006028C       CheckTaskWindow
 0001:000124A8       CheckType
 0001:00047E20       CheckUndock
 0001:0000B050       CheckWin32Version
 0001:000056EC       ChildWindowFromPoint
 0002:00000348       CInvalidCustomVariantType
 0002:00000E1C       cItemAutoFlagToBoolean
 0002:00000E14       cItemAutoFlagToMenu
 0001:00020D60       Classes
 0001:00016B48       ClassNotFound
 0002:00002810       ClearAnyProc
 0001:0002241C       ClearColor
 0001:00013298       ClearVariantTypeList
 0001:000056F4       ClientToScreen
 0001:00051A24       ClientToWindow
 0002:00000770       ClipboardFormats
 0001:000305FC       Clipbrd
 0001:000056FC       CloseClipboard
 0001:0000525C       CloseHandle
 0002:00002984       CloseThemeData
 0002:000007C8       CLSID_AutoComplete
 0002:0000203C       CmdLine
 0002:00002038       CmdShow
 0002:00000E10       cMenuAutoFlagToItem
 0002:0000036C       CmpTypeMap
 0001:0000C9C8       CmpUnimplemented
 0001:00014700       CoCreateInstance
 0002:00000AC0       Codes
 0002:00000B4C       Codes
 0002:00002B24       CoInitExProcLoaded
 0001:000146F0       CoInitialize
 0002:00002B20       CoInitializeExProc
 0001:00017414       CollectionsEqual
 0002:000004F0       Colors
 0001:00022984       ColorToIdent
 0002:000008EC       ColorToPretyName
 0001:00022974       ColorToRGB
 0002:00000B20       ColumnClicks
 0002:00000B7C       ComboBoxExStyles
 0002:00000C48       ComboBoxStyles
 0002:00000B88       ComboExStyles
 0002:000028F8       ComCtl32DLL
 0002:00002B1C       ComCtlVersion
 0001:0003C70C       ComCtrls
 0002:00002BE8       CommandPool
 0001:0002A754       CommCtrl
 0001:0002D040       CommDlg
 0001:000006B8       Commit
 0002:00002624       committedRoot
 0001:0006B244       CompareDates
 0001:00058E24       CompareFront
 0001:00006EEC       CompareMem
 0001:0006B270       CompareNumeric
 0001:00006EBC       CompareStr
 0001:00005264       CompareString
 0001:00006F0C       CompareText
 0001:00007438       CompareWith
 0001:0001B470       ComponentCreated
 0001:00024F08       ComputeAldusChecksum
 0001:000305B8       ComStrs
 0001:000210BC       Consts
 0001:0002A194       Contnrs
 0002:00002B5A       ControlAtom
 0002:00002B60       ControlAtomString
 0001:00065034       ControlHasHelp
 0001:0005511C       Controls
 0001:0000A5C4       ConvertAddr
 0001:00008C64       ConvertEraString
 0001:00006D9C       ConvertErrorFmt
 0001:000387D4       ConvertFlags
 0001:00038640       ConvertMask
 0001:000387F8       ConvertStates
 0001:00008DCC       ConvertYearString
 0001:00004060       CopyArray
 0001:000272D4       CopyBitmap
 0001:0002799C       CopyBitmapAsMask
 0001:0000548C       CopyEnhMetaFile
 0001:00005C00       CopyMemory
 0001:00027938       CopyPalette
 0002:00000BA0       Copyright
 0001:0005BF14       CopyToBest
 0001:00014708       CoTaskMemAlloc
 0001:000146F8       CoUninitialize
 0001:0000B298       CountChars
 0002:000028C0       CounterLock
 0002:0000034C       CRangeToType
 0001:0000AAAC       CreateAssertException
 0001:0000AC34       CreateAVObject
 0001:00005494       CreateBitmap
 0001:0000549C       CreateBrushIndirect
 0001:000054A4       CreateCompatibleBitmap
 0001:000054AC       CreateCompatibleDC
 0001:0001B4F0       CreateComponent
 0001:000054BC       CreateDIBitmap
 0001:000054B4       CreateDIBSection
 0001:0000526C       CreateEvent
 0001:00005274       CreateFile
 0001:000054C4       CreateFontIndirect
 0001:000054CC       CreateHalftonePalette
 0001:00005704       CreateIcon
 0001:0000A9D8       CreateInOutError
 0001:0000570C       CreateMenu
 0001:0002EB3C       CreateMessageDialog
 0001:000054D4       CreatePalette
 0001:000054DC       CreatePenIndirect
 0001:00005714       CreatePopupMenu
 0001:000054E4       CreateSolidBrush
 0001:00024700       CreateSystemPalette
 0001:0000527C       CreateThread
 0001:00005CF4       CreateWindow
 0001:00005C9C       CreateWindowEx
 0002:00000CB4       CreationControl
 0002:000007DC       CreationControl
 0002:0000043C       CRelationshipToBoolean
 0002:00000310       CResult
 0002:00000138       cSimpleBoolStrs
 0002:000003E8       CText
 0002:00000DB0       Ctl3DStyles
 0002:00000CA0       Ctl3DStyles
 0002:0000261C       curAlloc
 0001:0001273C       CurrCompare
 0002:00002688       CurrencyDecimals
 0002:00002684       CurrencyFormat
 0002:00002680       CurrencyString
 0001:00008AFC       CurrentYear
 0001:00008694       CurrToStr
 0001:00011058       CurrToWStrViaOS
 0002:00000F90       CursorMap
 0002:00000CC4       Cursors
 0001:00046A0C       CursorToIdent
 0002:00000F80       cUseAlpha
 0002:00000F88       cUseColorKey
 0001:0006B288       CustomSortProc
 0001:00007148       CvtInt
 0001:000071B4       CvtInt64
 0002:00000178       CWNear
 0001:00012714       DateCompare
 0002:00002689       DateSeparator
 0001:000096E4       DateTimeToStr
 0001:00009688       DateTimeToString
 0001:00008754       DateTimeToTimeStamp
 0001:00011090       DateToWStrViaOS
 0001:00008AD4       DayOfWeek
 0002:00000174       DCon10
 0002:000004EC       DDBsOnly
 0001:00020C88       DeallocateHWnd
 0002:00000028       DebugHook
 0002:00002687       DecimalSeparator
 0001:00008AB4       DecodeDate
 0001:00008968       DecodeDateFully
 0001:00008808       DecodeTime
 0001:0000074C       Decommit
 0001:00000D68       DecommitFree
 0002:000025F8       decommittedRoot
 0001:00062CBC       Default
 0001:0006838C       Default
 0002:00000020       Default8087CW
 0002:00000CB8       DefaultDockTreeClass
 0001:000370A0       DefaultListViewSort
 0002:000025BC       DefaultUserCodePage
 0002:00000740       DefBrushData
 0002:000004C0       DefFontData
 0001:0000571C       DefFrameProc
 0002:00000204       DefLongDayNames
 0002:000001B8       DefLongMonthNames
 0001:00005724       DefMDIChildProc
 0002:00000720       DefPenData
 0002:000001E8       DefShortDayNames
 0002:00000188       DefShortMonthNames
 0001:0000572C       DefWindowProc
 0001:000042AC       DelayLoadResourceModule
 0001:00000408       DeleteBlock
 0001:00005284       DeleteCriticalSection
 0001:00000378       DeleteCriticalSection
 0001:000054EC       DeleteDC
 0001:000054F4       DeleteEnhMetaFile
 0001:00000BB0       DeleteFree
 0001:00005734       DeleteMenu
 0001:000054FC       DeleteObject
 0001:000422C8       DeleteSelectedText
 0001:00026E90       DeselectBitmap
 0001:0000573C       DestroyCursor
 0001:00005744       DestroyIcon
 0001:0003068C       DestroyLocals
 0001:0000574C       DestroyMenu
 0001:00005754       DestroyWindow
 0001:00043E98       DialogEnumerationTester
 0001:0002D800       DialogHook
 0001:0002F38C       Dialogs
 0002:0000077C       DIBPalSizes
 0002:0000008C       dig
 0002:00000B38       Directions
 0001:000600E0       DisableTaskWindows
 0001:0000575C       DispatchMessage
 0001:00066314       DispatchShortCut
 0002:00002000       DispCallByIDProc
 0001:00006D80       DivMod
 0001:0002D078       Dlgs
 0001:00067618       DoAlign
 0001:0004C630       DoAlign
 0001:000506E4       DoCalcConstraints
 0002:00002B90       DockSiteList
 0001:0005CB34       DoClick
 0001:0004DD74       DoControlMsg
 0001:00060090       DoDisableWindow
 0001:0004774C       DoDragOver
 0001:00006DE0       DoExitProc
 0001:00052754       DoFindControlZone
 0001:000601CC       DoFindWindow
 0001:00052CE0       DoFindZone
 0001:000527D8       DoForEach
 0001:000540E4       DoGetNextLimit
 0001:00060058       DoneApplication
 0001:00054E44       DoneControls
 0001:0000AF60       DoneExceptions
 0001:00064690       DoNestedActivation
 0001:0001F8A8       DoneThreadSynchronization
 0001:0004C1F0       DoPosition
 0001:00067468       DoPosition
 0001:0005370C       DoPrune
 0001:00053BE4       DoSaveZone
 0001:00053DE8       DoSetNewBounds
 0002:00000458       DotSep
 0001:00025390       DoWrite
 0001:00018960       DoWrite
 0001:00025FAC       DoWrite
 0001:00057484       DoWrite
 0001:0004D35C       DoWriteDesignSize
 0001:0004ADC8       DoWriteIsControl
 0002:00002B74       DragCapture
 0002:00002B68       DragControl
 0001:00047E94       DragDone
 0001:000476FC       DragFindTarget
 0001:000476D0       DragFindWindow
 0002:00002B8C       DragImageList
 0001:00047AEC       DragInit
 0001:00047C5C       DragInitControl
 0002:00002B70       DragInternalObject
 0001:00047618       DragMessage
 0002:00002B6C       DragObject
 0002:00002B98       DragSave
 0002:00002B80       DragSaveCursor
 0002:00002B78       DragStartPos
 0002:00002B84       DragThreshold
 0001:0004781C       DragTo
 0001:000683C8       DrawAppIcon
 0001:00053278       DrawCloseButton
 0001:00005764       DrawEdge
 0001:0000576C       DrawFocusRect
 0001:00005774       DrawFrameControl
 0001:000532D0       DrawGrabberLine
 0001:0000577C       DrawIcon
 0001:00005784       DrawIconEx
 0002:00000DEC       DrawingStyles
 0001:0000578C       DrawMenuBar
 0001:0005DE74       DrawMenuItem
 0001:00005794       DrawText
 0002:00002988       DrawThemeBackground
 0002:000029AC       DrawThemeEdge
 0002:000029B0       DrawThemeIcon
 0002:00002A34       DrawThemeParentBackground
 0002:0000298C       DrawThemeText
 0001:000241D0       DupBits
 0001:00004078       DynArrayClear
 0001:00004080       DynArraySetLength
 0002:00000ED8       EdgeStyle
 0002:00000DA0       EdgeStyles
 0002:00000C90       EdgeStyles
 0002:00000AD8       EditStyles
 0001:0000A9AC       EHeapException.FreeInstance
 0001:0000579C       EmptyClipboard
 0001:000125A0       EmptyCompare
 0002:000027FC       EmptyParam
 0002:000000BC       EmptyStr
 0002:000000C0       EmptyWideStr
 0001:000057A4       EnableMenuItem
 0002:00000E70       Enables
 0001:000057AC       EnableScrollBar
 0001:00060194       EnableTaskWindows
 0002:00002A1C       EnableThemeDialogTexture
 0002:00002A38       EnableTheming
 0001:000057B4       EnableWindow
 0001:000171E0       EndGlobalLoading
 0001:000057BC       EndPaint
 0001:0000528C       EnterCriticalSection
 0001:00000368       EnterCriticalSection
 0001:00005294       EnumCalendarInfoA
 0002:0000291C       EnumDisplayMonitors
 0001:0000A238       EnumEraNames
 0001:0000A274       EnumEraYearOffsets
 0001:00063280       EnumMonitorsProc
 0001:000057C4       EnumThreadWindows
 0001:0001ACA0       EnumValue
 0001:000057CC       EnumWindows
 0001:000057D4       EqualRect
 0002:00002750       EraNames
 0001:0000995C       EraToYear
 0002:0000276C       EraYearOffsets
 0002:00000064       errCaption
 0001:00001828       Error
 0001:0001A484       Error
 0001:00058B74       Error
 0001:000166EC       Error
 0002:00000004       ErrorAddr
 0001:000017DC       ErrorAt
 0001:0000AA58       ErrorHandler
 0002:00000220       ErrorMap
 0002:00002008       ErrorProc
 0002:000023E4       ErrOutput
 0001:0000177C       ExceptAddr
 0002:0000200C       ExceptClsProc
 0001:0000AECC       ExceptHandler
 0001:0000A820       Exception.Create
 0001:0000A85C       Exception.CreateFmt
 0001:0000A8DC       Exception.CreateRes
 0001:0000A918       Exception.CreateResFmt
 0002:0000201C       ExceptionClass
 0001:0000A5D0       ExceptionErrorMessage
 0002:00000258       ExceptMap
 0001:0000175C       ExceptObject
 0002:00002010       ExceptObjProc
 0002:00002004       ExceptProc
 0001:00005504       ExcludeClipRect
 0002:00000000       ExitCode
 0001:00002E50       ExitDll
 0002:00002044       ExitProc
 0001:00000234       ExitProcess
 0002:00002024       ExitProcessProc
 0002:00000134       ExitProcList
 0001:000077AC       ExpandFileName
 0001:0002DAD8       ExplorerHook
 0001:00030948       ExtActns
 0001:00030548       ExtCtrls
 0001:000307B4       ExtDlgs
 0001:00007764       ExtractFileExt
 0001:0000772C       ExtractFileName
 0001:0002E150       ExtractFileName
 0001:0002E198       ExtractFileNames
 0001:000076F8       ExtractFilePath
 0001:0000550C       ExtTextOut
 0002:0000278C       FalseBoolStrs
 0002:00002AB8       FClipboard
 0002:00000168       FCon1E18
 0001:00007670       FileClose
 0001:000075D8       FileCreate
 0001:000075B4       FileCreate
 0002:00000774       FileFormats
 0002:00000008       FileMode
 0001:0000755C       FileOpen
 0001:000075E0       FileRead
 0002:00000484       FilerSignature
 0001:00007638       FileSeek
 0001:0000760C       FileWrite
 0001:00000C98       FillAfterGap
 0001:00000C44       FillBeforeGap
 0001:00000D30       FillerSizeAfterGap
 0001:00000CC0       FillerSizeBeforeGap
 0001:000057DC       FillRect
 0001:0003083C       Finalization
 0001:00014710       Finalization
 0001:000308A0       Finalization
 0001:0002A724       Finalization
 0001:0005E150       Finalization
 0001:00057BD4       Finalization
 0001:00030654       Finalization
 0001:000308F8       Finalization
 0001:000305C0       Finalization
 0001:00030588       Finalization
 0001:00030500       Finalization
 0001:0000619C       Finalization
 0001:0002F330       Finalization
 0001:00004E54       Finalization
 0001:0003255C       Finalization
 0001:0002D048       Finalization
 0001:00014698       Finalization
 0001:00005E7C       Finalization
 0001:0002D010       Finalization
 0001:0002CFD0       Finalization
 0001:0002CF30       Finalization
 0001:0002AEA4       Finalization
 0001:0006A684       Finalization
 0001:00005E44       Finalization
 0001:0002AEE4       Finalization
 0001:0002CEF8       Finalization
 0001:0002CEC0       Finalization
 0001:0006A5DC       Finalization
 0001:0002BECC       Finalization
 0001:0002BF14       Finalization
 0001:0002CE88       Finalization
 0001:0002CE48       Finalization
 0001:0000C760       Finalization
 0001:0002CE10       Finalization
 0001:00005084       Finalization
 0001:0002CDA0       Finalization
 0001:00005140       Finalization
 0001:00044110       Finalization
 0001:00020CB0       Finalization
 0001:00013908       Finalization
 0001:0002108C       Finalization
 0001:0002BF4C       Finalization
 0001:000136F4       Finalization
 0001:0000D11C       Finalization
 0001:0004348C       Finalization
 0001:0006ADC8       Finalization
 0001:00043324       Finalization
 0001:0003D0D4       Finalization
 0001:0006AD90       Finalization
 0001:0003C694       Finalization
 0001:0002C41C       Finalization
 0001:00056478       Finalization
 0001:000307D4       Finalization
 0001:00029CCC       Finalization
 0001:0006C5BC       Finalization
 0001:00029EAC       Finalization
 0001:0006C5F4       Finalization
 0001:0002A164       Finalization
 0001:000550B4       Finalization
 0001:00030724       Finalization
 0001:00030784       Finalization
 0001:0002C270       Finalization
 0001:00004070       FinalizeArray
 0001:00002C84       FinalizeUnits
 0001:0005C8F4       Find
 0001:0001D7D4       FindAncestor
 0001:0000431C       FindBS
 0001:00016C08       FindClass
 0001:000042A4       FindClassHInstance
 0001:00000244       FindClose
 0001:00000C14       FindCommitted
 0001:000467EC       FindControl
 0001:00052F0C       FindControlAtPos
 0001:000135F4       FindCustomVariantType
 0001:0001353C       FindCustomVariantType
 0001:000481B8       FindDragTarget
 0001:0001B6A0       FindExistingComponent
 0001:0000024C       FindFirstFile
 0001:00017070       FindGlobalComponent
 0001:000602D8       FindGlobalComponent
 0002:00002860       FindGlobalComponentProcs
 0001:0000427C       FindHInstance
 0001:00016F18       FindIdentToInt
 0001:00016E9C       FindIntToIdent
 0002:00002A78       FindMsg
 0001:0001A830       FindNestedComponent
 0001:00058B3C       FindPopupControl
 0001:0000CDE4       FindProc
 0001:0000529C       FindResource
 0001:000042F4       FindResourceHInstance
 0001:00069E30       FindScanline
 0001:00060230       FindTopMostWindow
 0001:0001C584       FindUniqueName
 0001:000130E0       FindVarData
 0001:00048184       FindVCLWindow
 0001:000057E4       FindWindow
 0001:00043EF0       FindWinHelp
 0001:00027288       FixupBitFields
 0002:00000EE8       Flags
 0002:0000279C       FLanguages
 0001:0002C2A0       FlatSB
 0002:00002948       FlatSB_EnableScrollBar
 0002:00002954       FlatSB_GetScrollInfo
 0002:00002958       FlatSB_GetScrollPos
 0002:00002950       FlatSB_GetScrollRange
 0002:00002960       FlatSB_SetScrollInfo
 0002:0000295C       FlatSB_SetScrollPos
 0001:0002BF90       FlatSB_SetScrollProp
 0002:00002964       FlatSB_SetScrollRange
 0002:0000294C       FlatSB_ShowScrollBar
 0002:00001014       fLibHandle
 0001:00008324       FloatToDecimal
 0001:00008664       FloatToStr
 0001:00008050       FloatToText
 0001:00001B0C       Flush
 0002:0000017C       FMSecsPerDay
 0001:00007F4C       FmtStr
 0002:00000F04       FocusCount
 0002:00000F00       FocusMessages
 0002:00000690       FontCharsets
 0002:000028D8       FontManager
 0002:000007D8       ForceCurrentDirectory
 0001:000602AC       ForegroundTask
 0002:00002CA4       Form1
 0001:00007F38       Format
 0002:00000184       Format
 0001:00007B40       FormatBuf
 0001:00007B34       FormatClearStr
 0001:00007AB8       FormatError
 0002:00000160       FormatErrorStrs
 0001:000052A4       FormatMessage
 0001:00007B10       FormatVarToStr
 0001:0006A638       Forms
 0001:00001DB8       FPower10
 0002:000007C4       FPrinter
 0001:000057EC       FrameRect
 0001:0000C340       FreeAndNil
 0001:00000980       FreeCommitted
 0001:00000EA0       FreeCurAlloc
 0001:00048278       FreeDeviceContext
 0001:00048334       FreeDeviceContexts
 0001:00020A7C       FreeIntConstList
 0001:000052AC       FreeLibrary
 0001:00000254       FreeLibrary
 0001:00026DE4       FreeMemoryContexts
 0001:0006036C       FreeObjectInstance
 0001:00020BB0       FreeObjectInstance
 0001:000052BC       FreeResource
 0001:00000600       FreeSpace
 0001:0000BEAC       FreeTerminateProcs
 0001:0002C454       FreeThemeLibrary
 0002:00002C68       free_nfs_srvr_list
 0002:00002B18       FRichEditModule
 0001:000241C0       GDICheck
 0001:00024118       GDIError
 0001:00001A70       Get8087CW
 0001:000052C4       GetACP
 0001:000057F4       GetActiveWindow
 0001:00067AF4       GetAnimation
 0001:0002E498       GetAveCharSize
 0001:00005514       GetBitmapBits
 0001:00000380       GetBlockDesc
 0001:0000551C       GetBrushOrgEx
 0001:000057FC       GetCapture
 0001:00046AB4       GetCaptureControl
 0001:00016BB4       GetClass
 0001:00005804       GetClassInfo
 0001:0000580C       GetClassName
 0001:00005814       GetClientRect
 0001:0000581C       GetClipboardData
 0001:00025B58       GetClipboardFormats
 0001:00005524       GetClipBox
 0001:0000031C       GetCmdShow
 0001:00056648       GetColor
 0001:00035360       GetComCtlVersion
 0001:0000025C       GetCommandLine
 0001:000007CC       GetCommitted
 0001:0000085C       GetCommittedAt
 0001:0001EB8C       GetComponentValue
 0001:0004D928       GetControlAtPos
 0001:00008BC0       GetCount
 0001:000052CC       GetCPInfo
 0001:0000552C       GetCurrentPositionEx
 0001:000052D4       GetCurrentProcessId
 0002:00002A2C       GetCurrentThemeName
 0001:0000030C       GetCurrentThreadId
 0001:000052DC       GetCurrentThreadId
 0001:00005BF8       GetCurrentTime
 0001:00005824       GetCursor
 0001:00069E40       GetCursorHeightMargin
 0001:0000582C       GetCursorPos
 0001:00008BEC       GetDate
 0001:000052E4       GetDateFormat
 0001:00009874       GetDateOrder
 0001:00005834       GetDC
 0001:0000583C       GetDCEx
 0001:00005534       GetDCOrgEx
 0001:000298DC       GetDefFontCharSet
 0001:00017F08       GetDesigner
 0001:00005844       GetDesktopWindow
 0001:0000554C       GetDeviceCaps
 0001:00025120       GetDIB
 0001:0000553C       GetDIBColorTable
 0001:00005544       GetDIBits
 0001:00025068       GetDIBSizes
 0001:00024330       GetDInColors
 0001:000052EC       GetDiskFreeSpaceA
 0002:00000130       GetDiskFreeSpaceEx
 0001:0000584C       GetDlgItem
 0001:000541C4       GetDockAlign
 0001:0004745C       GetDockSiteAtPos
 0001:00047788       GetDropCtl
 0001:00002438       GetDynaMethod
 0001:00005554       GetEnhMetaFileBits
 0001:0000555C       GetEnhMetaFileHeader
 0001:00005564       GetEnhMetaFilePaletteEntries
 0001:00013978       GetEnumName
 0001:00013A50       GetEnumNameValue
 0001:00013A9C       GetEnumValue
 0001:0000A2EC       GetEraNamesAndYearOffsets
 0001:00009908       GetEraYearOffset
 0001:0000AC1C       GetExceptionClass
 0001:0000AE00       GetExceptionObject
 0001:00016B3C       GetFieldClassTable
 0001:00025B38       GetFileFormats
 0001:0000B070       GetFileVersion
 0001:0000546C       GetFileVersionInfo
 0001:00005474       GetFileVersionInfoSize
 0001:00014124       GetFloatProp
 0001:00005854       GetFocus
 0001:00022BAC       GetFontData
 0001:0000585C       GetForegroundWindow
 0001:0000B930       GetFormatSettings
 0001:000052F4       GetFullPathName
 0001:00022118       GetHashCode
 0001:0006506C       GetHelpInfo
 0001:0002B364       GetHelpSystem
 0001:000678D8       GetHint
 0001:00067910       GetHintControl
 0001:0005DFF0       GetHotkey
 0001:00005864       GetIconInfo
 0001:00014540       GetInt64Prop
 0001:000145A4       GetInterfaceProp
 0001:0000587C       GetKeyboardLayout
 0001:00005884       GetKeyboardLayoutList
 0001:0000588C       GetKeyboardState
 0001:000020A4       GetKeyboardType
 0001:0000586C       GetKeyNameText
 0001:00005874       GetKeyState
 0001:00005894       GetLastActivePopup
 0001:0005248C       GetLastChildZone
 0001:000052FC       GetLastError
 0001:00036CFC       GetLength
 0001:0000A0B0       GetLocaleChar
 0001:0000530C       GetLocaleInfo
 0001:00000264       GetLocaleInfo
 0001:0000A064       GetLocaleStr
 0001:00005304       GetLocalTime
 0001:00046A70       GetLongHint
 0001:00013DCC       GetLongStrProp
 0001:0000589C       GetMenu
 0001:00064FF4       GetMenuHelpContext
 0001:000058A4       GetMenuItemCount
 0001:000058AC       GetMenuItemID
 0001:000058B4       GetMenuItemInfo
 0001:0005B140       GetMenuSize
 0001:000058BC       GetMenuState
 0001:000058C4       GetMenuString
 0001:000058CC       GetMessagePos
 0001:000144C8       GetMethodProp
 0001:00005314       GetModuleFileName
 0001:0000026C       GetModuleFileName
 0001:00000274       GetModuleHandle
 0001:0000531C       GetModuleHandle
 0001:00004F7C       GetModuleHandle
 0002:00002910       GetMonitorInfo
 0002:00002914       GetMonitorInfoA
 0002:00002918       GetMonitorInfoW
 0001:0000A114       GetMonthDayNames
 0001:000058D4       GetNextWindow
 0001:0000556C       GetObject
 0001:0002D008       GetOpenFileName
 0001:00013BF4       GetOrdProp
 0001:00005574       GetPaletteEntries
 0001:00001908       GetParamStr
 0001:000058DC       GetParent
 0001:000604C0       GetParentForm
 0001:0000557C       GetPixel
 0001:00005324       GetProcAddress
 0001:0000027C       GetProcAddress
 0001:000058E4       GetProp
 0001:00013B00       GetPropInfo
 0001:00013B70       GetPropInfos
 0001:00060980       GetRealScrollPosition
 0001:00056628       GetRGBColor
 0001:000058EC       GetScrollInfo
 0001:000058F4       GetScrollPos
 0001:000058FC       GetScrollRange
 0001:00046A2C       GetShortHint
 0001:00013CC4       GetShortStrProp
 0001:00013D5C       GetShortStrPropAsLongStr
 0001:00000524       GetSpace
 0001:00000588       GetSpaceAt
 0001:00058BCC       GetSpecialName
 0001:00000284       GetStartupInfo
 0001:0000532C       GetStdHandle
 0001:00000204       GetStdHandle
 0001:00005584       GetStockObject
 0001:00005334       GetStringTypeEx
 0001:00013EFC       GetStrProp
 0001:00005904       GetSubMenu
 0001:0000590C       GetSysColor
 0001:00005914       GetSysColorBrush
 0001:0000533C       GetSystemInfo
 0001:0000591C       GetSystemMenu
 0002:00002900       GetSystemMetrics
 0001:00005924       GetSystemMetrics
 0001:0000558C       GetSystemPaletteEntries
 0001:0006B404       GetTempFile
 0001:00005344       GetTempFileName
 0001:0000534C       GetTempPath
 0001:0000559C       GetTextExtentPoint
 0001:00005594       GetTextExtentPoint32
 0001:000055A4       GetTextMetrics
 0002:00002A24       GetThemeAppProperties
 0002:00002990       GetThemeBackgroundContentRect
 0002:00002994       GetThemeBackgroundExtent
 0002:000029A4       GetThemeBackgroundRegion
 0002:000029C8       GetThemeBool
 0002:000029BC       GetThemeColor
 0002:00002A30       GetThemeDocumentationProperty
 0002:000029D0       GetThemeEnumValue
 0002:000029F0       GetThemeFilename
 0002:000029D8       GetThemeFont
 0002:000029CC       GetThemeInt
 0002:000029E4       GetThemeIntList
 0002:000029E0       GetThemeMargins
 0002:000029C0       GetThemeMetric
 0002:00002998       GetThemePartSize
 0002:000029D4       GetThemePosition
 0002:000029E8       GetThemePropertyOrigin
 0002:000029DC       GetThemeRect
 0002:000029C4       GetThemeString
 0002:000029FC       GetThemeSysBool
 0002:000029F4       GetThemeSysColor
 0002:000029F8       GetThemeSysColorBrush
 0002:00002A04       GetThemeSysFont
 0002:00002A0C       GetThemeSysInt
 0002:00002A00       GetThemeSysSize
 0002:00002A08       GetThemeSysString
 0002:0000299C       GetThemeTextExtent
 0002:000029A0       GetThemeTextMetrics
 0001:00005354       GetThreadLocale
 0001:0000028C       GetThreadLocale
 0001:0000535C       GetTickCount
 0001:00008C24       GetTime
 0001:00004FA8       GetTlsSize
 0001:000680A4       GetTopMostWindows
 0001:00046BBC       GetTopParent
 0001:0000592C       GetTopWindow
 0001:0001396C       GetTypeData
 0001:00013200       GetVarDataArrayInfo
 0001:00014448       GetVariantProp
 0001:00005364       GetVersion
 0001:00000314       GetVersion
 0001:0000536C       GetVersionEx
 0001:00013F68       GetWideStrProp
 0001:00013E4C       GetWideStrPropAsLongStr
 0001:00005934       GetWindow
 0001:0000593C       GetWindowDC
 0001:00005944       GetWindowLong
 0001:000055B4       GetWindowOrgEx
 0001:0000594C       GetWindowPlacement
 0001:00005954       GetWindowRect
 0001:0000595C       GetWindowText
 0002:00002A18       GetWindowTheme
 0001:00005964       GetWindowThreadProcessId
 0001:0000596C       GetWindowThreadProcessId
 0001:000055AC       GetWinMetaFileBits
 0001:00005374       GlobalAddAtom
 0001:0000537C       GlobalAlloc
 0001:00005C0C       GlobalAllocPtr
 0001:00005384       GlobalDeleteAtom
 0001:0000538C       GlobalFindAtom
 0002:00002864       GlobalFixupList
 0001:0001A978       GlobalFixupReferences
 0001:00005394       GlobalFree
 0001:00005C38       GlobalFreePtr
 0001:000053A4       GlobalHandle
 0001:0000539C       GlobalLock
 0002:00002848       GlobalNameSpace
 0001:000053AC       GlobalReAlloc
 0001:00005C1C       GlobalReAllocPtr
 0001:000053B4       GlobalUnlock
 0001:00029DA0       Graphics
 0001:00016D30       GroupDescendentsWith
 0001:0000DCB8       HandleConversionException
 0001:00065274       HandleEdge
 0001:0001BDDC       HandleException
 0001:0003FD38       HasPopup
 0001:0004229C       HasSelectedText
 0002:00000024       HeapAllocFlags
 0002:000025C4       heapErrorCode
 0002:000025C8       heapLock
 0001:0002BF0C       HelpIntfs
 0002:0000293C       HelpManager
 0002:00002A74       HelpMsg
 0002:00002B44       HelpViewer
 0002:00002B48       HelpViewerIntf
 0002:0000012C       HexDisplayPrefix
 0002:00000AE8       HideSelections
 0002:00000C38       HideSelections
 0001:00054240       HideZone
 0002:00002664       HInstance
 0002:00002C00       HintDoneEvent
 0001:000679E0       HintGetMsgHook
 0002:00002C04       HintHook
 0001:00067984       HintMouseThread
 0002:00002C08       HintThread
 0002:00002BFC       HintThreadID
 0001:00067930       HintTimerProc
 0002:00000EF8       HintWindowClass
 0002:000029A8       HitTestThemeBackground
 0001:00005BF4       HiWord
 0001:00067A24       HookHintHooks
 0001:00005D4C       HwndMSWheel
 0002:00000B64       IAlignment
 0002:00000E8C       IBreaks
 0002:00000E98       IChecks
 0002:00000854       IconIDs
 0002:00000EA0       IDefaults
 0001:00022B9C       IdentToCharset
 0001:00022994       IdentToColor
 0001:00046A1C       IdentToCursor
 0001:00016F94       IdentToInt
 0002:00000EA8       IEnables
 0001:0005BEE4       IfHotkeyAvailable
 0002:00002BD8       ImageListWriteExProc
 0001:0002A250       ImageList_Add
 0001:0002A270       ImageList_AddIcon
 0001:0002A298       ImageList_BeginDrag
 0001:0002A238       ImageList_Create
 0001:0002A240       ImageList_Destroy
 0001:0002A2A8       ImageList_DragEnter
 0001:0002A2B0       ImageList_DragLeave
 0001:0002A2B8       ImageList_DragMove
 0001:0002A2C8       ImageList_DragShowNolock
 0001:0002A280       ImageList_Draw
 0001:0002A288       ImageList_DrawEx
 0001:0002A2A0       ImageList_EndDrag
 0001:0002A268       ImageList_GetBkColor
 0001:0002A2D0       ImageList_GetDragImage
 0001:0002A2E8       ImageList_GetIconSize
 0001:0002A248       ImageList_GetImageCount
 0001:0002A2D8       ImageList_Read
 0001:0002A290       ImageList_Remove
 0001:0002A258       ImageList_ReplaceIcon
 0001:0002A260       ImageList_SetBkColor
 0001:0002A2C0       ImageList_SetDragCursorImage
 0001:0002A2F0       ImageList_SetIconSize
 0001:0002A2E0       ImageList_Write
 0002:00000DFC       Images
 0001:00057C04       ImgList
 0001:0002AF14       Imm
 0002:00000DE0       IMM32DLL
 0001:00054E30       Imm32IsIME
 0002:00000180       IMSecsPerDay
 0001:0000E044       InBounds
 0001:0000DDA4       InBounds
 0001:0000DDD4       Increment
 0001:0000E074       Increment
 0001:0002A27C       IndexToOverlayMask
 0001:0002A33C       IndexToStateImageMask
 0001:00005974       InflateRect
 0001:0003081C       IniFiles
 0001:00000A0C       InitAllocator
 0001:0002A75C       InitAnApi
 0002:00002928       InitApis
 0001:0002A1A4       InitComCtl
 0001:0003530C       InitCommonControl
 0001:0002A19C       InitCommonControls
 0001:0002A204       InitCommonControlsEx
 0001:0001723C       InitComponent
 0002:00002634       InitContext
 0001:00054ECC       InitControls
 0001:00029920       InitDefFontData
 0001:0000BECC       InitDriveSpacePtr
 0001:0000AEDC       InitExceptions
 0001:0002BFEC       InitFlatSB
 0001:0002F1DC       InitGlobals
 0001:00024F20       InitializeBitmapInfoHeader
 0001:000053BC       InitializeCriticalSection
 0001:00000360       InitializeCriticalSection
 0002:000025C0       initialized
 0001:0002BFC4       InitializeFlatSB
 0001:00005034       InitializeModule
 0001:0000CE10       InitializeVarUtils
 0001:00054AD0       InitIMM32
 0001:000172E4       InitInheritedComponent
 0001:0000B744       InitLeadBytes
 0001:0002AE38       InitMultiMonStubs
 0001:0000AFE0       InitPlatformId
 0002:00002040       InitProc
 0001:0006A550       InitProcs
 0001:000298A4       InitScreenLogPixels
 0001:0000B7BC       InitSysLocale
 0001:0002C614       InitThemeLibrary
 0001:0001F874       InitThreadSynchronization
 0001:00004FB0       InitThreadTLS
 0001:00002CE4       InitUnits
 0001:00046700       InitWndProc
 0002:00000C70       InnerStyles
 0002:00000D80       InnerStyles
 0002:0000204C       Input
 0001:00067408       InsertBefore
 0001:0004C164       InsertBefore
 0001:00000E18       InsertFree
 0001:0005BF98       InsertHotkeyFarEastFormat
 0001:0000597C       InsertMenu
 0001:00005984       InsertMenuItem
 0002:00002880       InstBlockList
 0002:00002884       InstFreeList
 0001:000126B0       Int64Compare
 0001:0001269C       IntCompare
 0002:00002858       IntConstList
 0001:0000BF34       InterlockedDecrement
 0001:00000304       InterlockedDecrement
 0001:0000BF40       InterlockedExchange
 0001:000052B4       InterlockedExchange
 0001:0000BF48       InterlockedExchangeAdd
 0001:0000BF28       InterlockedIncrement
 0001:000002FC       InterlockedIncrement
 0001:000220A4       InternalDeletePalette
 0001:00001AC4       InternalFlush
 0001:00000C74       InternalFreeMem
 0001:00025070       InternalGetDIB
 0001:00025004       InternalGetDIBSizes
 0001:000170D4       InternalReadComponentRes
 0002:00002B2C       InternalServices
 0001:000034C8       InternalUniqueString
 0001:000055BC       IntersectClipRect
 0001:0000598C       IntersectRect
 0001:000072A8       IntToHex
 0001:00016FD4       IntToIdent
 0001:00007194       IntToStr
 0001:00007280       IntToStr
 0001:00005994       InvalidateRect
 0001:000240A0       InvalidBitmap
 0001:00024088       InvalidGraphic
 0001:000240AC       InvalidIcon
 0001:000240B8       InvalidMetafile
 0001:00024070       InvalidOperation
 0001:000160A8       InvalidPoint
 0001:000160BC       InvalidPoint
 0002:00002798       InvalidPointer
 0001:000022F0       InvokeImplGetter
 0001:000018A8       IOResult
 0002:00000EC8       IOwnerDraw
 0002:00000EB0       IRadios
 0002:00000EC0       IRTL
 0001:00060450       IsAccel
 0001:0005D148       IsAccelChar
 0002:00002A14       IsAppThemed
 0001:00047214       IsBeforeTargetWindow
 0001:0000599C       IsChild
 0002:00002048       IsConsole
 0001:0001E2E8       IsDefault
 0001:0001E164       IsDefaultFloatProp
 0001:0001E1C0       IsDefaultInt64Prop
 0001:0001E48C       IsDefaultInterfaceProp
 0001:0001E568       IsDefaultMethodProp
 0001:0001E340       IsDefaultObjectProp
 0001:0001E10C       IsDefaultOrdProp
 0001:0001E678       IsDefaultPropertyValue
 0001:0001E218       IsDefaultStrProp
 0001:0001E3C0       IsDefaultValue
 0001:0001E5E0       IsDefaultVariantProp
 0001:0000B4C0       IsDelimiter
 0001:00047670       IsDelphiHandle
 0001:000059A4       IsDialogMessage
 0002:00000EB8       ISeparators
 0001:000059AC       IsIconic
 0001:0005D1A4       IsInitialChar
 0001:00008864       IsLeapYear
 0002:00002034       IsLibrary
 0002:00002049       IsMultiThread
 0001:00051EF0       IsOrientationSet
 0001:0000B48C       IsPathDelimiter
 0001:000059B4       IsRectEmpty
 0001:00047418       IsSiteChildOfClient
 0001:00013BC4       IsStoredProp
 0002:00002A10       IsThemeActive
 0002:000029B8       IsThemeBackgroundPartiallyTransparent
 0002:00002A20       IsThemeDialogTextureEnabled
 0002:000029B4       IsThemePartDefined
 0001:000170B0       IsUniqueGlobalComponentName
 0002:0000284C       IsUniqueGlobalComponentNameProc
 0001:0006B1B8       IsValidDate
 0001:000070E4       IsValidIdent
 0001:0006B15C       IsValidNumber
 0001:0000B7A4       IsWesternGroup
 0001:000059BC       IsWindow
 0001:000059C4       IsWindowEnabled
 0001:000059CC       IsWindowVisible
 0001:000059D4       IsZoomed
 0001:00058F98       Iterate
 0001:00058FF8       IterateMenus
 0002:0000002C       JITEnable
 0001:00060404       KeyboardStateToShiftState
 0001:000603C8       KeyDataToShiftState
 0001:00060374       KeysToShiftState
 0001:000059DC       KillTimer
 0001:000076A8       LastDelimiter
 0001:0000B6D0       LCIDToCodePage
 0001:00004DE0       LCIDToCodePage
 0002:0000010C       LeadBytes
 0001:000053C4       LeaveCriticalSection
 0001:00000370       LeaveCriticalSection
 0002:00000034       LibModuleList
 0001:0006ADC0       libnfs
 0001:0006A6BC       lib_free
 0001:0006A6C8       lib_init
 0001:000055C4       LineTo
 0001:0003258C       ListActns
 0001:00048200       ListAdd
 0001:00031798       ListItemsCompare
 0001:00048228       ListRemove
 0002:0000274E       ListSeparator
 0001:0002A450       ListView_Arrange
 0001:0002A4FC       ListView_CreateDragImage
 0001:0002A3A0       ListView_DeleteAllItems
 0001:0002A4A8       ListView_DeleteColumn
 0001:0002A388       ListView_DeleteItem
 0001:0002A3D8       ListView_FindItem
 0001:0002A5D0       ListView_GetCheckState
 0001:0002A6CC       ListView_GetColumnOrderArray
 0001:0002A4C0       ListView_GetColumnWidth
 0001:0002A468       ListView_GetEditControl
 0001:0002A714       ListView_GetHoverTime
 0001:0002A340       ListView_GetItem
 0001:0002A32C       ListView_GetItemCount
 0001:0002A3E8       ListView_GetItemRect
 0001:0002A5C0       ListView_GetItemState
 0001:0002A3B4       ListView_GetNextItem
 0001:0002A558       ListView_GetOrigin
 0001:0002A688       ListView_GetSelectedCount
 0001:0002A548       ListView_GetTopIndex
 0001:0002A424       ListView_HitTest
 0001:0002A498       ListView_InsertColumn
 0001:0002A370       ListView_InsertItem
 0001:0002A434       ListView_RedrawItems
 0001:0002A2F8       ListView_SetBkColor
 0001:0002A5F0       ListView_SetCheckState
 0001:0002A47C       ListView_SetColumn
 0001:0002A6B0       ListView_SetColumnOrderArray
 0001:0002A4D8       ListView_SetColumnWidth
 0001:0002A698       ListView_SetExtendedListViewStyle
 0001:0002A704       ListView_SetHoverTime
 0001:0002A310       ListView_SetImageList
 0001:0002A358       ListView_SetItem
 0001:0002A64C       ListView_SetItemCount
 0001:0002A65C       ListView_SetItemCountEx
 0001:0002A590       ListView_SetItemState
 0001:0002A61C       ListView_SetItemText
 0001:0002A530       ListView_SetTextBkColor
 0001:0002A518       ListView_SetTextColor
 0001:0002A6E8       ListView_SetWorkAreas
 0001:0002A66C       ListView_SortItems
 0001:0002A570       ListView_Update
 0001:000059E4       LoadBitmap
 0001:000059EC       LoadCursor
 0001:000059F4       LoadIcon
 0001:000059FC       LoadKeyboardLayout
 0001:000053CC       LoadLibrary
 0001:000053D4       LoadLibraryA
 0001:00000294       LoadLibraryEx
 0001:000053DC       LoadResource
 0001:000044E8       LoadResourceModule
 0001:00004D88       LoadResString
 0001:00005A04       LoadString
 0001:0000029C       LoadString
 0001:00004F84       LocalAlloc
 0001:00000340       LocalAlloc
 0001:00000348       LocalFree
 0001:0000A0D8       LocalGetLocaleStr
 0002:00002A48       Lock
 0001:000053E4       LockResource
 0002:00002690       LongDateFormat
 0002:00002724       LongDayNames
 0002:000026D8       LongMonthNames
 0002:000026A4       LongTimeFormat
 0001:00006E80       LowerCase
 0001:0000545C       lstrcmp
 0001:00005464       lstrcpy
 0001:000002A4       lstrcpyn
 0002:00002820       LVarTypes
 0002:00002824       LVarTypeSync
 0002:00002CAC       LvSortOrder
 0002:00002CA8       LvSortStyle
 0002:0000202C       MainInstance
 0002:00002030       MainThreadID
 0001:000003D0       MakeEmpty
 0001:00002DF4       MakeErrorMessage
 0002:00000DCC       MakeLast
 0001:00005BE8       MakeLong
 0001:00005C8C       MakeLParam
 0001:00020B18       MakeObjectInstance
 0001:00060358       MakeObjectInstance
 0001:00005C4C       MakeROP4
 0001:00005BD4       MakeWord
 0001:00005C84       MakeWParam
 0001:0000AB9C       MapException
 0001:000308F0       Mapi
 0002:00000AA0       MAPIDLL
 0002:00000AA4       MAPIModule
 0001:00002AFC       MapToRunError
 0001:00005A0C       MapVirtualKey
 0001:00005A14       MapWindowPoints
 0002:00000E04       Mask
 0001:000055CC       MaskBlt
 0001:00029EDC       Math
 0001:00029EA4       Max
 0001:00062D08       MaximizedChildren
 0002:0000003C       MemoryManager
 0002:00000E20       MenuKeyCaps
 0001:0005E1C0       Menus
 0001:00000420       MergeBlockAfter
 0001:00000EEC       MergeCommit
 0001:00005A1C       MessageBeep
 0001:00005A24       MessageBox
 0001:0000023C       MessageBox
 0001:0002F0E0       MessageDlgPos
 0001:0002F104       MessageDlgPosHelp
 0001:00005EAC       Messages
 0001:00017B2C       Min
 0001:00029E9C       Min
 0001:0004BAAC       MinVar
 0002:00002930       MMAvailable
 0002:000008C0       ModalResults
 0002:00000DE4       ModeMap
 0001:00064A00       ModifySystemMenu
 0002:000000A4       Module
 0002:00002661       ModuleIsCpp
 0002:00002660       ModuleIsLib
 0001:00020AE8       ModuleUnload
 0002:00000038       ModuleUnloadList
 0002:0000290C       MonitorFromPoint
 0002:00002908       MonitorFromRect
 0002:00002904       MonitorFromWindow
 0002:000000DC       MonthDays
 0002:00002C70       mount_free_export_list
 0002:00002C6C       mount_getexports
 0002:00002B4C       Mouse
 0001:000018C8       Move
 0001:000055D4       MoveToEx
 0001:00048248       MoveWindowOrg
 0001:000053EC       MulDiv
 0001:000002B4       MultiByteToWideChar
 0001:00069FF4       MultiLineWidth
 0001:0002AED4       MultiMon
 0002:00000AE0       MultiSelections
 0002:00002685       NegCurrFormat
 0001:00000F78       NewCommit
 0001:00000FA4       NewCommitAt
 0002:00002B50       NewStyleControls
 0001:0000B450       NextCharIndex
 0001:00051ED4       NextVisibleZone
 0002:00001018       nfs
 0001:0006ACD4       nfsdiscover
 0001:0006ABC0       nfsgetexports
 0001:0006B4AC       nfsreadfile2
 0001:0006B6D8       nfswritefile2
 0001:0006C814       nfs_browser
 0002:00002C60       nfs_chdir
 0002:00002C4C       nfs_close
 0002:00002C58       nfs_closedir
 0002:00002C28       nfs_creat
 0002:00002C14       nfs_destroy_context
 0002:00002C1C       nfs_destroy_url
 0002:00002C64       nfs_find_local_servers
 0002:00002C44       nfs_fstat64
 0002:00002C5C       nfs_getcwd
 0002:00002C20       nfs_get_error
 0002:00002C8C       nfs_get_readmax
 0002:00002C90       nfs_get_writemax
 0002:00002C10       nfs_init_context
 0002:00002C40       nfs_lseek
 0002:00002C84       nfs_mkdir
 0002:00002C24       nfs_mount
 0002:00002C2C       nfs_open
 0002:00002C50       nfs_opendir
 0002:00002C18       nfs_parse_url_full
 0002:00002C38       nfs_pread
 0002:00002C3C       nfs_pwrite
 0002:00002C30       nfs_read
 0002:00002C54       nfs_readdir
 0002:00002C88       nfs_rename
 0002:00002C80       nfs_rmdir
 0002:00002C7C       nfs_set_gid
 0002:00002C78       nfs_set_uid
 0002:00002C94       nfs_set_version
 0002:00002C48       nfs_stat64
 0002:00002C74       nfs_truncate
 0002:00002C98       nfs_unlink
 0002:00002C34       nfs_write
 0002:00000488       NilMethod
 0002:00000030       NoErrMsg
 0001:00059DAC       NormalDraw
 0001:000026B4       NotifyAnyExcept
 0001:00017FA0       NotifyDesigner
 0001:00002688       NotifyExcept
 0001:000026E8       NotifyExceptFinally
 0001:000171B0       NotifyGlobalLoading
 0001:000047E8       NotifyModuleUnload
 0001:00002664       NotifyNonDelphiException
 0001:000026A0       NotifyOnExcept
 0001:00002648       NotifyReRaise
 0001:00002710       NotifyTerminate
 0001:0000272C       NotifyUnhandled
 0001:0005CB24       NthParentOf
 0001:000136DC       Null
 0002:00000324       NullAsStringValue
 0001:000125B4       NullCompare
 0002:00000318       NullEqualityRule
 0002:0000031C       NullMagnitudeRule
 0002:00000320       NullStrictConvert
 0001:0001E2A8       ObjectAncestorMatch
 0001:000467B8       ObjectFromHWnd
 0002:00000C40       OEMConverts
 0001:00005A2C       OemToAnsi
 0001:00005A34       OffsetRect
 0001:000050E0       OffsetRect
 0001:00005A3C       OpenClipboard
 0002:000007E4       OpenOptions
 0002:0000083C       OpenOptionsEx
 0002:00002980       OpenThemeData
 0002:00000DC4       OrientArray
 0002:00000D90       OuterStyles
 0002:00000C80       OuterStyles
 0002:00002794       OutOfMemory
 0001:000240C4       OutOfResources
 0002:00002218       Output
 0001:0001EB74       OwnedBy
 0002:00000328       PackVarCreation
 0002:00000784       Pal16
 0001:00022488       PaletteChanged
 0001:000248B0       PaletteFromDIBColorTable
 0001:00024954       PaletteToDIBColorTable
 0002:00000780       PalSize
 0001:000019F4       ParamStr
 0001:000522B8       ParentNotLast
 0002:00000C1C       Passwords
 0001:000055DC       PatBlt
 0002:000028E8       PatternManager
 0001:00005A44       PeekMessage
 0002:000028DC       PenManager
 0002:00000750       PenModes
 0002:00000730       PenStyles
 0001:000055E4       PlayEnhMetaFile
 0001:00016030       Point
 0001:000050D8       Point
 0001:00016484       PointerInModule
 0001:0004D348       PointsEqual
 0001:00005C6C       PointToSmallPoint
 0002:00002BDC       PopupList
 0001:00005A4C       PostMessage
 0001:00005A54       PostQuitMessage
 0001:0002BF88       Printers
 0001:00066114       ProcessExecute
 0001:00060680       ProcessHorz
 0001:00066214       ProcessUpdate
 0001:000606EC       ProcessVert
 0001:0001AC74       PropertyNotFound
 0001:0001BEDC       PropPathError
 0002:00000F28       Props
 0001:0001AC68       PropValueError
 0001:00005A5C       PtInRect
 0002:000000A0       PtrToNil
 0001:0000800C       PutExponent
 0002:00002B94       QualifyingSites
 0001:0000AB58       RaiseAssertException
 0001:0000020C       RaiseException
 0001:00019C24       RaiseException
 0002:00002014       RaiseExceptionProc
 0001:0000BDE4       RaiseLastOSError
 0001:00037520       ReadCols
 0001:00053028       ReadControlName
 0001:0001D11C       ReadCustomVariant
 0001:0001AC50       ReadError
 0001:000053F4       ReadFile
 0001:00024C00       ReadIcon
 0002:00000C24       ReadOnlys
 0001:000126EC       RealCompare
 0001:000055EC       RealizePalette
 0001:0001B490       Recover
 0001:000050BC       Rect
 0001:00016058       Rect
 0001:000055FC       Rectangle
 0001:000055F4       RectVisible
 0001:00005A64       RedrawWindow
 0002:00002818       RefAnyProc
 0002:00002A44       ReferenceCount
 0001:000002BC       RegCloseKey
 0001:00005244       RegCloseKey
 0002:0000285C       RegGroups
 0001:00016C28       RegisterClass
 0001:00005A6C       RegisterClass
 0001:00005A74       RegisterClipboardFormat
 0001:000475B8       RegisterDockSite
 0001:00017018       RegisterFindGlobalComponentProc
 0001:00016E70       RegisterIntegerConsts
 0001:00004844       RegisterModule
 0001:0002B2E0       RegisterViewer
 0001:00005A7C       RegisterWindowMessage
 0001:00030884       Registry
 0001:000002C4       RegOpenKeyEx
 0001:0000524C       RegOpenKeyEx
 0001:000002CC       RegQueryValueEx
 0001:00005254       RegQueryValueEx
 0001:0002CEF0       RegStr
 0001:00005A84       ReleaseCapture
 0001:00005A8C       ReleaseDC
 0002:00000048       reMap
 0002:00002618       remBytes
 0001:00000490       RemoveBlock
 0002:00000464       RemoveDataModule
 0001:0001AB20       RemoveFixupReferences
 0001:0001ABCC       RemoveFixups
 0001:0001AEC4       RemoveGlobalFixup
 0001:00005A94       RemoveMenu
 0001:00004760       RemoveModuleUnloadProc
 0001:00004788       RemoveModuleUnloadProc
 0001:00005A9C       RemoveProp
 0001:000053FC       ResetEvent
 0001:0001F8C0       ResetSyncEvent
 0001:0000142C       ResizeInPlace
 0001:00005604       RestoreDC
 0001:00060004       RestoreFocusState
 0001:00017600       ReturnAddr
 0001:00058B6C       ReturnAddr
 0001:00018AC0       ReturnAddr
 0001:00024630       RGBQuadToTriple
 0001:000245F8       RGBTripleToQuad
 0001:0002CE40       RichEdit
 0002:00002B64       RM_GetObjectInstance
 0002:00002BF8       RM_TaskbarCreated
 0002:00002614       rover
 0002:00000AA8       RTFConversionFormat
 0001:00013938       RTLConsts
 0001:00000214       RtlUnwind
 0002:00002018       RTLUnwindProc
 0002:0000006C       runErrMsg
 0001:000017D0       RunErrorAt
 0001:0000CDC4       SafeArrayCreate
 0001:0000CDCC       SafeArrayGetLBound
 0001:0000CDD4       SafeArrayGetUBound
 0001:0000CDDC       SafeArrayPtrOfIndex
 0001:0000C40C       SafeLoadLibrary
 0001:00006F60       SameText
 0001:0000560C       SaveDC
 0001:0005FFFC       SaveFocusState
 0001:000096F8       ScanBlanks
 0001:0000983C       ScanChar
 0001:000099B8       ScanDate
 0001:0000971C       ScanNumber
 0001:000097B0       ScanString
 0001:00009CFC       ScanTime
 0001:000098C0       ScanToNumber
 0002:00002BF0       Screen
 0002:00002894       ScreenLogPixels
 0001:00005AA4       ScreenToClient
 0001:00060838       ScrollBarVisible
 0001:00005AAC       ScrollWindow
 0001:00000FD8       SearchSmallBlocks
 0001:00005614       SelectObject
 0001:0000561C       SelectPalette
 0001:00046848       SendAppMessage
 0001:0006026C       SendFocusMessage
 0001:00005AB4       SendMessage
 0002:00000E84       Separators
 0001:00001A60       Set8087CW
 0001:00005ABC       SetActiveWindow
 0001:00067B24       SetAnimation
 0001:00005624       SetBkColor
 0001:0000562C       SetBkMode
 0001:00005634       SetBrushOrgEx
 0001:00005AC4       SetCapture
 0001:00046ADC       SetCaptureControl
 0001:00005ACC       SetClassLong
 0001:000131F4       SetClearVarToEmptyParam
 0001:00005AD4       SetClipboardData
 0001:0001B600       SetCompName
 0001:00005ADC       SetCursor
 0001:0000563C       SetDIBColorTable
 0001:00005404       SetEndOfFile
 0001:00005644       SetEnhMetaFileBits
 0001:0000540C       SetErrorMode
 0001:00005414       SetEvent
 0001:00002C3C       SetExceptionHandler
 0001:0000541C       SetFilePointer
 0001:0001423C       SetFloatProp
 0001:00005AE4       SetFocus
 0001:00005AEC       SetForegroundWindow
 0001:00054D54       SetImeMode
 0001:00001854       SetInOutRes
 0001:00014568       SetInt64Prop
 0001:00014624       SetInterfaceProp
 0001:0001C1BC       SetInterfaceReference
 0001:0001C0D8       SetIntIdent
 0002:00000EFC       SetLayeredWindowAttributes
 0001:00013E0C       SetLongStrProp
 0001:00005AF4       SetMenu
 0001:00005AFC       SetMenuItemInfo
 0001:00014508       SetMethodProp
 0001:0001C120       SetObjectIdent
 0001:00013C68       SetOrdProp
 0001:00005B04       SetParent
 0001:0000564C       SetPixel
 0001:00005B0C       SetProp
 0001:00005B14       SetRect
 0001:00005654       SetROP2
 0001:00005B1C       SetScrollInfo
 0001:00005B24       SetScrollPos
 0001:00005B2C       SetScrollRange
 0001:00013D08       SetShortStrProp
 0001:00013D84       SetShortStrPropAsLongStr
 0001:0000565C       SetStretchBltMode
 0001:00013F3C       SetStrProp
 0001:0001B408       SetSubComponentState
 0001:00005664       SetTextColor
 0002:00002A28       SetThemeAppProperties
 0001:00005424       SetThreadLocale
 0001:00005B34       SetTimer
 0001:000131DC       SetVarAsError
 0001:00014488       SetVariantProp
 0001:0001C160       SetVariantReference
 0001:0000566C       SetViewportOrgEx
 0001:00069B04       SetVisible
 0001:00014050       SetWideStrProp
 0001:00013EA4       SetWideStrPropAsLongStr
 0001:00005B3C       SetWindowLong
 0001:0000567C       SetWindowOrgEx
 0001:00005B44       SetWindowPlacement
 0001:00005B4C       SetWindowPos
 0001:00005B5C       SetWindowsHookEx
 0001:00005B54       SetWindowText
 0002:000029EC       SetWindowTheme
 0001:00005674       SetWinMetaFileBits
 0002:0000014C       ShareMode
 0001:0002CEB8       ShellAPI
 0001:0002CE80       ShellExecute
 0002:00002B14       ShellModule
 0001:0002D000       ShlObj
 0001:00058B94       ShortCut
 0002:00002BE0       ShortCutItems
 0001:00058C20       ShortCutToText
 0002:0000268C       ShortDateFormat
 0002:00002708       ShortDayNames
 0002:000026A8       ShortMonthNames
 0002:000026A0       ShortTimeFormat
 0002:00000B18       ShowColumns
 0002:00000F68       ShowCommands
 0002:00000F74       ShowCommands
 0002:00000F5C       ShowCommands
 0001:00005B64       ShowCursor
 0001:0000A758       ShowException
 0002:00000D78       ShowFlags
 0002:00001010       ShowFlags
 0001:0006000C       ShowMDIClientEdge
 0001:0002F1B8       ShowMessage
 0001:0002F1C4       ShowMessagePos
 0001:00005B6C       ShowOwnedPopups
 0001:00005B74       ShowScrollBar
 0001:00005B7C       ShowWindow
 0001:00067B4C       ShowWinNoAnimate
 0001:000542C0       ShowZone
 0002:00000DD8       SizeCursors
 0001:0000542C       SizeofResource
 0001:0001CC50       SkipBinary
 0001:0001CC80       SkipCollection
 0001:0001CC28       SkipList
 0001:00005434       Sleep
 0001:0000BDDC       Sleep
 0001:00016048       SmallPoint
 0001:00005C58       SmallPointToPoint
 0002:00002620       smallTab
 0002:00000C68       Sorts
 0002:000025E8       spaceRoot
 0001:00016CE4       StartClassGroup
 0001:000434BC       StdActns
 0001:00043354       StdCtrls
 0001:00020AF0       StdWndProc
 0002:0000289C       StockBrush
 0002:000028A0       StockFont
 0002:000028A4       StockIcon
 0002:00002898       StockPen
 0001:00007A5C       StrAlloc
 0001:00007A70       StrBufSize
 0001:0000B200       StrByteType
 0001:0000B3EC       StrCharLength
 0001:00007938       StrComp
 0001:00007898       StrCopy
 0001:00007AA8       StrDispose
 0001:00057350       StreamsEqual
 0001:00007874       StrEnd
 0001:00005684       StretchBlt
 0001:00007EB8       StrFmt
 0001:0000795C       StrIComp
 0001:00012768       StringCompare
 0001:00019AC0       StringListCompareStrings
 0001:0000BCA8       StringReplace
 0001:0005DF5C       StripHotkey
 0001:000078C0       StrLCopy
 0001:0000785C       StrLen
 0001:00007EF8       StrLFmt
 0001:0000799C       StrLIComp
 0001:00007888       StrMove
 0001:00007A7C       StrNew
 0001:0000B40C       StrNextChar
 0001:00007A48       StrPas
 0001:000078F4       StrPCopy
 0001:00007918       StrPLCopy
 0001:000079F4       StrPos
 0001:000079E0       StrScan
 0001:00009F58       StrToDateTime
 0001:000072D0       StrToInt
 0001:00007344       StrToInt64
 0001:0000730C       StrToIntDef
 0001:00030684       StrUtils
 0002:00000F50       Styles
 0001:0000C350       Supports
 0001:0000C374       Supports
 0002:00002850       SyncEvent
 0002:00000490       SyncList
 0001:0002C44C       SyncObjs
 0001:000002E4       SysAllocStringLen
 0001:000061CC       SysConst
 0002:00000F18       SysConsts
 0002:00000F20       SysConsts
 0001:0000A018       SysErrorMessage
 0001:00001288       SysFreeMem
 0001:000002F4       SysFreeString
 0001:000010F8       SysGetMem
 0001:000050B4       SysInit
 0002:00002740       SysLocale
 0001:00001608       SysReallocMem
 0001:000002EC       SysReAllocStringLen
 0001:00004EA8       System
 0002:0000288C       SystemPalette16
 0001:00024818       SystemPaletteOverride
 0001:00005B84       SystemParametersInfo
 0001:0000C8E0       SysUtils
 0001:00055C40       TActionLink.IsCaptionLinked
 0001:00055C54       TActionLink.IsCheckedLinked
 0001:00055C68       TActionLink.IsEnabledLinked
 0001:00055C7C       TActionLink.IsGroupIndexLinked
 0001:00055C90       TActionLink.IsHelpContextLinked
 0001:00055CA4       TActionLink.IsHelpLinked
 0001:00055CB8       TActionLink.IsHintLinked
 0001:00055CCC       TActionLink.IsImageIndexLinked
 0001:00055CE0       TActionLink.IsShortCutLinked
 0001:00055CF4       TActionLink.IsVisibleLinked
 0001:00055D08       TActionLink.SetAutoCheck
 0001:00055D0C       TActionLink.SetCaption
 0001:00055D10       TActionLink.SetChecked
 0001:00055D14       TActionLink.SetEnabled
 0001:00055D18       TActionLink.SetGroupIndex
 0001:00055D1C       TActionLink.SetHelpContext
 0001:00055D20       TActionLink.SetHelpKeyword
 0001:00055D24       TActionLink.SetHelpType
 0001:00055D28       TActionLink.SetHint
 0001:00055D2C       TActionLink.SetImageIndex
 0001:00055D30       TActionLink.SetShortCut
 0001:00055D34       TActionLink.SetVisible
 0001:0006A0A0       TApplication.ActivateHint
 0001:00068CE4       TApplication.BringToFront
 0001:00069E08       TApplication.CancelHint
 0001:000682C8       TApplication.CheckIniChange
 0001:00068044       TApplication.ControlDestroyed
 0001:00067B8C       TApplication.Create
 0001:000690E4       TApplication.CreateForm
 0001:00067E94       TApplication.CreateHandle
 0001:00067D78       TApplication.Destroy
 0001:0006A470       TApplication.DispatchAction
 0001:000697D4       TApplication.DoActionIdle
 0001:00069838       TApplication.DoMouseIdle
 0001:00068114       TApplication.DoNormalizeTopMosts
 0001:0006A500       TApplication.ExecuteAction
 0001:0006A434       TApplication.GetCurrentHelpFile
 0001:00069774       TApplication.GetExeName
 0001:00068B18       TApplication.GetIconHandle
 0001:00068D20       TApplication.GetTitle
 0001:00069264       TApplication.HandleException
 0001:00068FD0       TApplication.HandleMessage
 0001:0006976C       TApplication.HelpCommand
 0001:00069704       TApplication.HelpContext
 0001:0006969C       TApplication.HelpKeyword
 0001:00069DC4       TApplication.HideHint
 0001:00069C7C       TApplication.HintMouseMessage
 0001:00069D8C       TApplication.HintTimerExpired
 0001:00068FF4       TApplication.HookMainWindow
 0001:0006A5AC       TApplication.HookSynchronizeWakeup
 0001:00069A0C       TApplication.IconChanged
 0001:000698B0       TApplication.Idle
 0001:000690CC       TApplication.Initialize
 0001:00069534       TApplication.InvokeHelp
 0001:00068D6C       TApplication.IsDlgMsg
 0001:00068E98       TApplication.IsHintMsg
 0001:00068DE0       TApplication.IsKeyMsg
 0001:00068D90       TApplication.IsMDIMsg
 0001:00068ECC       TApplication.IsShortCut
 0001:000692F4       TApplication.MessageBox
 0001:00068B34       TApplication.Minimize
 0001:000681F0       TApplication.ModalFinished
 0001:000681C4       TApplication.ModalStarted
 0001:00068224       TApplication.NormalizeAllTopMosts
 0001:0006821C       TApplication.NormalizeTopMosts
 0001:000699D0       TApplication.NotifyForms
 0001:00068F38       TApplication.ProcessMessage
 0001:00068BE4       TApplication.Restore
 0001:0006822C       TApplication.RestoreTopMosts
[...]
 0002:00000E1C       cItemAutoFlagToBoolean
 0002:00000E20       MenuKeyCaps
 0002:00000E68       Checks
 0002:00000E70       Enables
 0002:00000E78       Breaks
 0002:00000E84       Separators
 0002:00000E8C       IBreaks
 0002:00000E98       IChecks
 0002:00000EA0       IDefaults
 0002:00000EA8       IEnables
 0002:00000EB0       IRadios
 0002:00000EB8       ISeparators
 0002:00000EC0       IRTL
 0002:00000EC8       IOwnerDraw
 0002:00000ED0       Alignments
 0002:00000ED8       EdgeStyle
 0002:00000EE0       Alignments
 0002:00000EE8       Flags
 0002:00000EF4       Buttons
 0002:00000EF8       HintWindowClass
 0002:00000EFC       SetLayeredWindowAttributes
 0002:00000F00       FocusMessages
 0002:00000F04       FocusCount
 0002:00000F08       TaskActiveWindow
 0002:00000F0C       TaskFirstWindow
 0002:00000F10       TaskFirstTopMost
 0002:00000F14       TaskWindowList
 0002:00000F18       SysConsts
 0002:00000F20       SysConsts
 0002:00000F28       Props
 0002:00000F50       Styles
 0002:00000F5C       ShowCommands
 0002:00000F68       ShowCommands
 0002:00000F74       ShowCommands
 0002:00000F80       cUseAlpha
 0002:00000F88       cUseColorKey
 0002:00000F90       CursorMap
 0002:00000FE4       WindowClass
 0002:0000100C       AppVisible
 0002:00001010       ShowFlags
 0002:00001014       fLibHandle
 0002:00001018       nfs
 0002:00002000       DispCallByIDProc
 0002:00002004       ExceptProc
 0002:00002008       ErrorProc
 0002:0000200C       ExceptClsProc
 0002:00002010       ExceptObjProc
 0002:00002014       RaiseExceptionProc
 0002:00002018       RTLUnwindProc
 0002:0000201C       ExceptionClass
 0002:00002020       AssertErrorProc
 0002:00002024       ExitProcessProc
 0002:00002028       AbstractErrorProc
 0002:0000202C       MainInstance
 0002:00002030       MainThreadID
 0002:00002034       IsLibrary
 0002:00002038       CmdShow
 0002:0000203C       CmdLine
 0002:00002040       InitProc
 0002:00002044       ExitProc
 0002:00002048       IsConsole
 0002:00002049       IsMultiThread
 0002:0000204A       Test8086
 0002:0000204C       Input
 0002:00002218       Output
 0002:000023E4       ErrOutput
 0002:000025B0       AllocMemCount
 0002:000025B4       AllocMemSize
 0002:000025B8       .5
 0002:000025BC       DefaultUserCodePage
 0002:000025C0       initialized
 0002:000025C4       heapErrorCode
 0002:000025C8       heapLock
 0002:000025E0       blockDescBlockList
 0002:000025E4       blockDescFreeList
 0002:000025E8       spaceRoot
 0002:000025F8       decommittedRoot
 0002:00002608       avail
 0002:00002614       rover
 0002:00002618       remBytes
 0002:0000261C       curAlloc
 0002:00002620       smallTab
 0002:00002624       committedRoot
 0002:00002634       InitContext
 0002:00002660       ModuleIsLib
 0002:00002661       ModuleIsCpp
 0002:00002664       HInstance
 0002:00002668       .1
 0002:0000266C       tlsBuffer
 0002:00002670       .1
 0002:00002674       .3
 0002:00002678       .1
 0002:0000267C       .1
 0002:00002680       CurrencyString
 0002:00002684       CurrencyFormat
 0002:00002685       NegCurrFormat
 0002:00002686       ThousandSeparator
 0002:00002687       DecimalSeparator
 0002:00002688       CurrencyDecimals
 0002:00002689       DateSeparator
 0002:0000268C       ShortDateFormat
 0002:00002690       LongDateFormat
 0002:00002694       TimeSeparator
 0002:00002698       TimeAMString
 0002:0000269C       TimePMString
 0002:000026A0       ShortTimeFormat
 0002:000026A4       LongTimeFormat
 0002:000026A8       ShortMonthNames
 0002:000026D8       LongMonthNames
 0002:00002708       ShortDayNames
 0002:00002724       LongDayNames
 0002:00002740       SysLocale
 0002:0000274E       ListSeparator
 0002:00002750       EraNames
 0002:0000276C       EraYearOffsets
 0002:00002788       TrueBoolStrs
 0002:0000278C       FalseBoolStrs
 0002:00002790       .35
 0002:00002794       OutOfMemory
 0002:00002798       InvalidPointer
 0002:0000279C       FLanguages
 0002:000027A0       VariantChangeTypeEx
 0002:000027A4       VarNeg
 0002:000027A8       VarNot
 0002:000027AC       VarAdd
 0002:000027B0       VarSub
 0002:000027B4       VarMul
 0002:000027B8       VarDiv
 0002:000027BC       VarIDiv
 0002:000027C0       VarMod
 0002:000027C4       VarAnd
 0002:000027C8       VarOr
 0002:000027CC       VarXor
 0002:000027D0       VarCmp
 0002:000027D4       VarI4FromStr
 0002:000027D8       VarR4FromStr
 0002:000027DC       VarR8FromStr
 0002:000027E0       VarDateFromStr
 0002:000027E4       VarCyFromStr
 0002:000027E8       VarBoolFromStr
 0002:000027EC       VarBstrFromCy
 0002:000027F0       VarBstrFromDate
 0002:000027F4       VarBstrFromBool
 0002:000027F8       .5
 0002:000027FC       EmptyParam
 0002:0000280C       VarDispProc
 0002:00002810       ClearAnyProc
 0002:00002814       ChangeAnyProc
 0002:00002818       RefAnyProc
 0002:0000281C       .81
 0002:00002820       LVarTypes
 0002:00002824       LVarTypeSync
 0002:0000283C       .1
 0002:00002840       .6
 0002:00002844       .3
 0002:00002848       GlobalNameSpace
 0002:0000284C       IsUniqueGlobalComponentNameProc
 0002:00002850       SyncEvent
 0002:00002854       .45
 0002:00002858       IntConstList
 0002:0000285C       RegGroups
 0002:00002860       FindGlobalComponentProcs
 0002:00002864       GlobalFixupList
 0002:00002868       ThreadLock
 0002:00002880       InstBlockList
 0002:00002884       InstFreeList
 0002:00002888       .1
 0002:0000288C       SystemPalette16
 0002:00002890       .12
 0002:00002894       ScreenLogPixels
 0002:00002898       StockPen
 0002:0000289C       StockBrush
 0002:000028A0       StockFont
 0002:000028A4       StockIcon
 0002:000028A8       BitmapImageLock
 0002:000028C0       CounterLock
 0002:000028D8       FontManager
 0002:000028DC       PenManager
 0002:000028E0       BrushManager
 0002:000028E4       CanvasList
 0002:000028E8       PatternManager
 0002:000028EC       .2
 0002:000028F0       .21
 0002:000028F4       .1
 0002:000028F8       ComCtl32DLL
 0002:000028FC       _InitCommonControlsEx
 0002:00002900       GetSystemMetrics
 0002:00002904       MonitorFromWindow
 0002:00002908       MonitorFromRect
 0002:0000290C       MonitorFromPoint
 0002:00002910       GetMonitorInfo
 0002:00002914       GetMonitorInfoA
 0002:00002918       GetMonitorInfoW
 0002:0000291C       EnumDisplayMonitors
 0002:00002920       .1
 0002:00002924       User32Dll
 0002:00002928       InitApis
 0002:00002930       MMAvailable
 0002:00002934       .1
 0002:00002938       .2
 0002:0000293C       HelpManager
 0002:00002940       .3
 0002:00002944       .3
 0002:00002948       FlatSB_EnableScrollBar
 0002:0000294C       FlatSB_ShowScrollBar
 0002:00002950       FlatSB_GetScrollRange
 0002:00002954       FlatSB_GetScrollInfo
 0002:00002958       FlatSB_GetScrollPos
 0002:0000295C       FlatSB_SetScrollPos
 0002:00002960       FlatSB_SetScrollInfo
 0002:00002964       FlatSB_SetScrollRange
 0002:00002968       .1
 0002:0000296C       _FlatSB_GetScrollProp
 0002:00002970       _FlatSB_SetScrollProp
 0002:00002974       _InitializeFlatSB
 0002:00002978       _UninitializeFlatSB
 0002:0000297C       .6
 0002:00002980       OpenThemeData
 0002:00002984       CloseThemeData
 0002:00002988       DrawThemeBackground
 0002:0000298C       DrawThemeText
 0002:00002990       GetThemeBackgroundContentRect
 0002:00002994       GetThemeBackgroundExtent
 0002:00002998       GetThemePartSize
 0002:0000299C       GetThemeTextExtent
 0002:000029A0       GetThemeTextMetrics
 0002:000029A4       GetThemeBackgroundRegion
 0002:000029A8       HitTestThemeBackground
 0002:000029AC       DrawThemeEdge
 0002:000029B0       DrawThemeIcon
 0002:000029B4       IsThemePartDefined
 0002:000029B8       IsThemeBackgroundPartiallyTransparent
 0002:000029BC       GetThemeColor
 0002:000029C0       GetThemeMetric
 0002:000029C4       GetThemeString
 0002:000029C8       GetThemeBool
 0002:000029CC       GetThemeInt
 0002:000029D0       GetThemeEnumValue
 0002:000029D4       GetThemePosition
 0002:000029D8       GetThemeFont
 0002:000029DC       GetThemeRect
 0002:000029E0       GetThemeMargins
 0002:000029E4       GetThemeIntList
 0002:000029E8       GetThemePropertyOrigin
 0002:000029EC       SetWindowTheme
 0002:000029F0       GetThemeFilename
 0002:000029F4       GetThemeSysColor
 0002:000029F8       GetThemeSysColorBrush
 0002:000029FC       GetThemeSysBool
 0002:00002A00       GetThemeSysSize
 0002:00002A04       GetThemeSysFont
 0002:00002A08       GetThemeSysString
 0002:00002A0C       GetThemeSysInt
 0002:00002A10       IsThemeActive
 0002:00002A14       IsAppThemed
 0002:00002A18       GetWindowTheme
 0002:00002A1C       EnableThemeDialogTexture
 0002:00002A20       IsThemeDialogTextureEnabled
 0002:00002A24       GetThemeAppProperties
 0002:00002A28       SetThemeAppProperties
 0002:00002A2C       GetCurrentThemeName
 0002:00002A30       GetThemeDocumentationProperty
 0002:00002A34       DrawThemeParentBackground
 0002:00002A38       EnableTheming
 0002:00002A3C       .1
 0002:00002A40       ThemeLibrary
 0002:00002A44       ReferenceCount
 0002:00002A48       Lock
 0002:00002A4C       .1
 0002:00002A50       .4
 0002:00002A54       .1
 0002:00002A58       .1
 0002:00002A5C       .1
 0002:00002A60       .1
 0002:00002A64       .1
 0002:00002A68       .1
 0002:00002A6C       .1
 0002:00002A70       .11
 0002:00002A74       HelpMsg
 0002:00002A78       FindMsg
 0002:00002A7C       ButtonWidths
 0002:00002AA8       .12
 0002:00002AAC       .1
 0002:00002AB0       CF_PICTURE
 0002:00002AB2       CF_COMPONENT
 0002:00002AB4       .2
 0002:00002AB8       FClipboard
 0002:00002ABC       .1
 0002:00002AC0       .4
 0002:00002AC4       BitBtnGlyphs
 0002:00002AF0       .3
 0002:00002AF4       .8
 0002:00002AF8       .5
 0002:00002AFC       .1
 0002:00002B00       .72
 0002:00002B04       UrlMonHandle
 0002:00002B08       UrlMonInitialized
 0002:00002B0C       .8
 0002:00002B10       .36
 0002:00002B14       ShellModule
 0002:00002B18       FRichEditModule
 0002:00002B1C       ComCtlVersion
 0002:00002B20       CoInitializeExProc
 0002:00002B24       CoInitExProcLoaded
 0002:00002B28       .2
 0002:00002B2C       InternalServices
 0002:00002B30       .42
 0002:00002B34       .73
 0002:00002B38       WinHelpTester
 0002:00002B3C       ViewerName
 0002:00002B40       .1
 0002:00002B44       HelpViewer
 0002:00002B48       HelpViewerIntf
 0002:00002B4C       Mouse
 0002:00002B50       NewStyleControls
 0002:00002B54       .72
 0002:00002B58       WindowAtom
 0002:00002B5A       ControlAtom
 0002:00002B5C       WindowAtomString
 0002:00002B60       ControlAtomString
 0002:00002B64       RM_GetObjectInstance
 0002:00002B68       DragControl
 0002:00002B6C       DragObject
 0002:00002B70       DragInternalObject
 0002:00002B74       DragCapture
 0002:00002B78       DragStartPos
 0002:00002B80       DragSaveCursor
 0002:00002B84       DragThreshold
 0002:00002B88       ActiveDrag
 0002:00002B8C       DragImageList
 0002:00002B90       DockSiteList
 0002:00002B94       QualifyingSites
 0002:00002B98       DragSave
 0002:00002B9C       CanvasList
 0002:00002BA0       _WINNLSEnableIME
 0002:00002BA4       _ImmGetContext
 0002:00002BA8       _ImmReleaseContext
 0002:00002BAC       _ImmGetConversionStatus
 0002:00002BB0       _ImmSetConversionStatus
 0002:00002BB4       _ImmSetOpenStatus
 0002:00002BB8       _ImmSetCompositionWindow
 0002:00002BBC       _ImmSetCompositionFont
 0002:00002BC0       _ImmGetCompositionString
 0002:00002BC4       _ImmIsIME
 0002:00002BC8       _ImmNotifyIME
 0002:00002BCC       .8
 0002:00002BD0       .3
 0002:00002BD4       CachedComCtrlVer
 0002:00002BD8       ImageListWriteExProc
 0002:00002BDC       PopupList
 0002:00002BE0       ShortCutItems
 0002:00002BE4       .9
 0002:00002BE8       CommandPool
 0002:00002BEC       Application
 0002:00002BF0       Screen
 0002:00002BF4       .41
 0002:00002BF8       RM_TaskbarCreated
 0002:00002BFC       HintThreadID
 0002:00002C00       HintDoneEvent
 0002:00002C04       HintHook
 0002:00002C08       HintThread
 0002:00002C0C       .1
 0002:00002C10       nfs_init_context
 0002:00002C14       nfs_destroy_context
 0002:00002C18       nfs_parse_url_full
 0002:00002C1C       nfs_destroy_url
 0002:00002C20       nfs_get_error
 0002:00002C24       nfs_mount
 0002:00002C28       nfs_creat
 0002:00002C2C       nfs_open
 0002:00002C30       nfs_read
 0002:00002C34       nfs_write
 0002:00002C38       nfs_pread
 0002:00002C3C       nfs_pwrite
 0002:00002C40       nfs_lseek
 0002:00002C44       nfs_fstat64
 0002:00002C48       nfs_stat64
 0002:00002C4C       nfs_close
 0002:00002C50       nfs_opendir
 0002:00002C54       nfs_readdir
 0002:00002C58       nfs_closedir
 0002:00002C5C       nfs_getcwd
 0002:00002C60       nfs_chdir
 0002:00002C64       nfs_find_local_servers
 0002:00002C68       free_nfs_srvr_list
 0002:00002C6C       mount_getexports
 0002:00002C70       mount_free_export_list
 0002:00002C74       nfs_truncate
 0002:00002C78       nfs_set_uid
 0002:00002C7C       nfs_set_gid
 0002:00002C80       nfs_rmdir
 0002:00002C84       nfs_mkdir
 0002:00002C88       nfs_rename
 0002:00002C8C       nfs_get_readmax
 0002:00002C90       nfs_get_writemax
 0002:00002C94       nfs_set_version
 0002:00002C98       nfs_unlink
 0002:00002C9C       .1
 0002:00002CA0       .2
 0002:00002CA4       Form1
 0002:00002CA8       LvSortStyle
 0002:00002CAC       LvSortOrder
 0002:00002CB4       .2


Line numbers for libnfs(libnfs.pas) segment .text

   176 0001:0006A6BC   177 0001:0006A6C7   182 0001:0006A6C8   183 0001:0006A6D4
   184 0001:0006A6DA   185 0001:0006A6E6   187 0001:0006A6EB   188 0001:0006A701
   191 0001:0006A706   193 0001:0006A716   194 0001:0006A728   195 0001:0006A73A
   196 0001:0006A74C   197 0001:0006A75E   198 0001:0006A770   199 0001:0006A782
   200 0001:0006A794   201 0001:0006A7A6   202 0001:0006A7B8   203 0001:0006A7CA
   204 0001:0006A7DC   205 0001:0006A7EE   206 0001:0006A800   207 0001:0006A812
   208 0001:0006A824   209 0001:0006A836   210 0001:0006A848   211 0001:0006A85A
   212 0001:0006A86C   213 0001:0006A87E   214 0001:0006A890   215 0001:0006A8A2
   216 0001:0006A8B4   217 0001:0006A8C6   218 0001:0006A8D8   219 0001:0006A8EA
   220 0001:0006A8FC   221 0001:0006A90E   222 0001:0006A920   223 0001:0006A932
   224 0001:0006A944   225 0001:0006A956   226 0001:0006A968   227 0001:0006A97A
   232 0001:0006A98C   237 0001:0006ABC0   238 0001:0006ABEA   239 0001:0006ABFD
   240 0001:0006AC00   244 0001:0006AC39   245 0001:0006AC3B   241 0001:0006AC6C
   247 0001:0006AC73   248 0001:0006ACB1   254 0001:0006ACD4   255 0001:0006ACF6
   257 0001:0006AD04   258 0001:0006AD0C   260 0001:0006AD10   261 0001:0006AD14
   262 0001:0006AD16   265 0001:0006AD34   266 0001:0006AD36   263 0001:0006AD52
   268 0001:0006AD58   270 0001:0006AD89   274 0001:0006ADC0   274 0001:0006ADC7

Line numbers for Unit2(Unit2.pas) segment .text

    31 0001:0006ADF8    31 0001:0006ADFF

Line numbers for Unit1(Unit1.pas) segment .text

    78 0001:0006B15C    79 0001:0006B17E    80 0001:0006B18B    81 0001:0006B1B1
    84 0001:0006B1B8    85 0001:0006B1DD    86 0001:0006B1DF    87 0001:0006B1ED
    89 0001:0006B20A    90 0001:0006B214    92 0001:0006B23A    95 0001:0006B244
    96 0001:0006B247    98 0001:0006B259   100 0001:0006B268   101 0001:0006B26B
   105 0001:0006B270   107 0001:0006B27A   109 0001:0006B282   110 0001:0006B285
   112 0001:0006B288   113 0001:0006B2AA   115 0001:0006B2AC   117 0001:0006B2C0
   121 0001:0006B2C7   122 0001:0006B2D5   127 0001:0006B2E5   128 0001:0006B2ED
   130 0001:0006B2F5   131 0001:0006B304   132 0001:0006B314   133 0001:0006B323
   139 0001:0006B333   140 0001:0006B347   142 0001:0006B362   143 0001:0006B36F
   144 0001:0006B37A   145 0001:0006B382   146 0001:0006B386   149 0001:0006B395
   150 0001:0006B3A2   151 0001:0006B3AD   152 0001:0006B3B5   153 0001:0006B3B9
   168 0001:0006B3CC   169 0001:0006B3D5   170 0001:0006B3FB   175 0001:0006B404
   176 0001:0006B40D   177 0001:0006B418   178 0001:0006B42A   179 0001:0006B433
   182 0001:0006B440   183 0001:0006B443   184 0001:0006B45F   185 0001:0006B468
   186 0001:0006B476   187 0001:0006B483   192 0001:0006B488   194 0001:0006B4A4
   195 0001:0006B4A9   206 0001:0006B4AC   207 0001:0006B4F1   208 0001:0006B4F3
   210 0001:0006B501   214 0001:0006B55C   215 0001:0006B56E   216 0001:0006B596
   218 0001:0006B59A   219 0001:0006B5B2   224 0001:0006B5EB   225 0001:0006B5F6
   226 0001:0006B60C   227 0001:0006B61B   229 0001:0006B61F   230 0001:0006B631
   231 0001:0006B659   227 0001:0006B66C   233 0001:0006B670   234 0001:0006B677
   238 0001:0006B679   239 0001:0006B6CF   289 0001:0006B6D8   290 0001:0006B719
   291 0001:0006B727   293 0001:0006B735   295 0001:0006B793   296 0001:0006B79E
   299 0001:0006B7B3   300 0001:0006B7C7   302 0001:0006B7EF   303 0001:0006B807
   297 0001:0006B81D   307 0001:0006B847   309 0001:0006B84E   311 0001:0006B871
   313 0001:0006B87D   314 0001:0006B8D2   326 0001:0006B8F0   327 0001:0006B937
   328 0001:0006B939   329 0001:0006B947   331 0001:0006B9A2   334 0001:0006B9EF
   335 0001:0006B9FC   336 0001:0006BA14   341 0001:0006BA33   342 0001:0006BA4D
   343 0001:0006BA5B   345 0001:0006BA63   346 0001:0006BA6E   347 0001:0006BA7D
   348 0001:0006BA8C   350 0001:0006BA94   354 0001:0006BAB7   358 0001:0006BAC1
   359 0001:0006BAD0   360 0001:0006BADA   362 0001:0006BAE8   363 0001:0006BAFB
   364 0001:0006BB16   365 0001:0006BB21   366 0001:0006BB2C   343 0001:0006BB46
   369 0001:0006BB4E   370 0001:0006BB66   371 0001:0006BBA4   377 0001:0006BBCC
   378 0001:0006BBEC   379 0001:0006BC04   380 0001:0006BC13   381 0001:0006BC2C
   386 0001:0006BC47   387 0001:0006BC9E   388 0001:0006BCCB   390 0001:0006BCCF
   391 0001:0006BCF1   394 0001:0006BCF6   396 0001:0006BD15   397 0001:0006BD37
   398 0001:0006BD49   399 0001:0006BD52   402 0001:0006BD54   404 0001:0006BD5F
   405 0001:0006BD6D   407 0001:0006BD97   409 0001:0006BDA4   411 0001:0006BDAA
   412 0001:0006BDBC   416 0001:0006BDF4   421 0001:0006BE24   422 0001:0006BE43
   423 0001:0006BE50   424 0001:0006BE62   425 0001:0006BE79   426 0001:0006BE88
   427 0001:0006BE96   429 0001:0006BEBC   431 0001:0006BEEB   434 0001:0006BF04
   435 0001:0006BF07   436 0001:0006BF15   437 0001:0006BF26   438 0001:0006BF4A
   444 0001:0006BF4C   445 0001:0006BF68   446 0001:0006BF7B   447 0001:0006BF91
   448 0001:0006BFA9   449 0001:0006BFC4   450 0001:0006BFD7   451 0001:0006BFEF
   452 0001:0006C007   453 0001:0006C00F   454 0001:0006C01D   455 0001:0006C02C
   457 0001:0006C065   460 0001:0006C094   465 0001:0006C0EC   466 0001:0006C10C
   467 0001:0006C11F   468 0001:0006C135   469 0001:0006C14D   470 0001:0006C168
   473 0001:0006C17B   474 0001:0006C189   475 0001:0006C1BD   477 0001:0006C233
   480 0001:0006C262   489 0001:0006C2A0   491 0001:0006C2A6   494 0001:0006C2B6
   497 0001:0006C2C0   498 0001:0006C2DA   499 0001:0006C2EE   500 0001:0006C2FC
   502 0001:0006C32F   505 0001:0006C35E   510 0001:0006C368   511 0001:0006C388
   512 0001:0006C39B   513 0001:0006C3B3   514 0001:0006C3C1   515 0001:0006C40B
   517 0001:0006C449   519 0001:0006C495   522 0001:0006C4C0   523 0001:0006C4D3
   525 0001:0006C4F4   527 0001:0006C533   531 0001:0006C544   534 0001:0006C54A
   535 0001:0006C55C   536 0001:0006C56D   540 0001:0006C580   543 0001:0006C59A
   544 0001:0006C5B8   546 0001:0006C5EC   546 0001:0006C5F3

Line numbers for nfs_browser(C:\Users\erwan\Documents\-= SOURCES =-\delphi\system\libnfs\nfs_browser.dpr) segment .text

    11 0001:0006C814    12 0001:0006C824    13 0001:0006C830    15 0001:0006C848
    16 0001:0006C854

Bound resource files

c:\program files (x86)\borland\delphi7\Lib\Buttons.res
c:\program files (x86)\borland\delphi7\Lib\ExtDlgs.res
c:\program files (x86)\borland\delphi7\Lib\Controls.res
Unit2.dfm
Unit1.dfm
nfs_browser.res
nfs_browser.drf


Program entry point at 0001:0006C814
