
 Start         Length     Name                   Class
 0001:00000000 00012C14H .text                   CODE
 0002:00000000 000005D0H .data                   DATA
 0002:000005D0 00000AA9H .bss                    BSS


Detailed map of segments

 0001:00000000 00004C8F C=CODE     S=.text    G=(none)   M=System   ACBP=A9
 0001:00004C90 00000140 C=CODE     S=.text    G=(none)   M=SysInit  ACBP=A9
 0001:00004DD0 00000038 C=CODE     S=.text    G=(none)   M=Types    ACBP=A9
 0001:00004E08 00000194 C=CODE     S=.text    G=(none)   M=Windows  ACBP=A9
 0001:00004F9C 00000308 C=CODE     S=.text    G=(none)   M=SysConst ACBP=A9
 0001:000052A4 00005E40 C=CODE     S=.text    G=(none)   M=SysUtils ACBP=A9
 0001:0000B0E4 00000038 C=CODE     S=.text    G=(none)   M=Messages ACBP=A9
 0001:0000B11C 000007FB C=CODE     S=.text    G=(none)   M=VarUtils ACBP=A9
 0001:0000B918 0000280E C=CODE     S=.text    G=(none)   M=Variants ACBP=A9
 0001:0000E128 00000098 C=CODE     S=.text    G=(none)   M=RTLConsts ACBP=A9
 0001:0000E1C0 00000084 C=CODE     S=.text    G=(none)   M=TypInfo  ACBP=A9
 0001:0000E244 00000038 C=CODE     S=.text    G=(none)   M=ActiveX  ACBP=A9
 0001:0000E27C 00003466 C=CODE     S=.text    G=(none)   M=Classes  ACBP=A9
 0001:000116E4 00000040 C=CODE     S=.text    G=(none)   M=WinSock  ACBP=A9
 0001:00011724 000006EC C=CODE     S=.text    G=(none)   M=libnfs   ACBP=A9
 0001:00011E10 00000E04 C=CODE     S=.text    G=(none)   M=nfsclient ACBP=A9
 0002:00000000 0000009C C=DATA     S=.data    G=DGROUP   M=System   ACBP=A9
 0002:0000009C 0000001C C=DATA     S=.data    G=DGROUP   M=SysInit  ACBP=A9
 0002:000000B8 00000250 C=DATA     S=.data    G=DGROUP   M=SysUtils ACBP=A9
 0002:00000308 00000008 C=DATA     S=.data    G=DGROUP   M=VarUtils ACBP=A9
 0002:00000310 00000076 C=DATA     S=.data    G=DGROUP   M=Variants ACBP=A9
 0002:00000388 0000000C C=DATA     S=.data    G=DGROUP   M=TypInfo  ACBP=A9
 0002:00000394 00000004 C=DATA     S=.data    G=DGROUP   M=Classes  ACBP=A9
 0002:00000398 00000008 C=DATA     S=.data    G=DGROUP   M=libnfs   ACBP=A9
 0002:000003A0 00000004 C=DATA     S=.data    G=DGROUP   M=nfsclient ACBP=A9
 0002:00001000 0000065C C=BSS      S=.bss     G=DGROUP   M=System   ACBP=A9
 0002:0000165C 00000010 C=BSS      S=.bss     G=DGROUP   M=SysInit  ACBP=A9
 0002:0000166C 00000004 C=BSS      S=.bss     G=DGROUP   M=Types    ACBP=A9
 0002:00001670 00000004 C=BSS      S=.bss     G=DGROUP   M=Windows  ACBP=A9
 0002:00001674 00000004 C=BSS      S=.bss     G=DGROUP   M=SysConst ACBP=A9
 0002:00001678 00000120 C=BSS      S=.bss     G=DGROUP   M=SysUtils ACBP=A9
 0002:00001798 00000004 C=BSS      S=.bss     G=DGROUP   M=Messages ACBP=A9
 0002:0000179C 0000005C C=BSS      S=.bss     G=DGROUP   M=VarUtils ACBP=A9
 0002:000017F8 00000040 C=BSS      S=.bss     G=DGROUP   M=Variants ACBP=A9
 0002:00001838 00000004 C=BSS      S=.bss     G=DGROUP   M=RTLConsts ACBP=A9
 0002:0000183C 00000004 C=BSS      S=.bss     G=DGROUP   M=TypInfo  ACBP=A9
 0002:00001840 00000004 C=BSS      S=.bss     G=DGROUP   M=ActiveX  ACBP=A9
 0002:00001844 00000034 C=BSS      S=.bss     G=DGROUP   M=Classes  ACBP=A9
 0002:00001878 00000004 C=BSS      S=.bss     G=DGROUP   M=WinSock  ACBP=A9
 0002:0000187C 00000090 C=BSS      S=.bss     G=DGROUP   M=libnfs   ACBP=A9
 0002:0000190C 0000019C C=BSS      S=.bss     G=DGROUP   M=nfsclient ACBP=A9


  Address         Publics by Name

 0002:00001908       .1
 0002:00001798       .1
 0002:00001838       .1
 0002:0000166C       .1
 0002:00001878       .1
 0002:00001674       .1
 0002:00001664       .1
 0002:00001840       .3
 0002:00001670       .3
 0002:00001788       .35
 0002:0000184C       .45
 0002:000017F4       .5
 0002:000015B4       .5
 0002:0000183C       .6
 0002:00001818       .81
 0001:000019DC       @AbstractError
 0001:0000279C       @AfterConstruction
 0001:00001D6C       @AStrCmp
 0001:000027AC       @BeforeDestruction
 0001:000026DC       @CallDynaInst
 0001:00002744       @ClassCreate
 0001:00002794       @ClassDestroy
 0001:00001D14       @Close
 0001:0000178C       @Copy
 0001:00003C88       @CopyArray
 0001:00003B6C       @CopyRecord
 0001:00003D7C       @DispCallByIDError
 0001:0000C3B8       @DispInvokeError
 0001:00002C28       @DoneExcept
 0001:00003FAC       @DynArrayAsg
 0001:00003F70       @DynArrayClear
 0001:00003DB0       @DynArrayHigh
 0001:00003DA8       @DynArrayLength
 0001:00003F64       @DynArraySetLength
 0001:00002D10       @ExceptionHandler
 0001:00001DDC       @FillChar
 0001:00003B48       @Finalize
 0001:00003A5C       @FinalizeArray
 0001:00003A10       @FinalizeRecord
 0001:00001D08       @Flush
 0001:00002460       @FpuInit
 0001:0000239C       @FpuMaskInit
 0001:00001688       @FreeMem
 0001:00001668       @GetMem
 0001:00004D08       @GetTls
 0001:00003134       @Halt
 0001:0000305C       @Halt0
 0001:000028C0       @HandleAnyException
 0001:00002B74       @HandleFinally
 0001:000029EC       @HandleOnException
 0001:00004D54       @InitExe
 0001:00002F20       @InitImports
 0001:00002EF8       @InitResStringImports
 0001:00004614       @IntfClear
 0001:0000462C       @IntfCopy
 0001:00002688       @IsClass
 0001:0000236C       @isNECWindows
 0001:000035D8       @LStrAddRef
 0001:00003170       @LStrArrayClr
 0001:000031A0       @LStrAsg
 0001:000033F0       @LStrCat
 0001:00003434       @LStrCat3
 0001:000034A8       @LStrCatN
 0001:0000314C       @LStrClr
 0001:00003534       @LStrCmp
 0001:00003640       @LStrCopy
 0001:000033BC       @LStrFromArray
 0001:00003334       @LStrFromChar
 0001:00003344       @LStrFromPChar
 0001:0000323C       @LStrFromPCharLen
 0001:00003374       @LStrFromPWChar
 0001:000032A8       @LStrFromPWCharLen
 0001:000033B0       @LStrFromString
 0001:000033D4       @LStrFromWStr
 0001:000031E4       @LStrLAsg
 0001:000033E8       @LStrLen
 0001:00003680       @LStrPos
 0001:000036C8       @LStrSetLength
 0001:000035E8       @LStrToPChar
 0001:00003210       @NewAnsiString
 0001:0000375C       @NewWideString
 0001:00002080       @Pow10
 0001:00002BD4       @RaiseAgain
 0001:00002BAC       @RaiseExcept
 0001:000016A8       @ReallocMem
 0001:00001A50       @RewritText
 0001:00003140       @RunError
 0001:00002064       @SetEq
 0001:00002EB8       @StartExe
 0001:00000248       @strlen
 0001:00002C58       @TryFinallyExit
 0001:00003638       @UniqueStringA
 0001:00001DFC       @ValLong
 0001:0000D96C       @VarAddRef
 0001:0000C690       @VarClear
 0001:0000C6A4       @VarClr
 0001:00003A44       @VarClr
 0001:0000C9B8       @VarCopy
 0001:00003B54       @VarCopy
 0001:0000CCE4       @VarToLStr
 0001:0000D40C       @VarToWStr
 0001:00001FE4       @Write0CString
 0001:0000372C       @Write0LString
 0001:00001F14       @WriteBytes
 0001:00001FEC       @WriteCString
 0001:0000201C       @WriteLn
 0001:00003734       @WriteLString
 0001:00001F68       @WriteSpaces
 0001:0000379C       @WStrArrayClr
 0001:000037C0       @WStrAsg
 0001:00003784       @WStrClr
 0001:000038FC       @WStrCmp
 0001:00003980       @WStrCopy
 0001:000038D0       @WStrFromLStr
 0001:000037E4       @WStrFromPCharLen
 0001:00003894       @WStrFromPWChar
 0001:00003870       @WStrFromPWCharLen
 0001:000038F0       @WStrLen
 0001:000039CC       @WStrSetLength
 0001:000038E0       @WStrToPWChar
 0001:0000175C       @_IOTest
 0001:00003D84       @_llmul
 0001:000097B0       AbstractErrorHandler
 0002:00001028       AbstractErrorProc
 0002:00000138       AccessMode
 0001:0000E274       ActiveX
 0001:00000374       AddBlockAfter
 0001:000044B8       AddModuleUnloadProc
 0001:000044A8       AddModuleUnloadProc
 0001:00005E80       AllocMem
 0002:000015AC       AllocMemCount
 0002:000015B0       AllocMemSize
 0001:00004CB0       AllocTlsBuffer
 0001:00005F90       AnsiCompareStr
 0001:00005FC8       AnsiCompareText
 0001:00009FA4       AnsiPos
 0001:00006000       AnsiSameText
 0001:00009FDC       AnsiStrPos
 0001:0000A07C       AnsiStrRScan
 0001:0000A0A4       AnsiStrScan
 0001:00004A4C       AnsiToUtf8
 0001:000077A4       AppendChars
 0001:00007B68       AppendFormat
 0001:00007808       AppendNumber
 0001:000077E8       AppendString
 0001:00009794       AssertErrorHandler
 0002:00001020       AssertErrorProc
 0002:00001604       avail
 0001:000065BC       BackfillGetDiskFreeSpaceEx
 0001:0000B3AC       BackupVarBoolFromStr
 0001:0000B50C       BackupVarBStrFromBool
 0001:0000B42C       BackupVarBStrFromCy
 0001:0000B49C       BackupVarBStrFromDate
 0001:0000B340       BackupVarCyFromStr
 0001:0000B2D4       BackupVarDateFromStr
 0001:0000B190       BackupVarI4FromStr
 0001:0000B13C       BackupVariantChangeTypeEx
 0001:0000B1FC       BackupVarR4FromStr
 0001:0000B268       BackupVarR8FromStr
 0001:0000B178       BiUnimplemented
 0002:000015DC       blockDescBlockList
 0002:000015E0       blockDescFreeList
 0002:00000388       BooleanIdents
 0002:00000318       BooleanToStringRule
 0001:00006390       BoolToStr
 0001:0000CA6C       BoolToWStrViaOS
 0001:00009D58       ByteToCharIndex
 0001:00009D30       ByteToCharLen
 0001:00009CF4       ByteType
 0001:00009C7C       ByteTypeTest
 0002:00001810       ChangeAnyProc
 0001:0000326C       CharFromWChar
 0001:00009F2C       CharLength
 0001:000001C0       CharNext
 0001:00004F28       CharNext
 0001:00009E40       CharToByteIndex
 0001:00009EA4       CharToByteLen
 0001:00004F30       CharToOemA
 0001:0000283C       CheckJmp
 0002:0000031C       CInvalidCustomVariantType
 0001:00011650       Classes
 0002:0000180C       ClearAnyProc
 0001:0000DCA8       ClearVariantTypeList
 0001:00000160       CloseHandle
 0001:00004E08       CloseHandle
 0002:0000103C       CmdLine
 0002:00001038       CmdShow
 0001:0000B184       CmpUnimplemented
 0001:00000654       Commit
 0002:00001620       committedRoot
 0001:00004E10       CompareString
 0001:00005F18       CompareText
 0001:000062B8       CompareWith
 0001:000091F0       ConvertAddr
 0001:000078F8       ConvertEraString
 0001:00005E5C       ConvertErrorFmt
 0001:00007A60       ConvertYearString
 0001:00003DB8       CopyArray
 0002:00001AA0       count
 0001:00009DB0       CountChars
 0001:000096D8       CreateAssertException
 0001:00009860       CreateAVObject
 0001:00004E18       CreateEvent
 0001:00004E20       CreateFile
 0001:00000168       CreateFileA
 0001:00009604       CreateInOutError
 0002:00000374       CRelationshipToBoolean
 0002:00000308       CResult
 0002:00000130       cSimpleBoolStrs
 0002:00000320       CText
 0002:00001618       curAlloc
 0002:00001680       CurrencyDecimals
 0002:0000167C       CurrencyFormat
 0002:00001678       CurrencyString
 0001:00007790       CurrentYear
 0001:00007328       CurrToStr
 0001:0000C9FC       CurrToWStrViaOS
 0001:00006068       CvtInt
 0001:000060D4       CvtInt64
 0002:00000170       CWNear
 0002:00001681       DateSeparator
 0001:00008378       DateTimeToStr
 0001:0000831C       DateTimeToString
 0001:000073E8       DateTimeToTimeStamp
 0001:0000CA34       DateToWStrViaOS
 0001:00007768       DayOfWeek
 0002:0000016C       DCon10
 0002:00000024       DebugHook
 0002:0000167F       DecimalSeparator
 0001:00007748       DecodeDate
 0001:000075FC       DecodeDateFully
 0001:0000749C       DecodeTime
 0001:000006E8       Decommit
 0001:00000D04       DecommitFree
 0002:000015F4       decommittedRoot
 0002:00000020       Default8087CW
 0002:00000030       DefaultTextLineBreakStyle
 0002:000015B8       DefaultUserCodePage
 0002:000001FC       DefLongDayNames
 0002:000001B0       DefLongMonthNames
 0002:000001E0       DefShortDayNames
 0002:00000180       DefShortMonthNames
 0001:00003FFC       DelayLoadResourceModule
 0001:000003A4       DeleteBlock
 0001:00004E28       DeleteCriticalSection
 0001:00000314       DeleteCriticalSection
 0001:00000B4C       DeleteFree
 0002:0000008C       dig
 0002:00001000       DispCallByIDProc
 0001:00005E40       DivMod
 0001:00009B8C       DoneExceptions
 0001:00011514       DoneThreadSynchronization
 0002:00000390       DotSep
 0001:0000F59C       DoWrite
 0001:00003DD0       DynArrayClear
 0001:00003DD8       DynArraySetLength
 0001:000095D8       EHeapException.FreeInstance
 0002:000017F8       EmptyParam
 0002:000000B8       EmptyStr
 0002:000000BC       EmptyWideStr
 0001:00004E30       EnterCriticalSection
 0001:00000304       EnterCriticalSection
 0001:00004E38       EnumCalendarInfoA
 0001:00008E64       EnumEraNames
 0001:00008EA0       EnumEraYearOffsets
 0002:00001748       EraNames
 0001:000085F0       EraToYear
 0002:00001764       EraYearOffsets
 0002:00000064       errCaption
 0001:00001750       Error
 0002:00000004       ErrorAddr
 0001:00001704       ErrorAt
 0001:00009684       ErrorHandler
 0002:00000218       ErrorMap
 0002:00001008       ErrorProc
 0002:000013E0       ErrOutput
 0002:0000100C       ExceptClsProc
 0001:00009AF8       ExceptHandler
 0001:0000944C       Exception.Create
 0001:00009488       Exception.CreateFmt
 0001:00009508       Exception.CreateRes
 0001:00009544       Exception.CreateResFmt
 0002:0000101C       ExceptionClass
 0001:000091FC       ExceptionErrorMessage
 0002:00000250       ExceptMap
 0002:00001010       ExceptObjProc
 0002:00001004       ExceptProc
 0002:00000000       ExitCode
 0001:00002FA0       ExitDll
 0002:00001040       ExitProc
 0001:000001C8       ExitProcess
 0002:00001024       ExitProcessProc
 0001:00006580       ExpandFileName
 0001:00006548       ExtractFileName
 0002:00001784       FalseBoolStrs
 0002:00000160       FCon1E18
 0001:000064F0       FileClose
 0001:00006458       FileCreate
 0001:00006434       FileCreate
 0002:00000008       FileMode
 0001:00001A98       FileNOPProc
 0001:000063DC       FileOpen
 0001:00006460       FileRead
 0001:000064B8       FileSeek
 0001:0000648C       FileWrite
 0001:00000C34       FillAfterGap
 0001:00000BE0       FillBeforeGap
 0001:00000CCC       FillerSizeAfterGap
 0001:00000C5C       FillerSizeBeforeGap
 0001:0000526C       Finalization
 0001:00012468       Finalization
 0001:00004F64       Finalization
 0001:00011DD8       Finalization
 0001:0000B8D8       Finalization
 0001:00004B68       Finalization
 0001:000116EC       Finalization
 0001:00004DD0       Finalization
 0001:0000AEE4       Finalization
 0001:0000B0E4       Finalization
 0001:00004D98       Finalization
 0001:0000E004       Finalization
 0001:0000E188       Finalization
 0001:000115A0       Finalization
 0001:0000E1EC       Finalization
 0001:0000E244       Finalization
 0001:00003DC8       FinalizeArray
 0001:00002DF8       FinalizeUnits
 0001:0000406C       FindBS
 0001:000001D8       FindClose
 0001:00000BB0       FindCommitted
 0001:0000DF4C       FindCustomVariantType
 0001:000001E0       FindFirstFile
 0002:00001858       FindGlobalComponentProcs
 0001:00003FD4       FindHInstance
 0001:0000B5A0       FindProc
 0001:00004044       FindResourceHInstance
 0002:00001794       FLanguages
 0002:00000398       fLibHandle
 0001:00006FB8       FloatToDecimal
 0001:000072F8       FloatToStr
 0001:00006CE4       FloatToText
 0001:00001CFC       Flush
 0002:00000174       FMSecsPerDay
 0001:00006BE0       FmtStr
 0002:0000017C       Format
 0001:00006BCC       Format
 0001:00006814       FormatBuf
 0001:00006808       FormatClearStr
 0001:0000678C       FormatError
 0002:00000158       FormatErrorStrs
 0001:00004E40       FormatMessage
 0001:000067E4       FormatVarToStr
 0001:00002078       FPower10
 0001:0000AC04       FreeAndNil
 0001:0000091C       FreeCommitted
 0001:00000E3C       FreeCurAlloc
 0001:0001152C       FreeIntConstList
 0001:000001E8       FreeLibrary
 0001:00004E48       FreeLibrary
 0001:0000059C       FreeSpace
 0001:0000A770       FreeTerminateProcs
 0002:000018D4       free_nfs_srvr_list
 0001:00004E50       GetACP
 0001:0000031C       GetBlockDesc
 0001:000002B8       GetCmdShow
 0001:000001F0       GetCommandLine
 0001:00000768       GetCommitted
 0001:000007F8       GetCommittedAt
 0001:00007854       GetCount
 0001:00004E58       GetCPInfo
 0001:000002A8       GetCurrentThreadId
 0001:00004E60       GetCurrentThreadId
 0001:00007880       GetDate
 0001:00004E68       GetDateFormat
 0001:00008508       GetDateOrder
 0001:00004E70       GetDiskFreeSpaceA
 0002:0000012C       GetDiskFreeSpaceEx
 0001:000026AC       GetDynaMethod
 0001:00008F18       GetEraNamesAndYearOffsets
 0001:0000859C       GetEraYearOffset
 0001:00009848       GetExceptionClass
 0001:00009A2C       GetExceptionObject
 0001:00000178       GetFileSize
 0001:00000170       GetFileType
 0001:0000A344       GetFormatSettings
 0001:00004E78       GetFullPathName
 0001:00002364       GetKeyboardType
 0001:00004E80       GetLastError
 0001:000001F8       GetLastError
 0001:00008CDC       GetLocaleChar
 0001:00004E90       GetLocaleInfo
 0001:00000200       GetLocaleInfo
 0001:00008C90       GetLocaleStr
 0001:00004E88       GetLocalTime
 0001:00004E98       GetModuleFileName
 0001:00000208       GetModuleFileName
 0001:00004EA0       GetModuleHandle
 0001:00004C90       GetModuleHandle
 0001:00000210       GetModuleHandle
 0001:00008D40       GetMonthDayNames
 0001:00001830       GetParamStr
 0001:00004EA8       GetProcAddress
 0001:00000218       GetProcAddress
 0001:000004C0       GetSpace
 0001:00000524       GetSpaceAt
 0001:00000220       GetStartupInfo
 0001:00000180       GetStdHandle
 0001:00004EB0       GetStdHandle
 0001:00004EB8       GetStringTypeEx
 0001:00004F38       GetSystemMetrics
 0001:00000228       GetThreadLocale
 0001:00004EC0       GetThreadLocale
 0001:000078B8       GetTime
 0001:00004CBC       GetTlsSize
 0001:000002B0       GetVersion
 0001:00004EC8       GetVersionEx
 0002:0000185C       GlobalFixupList
 0002:00001844       GlobalNameSpace
 0002:000015C0       heapErrorCode
 0002:000015C4       heapLock
 0002:00000128       HexDisplayPrefix
 0002:00001660       HInstance
 0002:00000178       IMSecsPerDay
 0001:0000C40C       InBounds
 0001:0000C6AC       InBounds
 0001:0000C6DC       Increment
 0001:0000C43C       Increment
 0001:000009A8       InitAllocator
 0002:00001630       InitContext
 0001:0000A790       InitDriveSpacePtr
 0001:00009B08       InitExceptions
 0001:00004ED0       InitializeCriticalSection
 0001:000002FC       InitializeCriticalSection
 0002:000015BC       initialized
 0001:00004D48       InitializeModule
 0001:0000B5CC       InitializeVarUtils
 0001:0000A158       InitLeadBytes
 0001:00009C0C       InitPlatformId
 0001:0000A1D0       InitSysLocale
 0001:000114E0       InitThreadSynchronization
 0001:00004CC4       InitThreadTLS
 0001:00002E58       InitUnits
 0002:00001048       Input
 0001:00000DB4       InsertFree
 0002:00001850       IntConstList
 0001:0000A7F8       InterlockedDecrement
 0001:000002A0       InterlockedDecrement
 0001:0000A804       InterlockedExchange
 0001:0000A80C       InterlockedExchangeAdd
 0001:0000A7EC       InterlockedIncrement
 0001:00000298       InterlockedIncrement
 0001:00001AD8       InternalClose
 0001:00001CB4       InternalFlush
 0001:00000C10       InternalFreeMem
 0001:000035F4       InternalUniqueString
 0001:000061C8       IntToHex
 0001:000060B4       IntToStr
 0001:000061A0       IntToStr
 0002:00001790       InvalidPointer
 0001:00002580       InvokeImplGetter
 0001:000017D0       IOResult
 0002:00001044       IsConsole
 0001:000074F8       IsLeapYear
 0002:00001034       IsLibrary
 0002:00001045       IsMultiThread
 0001:0000A1B8       IsWesternGroup
 0002:00000028       JITEnable
 0001:000064F8       LastDelimiter
 0001:00004AF4       LCIDToCodePage
 0001:0000A0E4       LCIDToCodePage
 0002:00000108       LeadBytes
 0001:00004ED8       LeaveCriticalSection
 0001:0000030C       LeaveCriticalSection
 0002:00000034       LibModuleList
 0001:00011E08       libnfs
 0001:00011724       lib_free
 0001:00011730       lib_init
 0002:00001746       ListSeparator
 0001:00004EE0       LoadLibraryA
 0001:00000230       LoadLibraryEx
 0001:00004238       LoadResourceModule
 0001:00004A9C       LoadResString
 0001:00004F40       LoadString
 0001:00000238       LoadString
 0001:00004C98       LocalAlloc
 0001:000002DC       LocalAlloc
 0001:000002E4       LocalFree
 0001:00008D04       LocalGetLocaleStr
 0002:00001688       LongDateFormat
 0002:0000171C       LongDayNames
 0002:000016D0       LongMonthNames
 0002:0000169C       LongTimeFormat
 0001:00005EDC       LowerCase
 0001:00000240       lstrcpyn
 0002:0000181C       LVarTypes
 0002:00001820       LVarTypeSync
 0002:0000102C       MainInstance
 0002:00001030       MainThreadID
 0001:0000036C       MakeEmpty
 0001:00002F44       MakeErrorMessage
 0001:00004F50       MakeWord
 0001:000097C8       MapException
 0001:00002C70       MapToRunError
 0002:0000003C       MemoryManager
 0001:000003BC       MergeBlockAfter
 0001:00000E88       MergeCommit
 0001:000001D0       MessageBox
 0001:00004F48       MessageBox
 0001:0000B114       Messages
 0002:000000A0       Module
 0002:0000165D       ModuleIsCpp
 0002:0000165C       ModuleIsLib
 0001:00011598       ModuleUnload
 0002:00000038       ModuleUnloadList
 0002:000000D8       MonthDays
 0002:000018DC       mount_free_export_list
 0002:000018D8       mount_getexports
 0001:000017F0       Move
 0001:00000250       MultiByteToWideChar
 0002:0000167D       NegCurrFormat
 0001:00000F14       NewCommit
 0001:00000F40       NewCommitAt
 0001:00009F68       NextCharIndex
 0002:0000039C       nfs
 0001:00012518       nfsclient
 0001:00011D20       nfsdiscover
 0001:00011C0C       nfsgetexports
 0001:000121F4       nfslistdir
 0001:00011E10       nfsreadfile3
 0001:00011FDC       nfswritefile2
 0002:000018CC       nfs_chdir
 0002:000018B8       nfs_close
 0002:000018C4       nfs_closedir
 0002:00001894       nfs_creat
 0002:00001880       nfs_destroy_context
 0002:00001888       nfs_destroy_url
 0002:000018D0       nfs_find_local_servers
 0002:000018B0       nfs_fstat64
 0002:000018C8       nfs_getcwd
 0002:0000188C       nfs_get_error
 0002:000018F8       nfs_get_readmax
 0002:000018FC       nfs_get_writemax
 0002:0000187C       nfs_init_context
 0002:000018AC       nfs_lseek
 0002:000018F0       nfs_mkdir
 0002:00001890       nfs_mount
 0002:00001898       nfs_open
 0002:000018BC       nfs_opendir
 0002:00001884       nfs_parse_url_full
 0002:000018A4       nfs_pread
 0002:000018A8       nfs_pwrite
 0002:0000189C       nfs_read
 0002:000018C0       nfs_readdir
 0002:000018F4       nfs_rename
 0002:000018EC       nfs_rmdir
 0002:000018E8       nfs_set_gid
 0002:000018E4       nfs_set_uid
 0002:00001900       nfs_set_version
 0002:000018B4       nfs_stat64
 0002:000018E0       nfs_truncate
 0002:00001904       nfs_unlink
 0002:000018A0       nfs_write
 0002:0000002C       NoErrMsg
 0001:00002828       NotifyAnyExcept
 0001:000027FC       NotifyExcept
 0001:0000285C       NotifyExceptFinally
 0001:00004538       NotifyModuleUnload
 0001:000027D8       NotifyNonDelphiException
 0001:00002814       NotifyOnExcept
 0001:000027BC       NotifyReRaise
 0001:00002884       NotifyTerminate
 0001:000028A0       NotifyUnhandled
 0002:00000314       NullAsStringValue
 0002:00000310       NullStrictConvert
 0001:000019F8       OpenText
 0002:0000178C       OutOfMemory
 0002:00001214       Output
 0001:0000191C       ParamCount
 0001:0000197C       ParamStr
 0001:0000EC4C       PointerInModule
 0001:00010D68       PropValueError
 0001:00006CA0       PutExponent
 0001:00009784       RaiseAssertException
 0001:00010818       RaiseException
 0001:00000188       RaiseException
 0002:00001014       RaiseExceptionProc
 0001:0000A6C4       RaiseLastOSError
 0001:00010D50       ReadError
 0001:00000190       ReadFile
 0001:00004EE8       ReadFile
 0002:00001814       RefAnyProc
 0001:00000258       RegCloseKey
 0002:00001854       RegGroups
 0001:00004594       RegisterModule
 0001:00000260       RegOpenKeyEx
 0001:00000268       RegQueryValueEx
 0002:00000048       reMap
 0002:00001614       remBytes
 0001:0000042C       RemoveBlock
 0001:00010C20       RemoveFixupReferences
 0001:00010CCC       RemoveFixups
 0001:000044D8       RemoveModuleUnloadProc
 0001:000044B0       RemoveModuleUnloadProc
 0001:00004EF0       ResetEvent
 0001:000013C8       ResizeInPlace
 0001:0000F6FC       ReturnAddr
 0001:0000EF60       ReturnAddr
 0002:00001610       rover
 0001:0000E1B8       RTLConsts
 0001:00000198       RtlUnwind
 0002:00001018       RTLUnwindProc
 0002:0000006C       runErrMsg
 0001:000016F8       RunErrorAt
 0001:0000B580       SafeArrayCreate
 0001:0000B588       SafeArrayGetLBound
 0001:0000B590       SafeArrayGetUBound
 0001:0000B598       SafeArrayPtrOfIndex
 0001:00005F6C       SameText
 0001:0000838C       ScanBlanks
 0001:000084D0       ScanChar
 0001:0000864C       ScanDate
 0001:000083B0       ScanNumber
 0001:00008444       ScanString
 0001:00008990       ScanTime
 0001:00008554       ScanToNumber
 0001:00000F74       SearchSmallBlocks
 0002:00001A9C       servers
 0001:0000DC78       SetClearVarToEmptyParam
 0001:00004EF8       SetEndOfFile
 0001:000001A0       SetEndOfFile
 0001:00004F00       SetEvent
 0001:00002DB0       SetExceptionHandler
 0001:00004F08       SetFilePointer
 0001:000001A8       SetFilePointer
 0001:0000177C       SetInOutRes
 0001:0000DC60       SetVarAsError
 0002:00000144       ShareMode
 0002:00001684       ShortDateFormat
 0002:00001700       ShortDayNames
 0002:000016A0       ShortMonthNames
 0002:00001698       ShortTimeFormat
 0001:00009384       ShowException
 0001:000110B4       SkipBinary
 0001:000110E4       SkipCollection
 0001:0001108C       SkipList
 0001:0000A6BC       Sleep
 0002:0000161C       smallTab
 0002:000015E4       spaceRoot
 0001:0000674C       StrAlloc
 0001:00009D18       StrByteType
 0001:00009F04       StrCharLength
 0001:000106DC       StringListCompareStrings
 0001:00006658       StrLCopy
 0001:00006630       StrLen
 0001:00006B8C       StrLFmt
 0001:0000668C       StrLIComp
 0001:00006648       StrMove
 0001:00006760       StrNew
 0001:00009F24       StrNextChar
 0001:00006738       StrPas
 0001:000066E4       StrPos
 0001:000066D0       StrScan
 0001:000061F0       StrToIntDef
 0002:00001848       SyncEvent
 0002:00000394       SyncList
 0001:00000280       SysAllocStringLen
 0001:0000529C       SysConst
 0001:00008C44       SysErrorMessage
 0001:00001224       SysFreeMem
 0001:00000290       SysFreeString
 0001:00001094       SysGetMem
 0001:00004DC8       SysInit
 0002:00001738       SysLocale
 0001:000015A4       SysReallocMem
 0001:00000288       SysReAllocStringLen
 0001:00004BBC       System
 0001:0000B064       SysUtils
 0001:0000DD14       TCustomVariantType.BinaryOp
 0001:0000DD20       TCustomVariantType.Cast
 0001:0000DD58       TCustomVariantType.CastTo
 0001:0000DDE4       TCustomVariantType.CastToOle
 0001:0000DDA0       TCustomVariantType.Compare
 0001:0000DDAC       TCustomVariantType.CompareOp
 0001:0000DE20       TCustomVariantType.Destroy
 0001:0000DF00       TCustomVariantType.DispInvoke
 0001:0000DEAC       TCustomVariantType.IsClear
 0001:0000DEB0       TCustomVariantType.LeftPromotion
 0001:0000DEC4       TCustomVariantType.OlePromotion
 0001:0000DF24       TCustomVariantType.QueryInterface
 0001:0000DECC       TCustomVariantType.RaiseCastError
 0001:0000DEDC       TCustomVariantType.RaiseDispError
 0001:0000DED4       TCustomVariantType.RaiseInvalidOp
 0001:0000DEE4       TCustomVariantType.RightPromotion
 0001:0000DEF8       TCustomVariantType.UnaryOp
 0001:0000DF0C       TCustomVariantType._AddRef
 0001:0000DF18       TCustomVariantType._Release
 0002:00000304       TerminateProcList
 0002:00001046       Test8086
 0001:00001AE8       TextClose
 0001:00001A5C       TextIn
 0001:00001B08       TextOpen
 0001:00001A9C       TextOut
 0001:000071E4       TextToFloat
 0001:00010A98       TFileStream.Create
 0001:00010A54       TFileStream.Create
 0001:00010BEC       TFileStream.Destroy
 0001:00010990       THandleStream.Create
 0001:000109CC       THandleStream.Read
 0001:000109EC       THandleStream.Seek
 0001:00010A18       THandleStream.SetSize
 0001:00010A2C       THandleStream.SetSize
 0001:000109DC       THandleStream.Write
 0002:0000167E       ThousandSeparator
 0002:00001860       ThreadLock
 0002:00001690       TimeAMString
 0002:00001694       TimePMString
 0002:0000168C       TimeSeparator
 0001:00004658       TInterfacedObject.AfterConstruction
 0001:00004664       TInterfacedObject.BeforeDestruction
 0001:00004674       TInterfacedObject.NewInstance
 0001:00004684       TInterfacedObject.QueryInterface
 0001:000046AC       TInterfacedObject._AddRef
 0001:000046C0       TInterfacedObject._Release
 0001:0000EEB4       TList.Add
 0001:0000EEE8       TList.Clear
 0001:0000EF00       TList.Delete
 0001:0000EE94       TList.Destroy
 0001:0000EF64       TList.Error
 0001:0000EF9C       TList.Error
 0001:0000EFF0       TList.Get
 0001:0000F018       TList.Grow
 0001:0000F0F8       TList.Notify
 0001:0000F04C       TList.SetCapacity
 0001:0000F088       TList.SetCount
 0002:00001668       tlsBuffer
 0001:00004CA0       TlsGetValue
 0002:0000009C       TlsIndex
 0002:FFBEC00C       TlsLast
 0001:00004CA8       TlsSetValue
 0001:0000AB30       TMultiReadExclusiveWriteSynchronizer.BeginRead
 0001:0000AA44       TMultiReadExclusiveWriteSynchronizer.BeginWrite
 0001:0000AA00       TMultiReadExclusiveWriteSynchronizer.BlockReaders
 0001:0000A944       TMultiReadExclusiveWriteSynchronizer.Create
 0001:0000A9B8       TMultiReadExclusiveWriteSynchronizer.Destroy
 0001:0000AB9C       TMultiReadExclusiveWriteSynchronizer.EndRead
 0001:0000AAE0       TMultiReadExclusiveWriteSynchronizer.EndWrite
 0001:0000AA18       TMultiReadExclusiveWriteSynchronizer.UnblockOneWriter
 0001:0000AA0C       TMultiReadExclusiveWriteSynchronizer.UnblockReaders
 0001:0000AA24       TMultiReadExclusiveWriteSynchronizer.WaitForReadSignal
 0001:0000AA34       TMultiReadExclusiveWriteSynchronizer.WaitForWriteSignal
 0001:00002714       TObject.AfterConstruction
 0001:00002718       TObject.BeforeDestruction
 0001:00002474       TObject.ClassName
 0001:00002488       TObject.ClassParent
 0001:0000246C       TObject.ClassType
 0001:00002560       TObject.CleanupInstance
 0001:000024CC       TObject.Create
 0001:00002710       TObject.DefaultHandler
 0001:000024EC       TObject.Destroy
 0001:0000271C       TObject.Dispatch
 0001:000024FC       TObject.Free
 0001:000024B0       TObject.FreeInstance
 0001:000025B0       TObject.GetInterface
 0001:00002644       TObject.GetInterfaceEntry
 0001:000026F4       TObject.InheritsFrom
 0001:00002508       TObject.InitInstance
 0001:000024C4       TObject.InstanceSize
 0001:00002494       TObject.NewInstance
 0001:00002708       TObject.SafeCallException
 0001:00004080       ToLongPath
 0001:0000F218       TPersistent.Assign
 0001:0000F22C       TPersistent.AssignError
 0001:0000F2FC       TPersistent.AssignTo
 0001:0000F304       TPersistent.DefineProperties
 0001:0000F1EC       TPersistent.Destroy
 0001:0000F308       TPersistent.GetNamePath
 0001:0000F3B8       TPersistent.GetOwner
 0001:00008FC8       TranslateDateFormat
 0001:0000C124       TranslateResult
 0001:00010D74       TReader.CheckValue
 0001:00010D98       TReader.EndOfList
 0001:00010DAC       TReader.NextValue
 0001:00010DBC       TReader.Read
 0001:00010E08       TReader.ReadBuffer
 0001:00010E44       TReader.ReadListBegin
 0001:00010E4C       TReader.ReadListEnd
 0001:00010E54       TReader.ReadStr
 0001:00010E90       TReader.ReadString
 0001:00011030       TReader.ReadValue
 0001:00010F4C       TReader.ReadWideString
 0001:00011324       TReader.SkipBytes
 0001:000112DC       TReader.SkipProperty
 0001:00011044       TReader.SkipSetBody
 0001:00011140       TReader.SkipValue
 0001:0000EB90       TRegGroup.Create
 0001:0000EC0C       TRegGroup.Destroy
 0001:0000EC6C       TRegGroup.UnregisterModuleClasses
 0001:0000ED10       TRegGroups.Create
 0001:0000ED84       TRegGroups.Destroy
 0001:0000EDE0       TRegGroups.Lock
 0001:0000EDEC       TRegGroups.Unlock
 0001:0000EDF8       TRegGroups.UnregisterModuleClasses
 0001:00006018       Trim
 0002:00001780       TrueBoolStrs
 0001:00007534       TryEncodeDate
 0001:0000742C       TryEncodeTime
 0001:00000FA0       TryHarder
 0001:00001ED0       TryOpenForOutput
 0001:000062F4       TryStrToBool
 0001:000073CC       TryStrToCurr
 0001:00008BB8       TryStrToDateTime
 0001:000073A0       TryStrToFloat
 0001:00007374       TryStrToFloat
 0001:00007358       TryStrToFloat
 0001:00006208       TryStrToInt
 0001:00008B84       TryStrToTime
 0001:00010754       TStream.GetPosition
 0001:00010774       TStream.GetSize
 0001:00010864       TStream.Seek
 0001:000108E8       TStream.Seek
 0001:000107C0       TStream.SetSize
 0001:000107C4       TStream.SetSize
 0001:00010958       TStream.WriteBuffer
 0001:0001017C       TStringList.Add
 0001:00010188       TStringList.AddObject
 0001:000101EC       TStringList.Changed
 0001:00010208       TStringList.Changing
 0001:00010224       TStringList.Clear
 0001:00010738       TStringList.CompareStrings
 0001:00010700       TStringList.CustomSort
 0001:00010264       TStringList.Delete
 0001:00010120       TStringList.Destroy
 0001:000102D0       TStringList.Exchange
 0001:0001032C       TStringList.ExchangeItems
 0001:00010350       TStringList.Find
 0001:000103C8       TStringList.Get
 0001:000103FC       TStringList.GetCapacity
 0001:00010400       TStringList.GetCount
 0001:00010404       TStringList.GetObject
 0001:0001042C       TStringList.Grow
 0001:00010460       TStringList.IndexOf
 0001:0001049C       TStringList.Insert
 0001:00010500       TStringList.InsertItem
 0001:000104AC       TStringList.InsertObject
 0001:00010578       TStringList.Put
 0001:000105D4       TStringList.PutObject
 0001:00010614       TStringList.QuickSort
 0001:000106A8       TStringList.SetCapacity
 0001:000106C4       TStringList.SetUpdateState
 0001:000106F0       TStringList.Sort
 0001:0000F3EC       TStrings.Add
 0001:0000F410       TStrings.AddObject
 0001:0000F434       TStrings.AddStrings
 0001:0000F4EC       TStrings.Assign
 0001:0000F584       TStrings.BeginUpdate
 0001:000100E0       TStrings.CompareStrings
 0001:0000F5F4       TStrings.DefineProperties
 0001:0000F3BC       TStrings.Destroy
 0001:0000F640       TStrings.EndUpdate
 0001:0000F654       TStrings.Equals
 0001:0000F700       TStrings.Error
 0001:0000F738       TStrings.Error
 0001:0000F790       TStrings.Exchange
 0001:0000F878       TStrings.GetCapacity
 0001:000100EC       TStrings.GetNameValueSeparator
 0001:0000F880       TStrings.GetObject
 0001:0000F884       TStrings.GetText
 0001:0000F8D8       TStrings.GetTextStr
 0001:0000FA00       TStrings.IndexOf
 0001:0000FA8C       TStrings.IndexOfName
 0001:0000FB60       TStrings.IndexOfObject
 0001:0000FB94       TStrings.InsertObject
 0001:0000FBC4       TStrings.LoadFromFile
 0001:0000FC18       TStrings.LoadFromStream
 0001:0000FCC4       TStrings.Move
 0001:0000FD74       TStrings.Put
 0001:0000FDA8       TStrings.PutObject
 0001:0000FDAC       TStrings.ReadData
 0001:0000FE5C       TStrings.SaveToFile
 0001:0000FEB4       TStrings.SaveToStream
 0001:0000FF10       TStrings.SetCapacity
 0001:00010104       TStrings.SetNameValueSeparator
 0001:0000FF14       TStrings.SetStringsAdapter
 0001:0000FF48       TStrings.SetText
 0001:0000FF98       TStrings.SetTextStr
 0001:00010058       TStrings.SetUpdateState
 0001:0001005C       TStrings.WriteData
 0001:0000F0FC       TThreadList.Create
 0001:0000F150       TThreadList.Destroy
 0001:0000F1CC       TThreadList.LockList
 0001:0000F1E0       TThreadList.UnlockList
 0001:0000A8F4       TThreadLocalCounter.Delete
 0001:0000A814       TThreadLocalCounter.Destroy
 0001:0000A864       TThreadLocalCounter.HashIndex
 0001:0000A87C       TThreadLocalCounter.Open
 0001:0000A904       TThreadLocalCounter.Recycle
 0002:000000D4       TwoDigitYearCenturyWindow
 0001:0001136C       TWriter.Write
 0001:000113B8       TWriter.WriteBuffer
 0001:000113D0       TWriter.WriteListBegin
 0001:000113D8       TWriter.WriteListEnd
 0001:000113E0       TWriter.WriteMinStr
 0001:00011478       TWriter.WriteString
 0001:000114CC       TWriter.WriteValue
 0001:00004E00       Types
 0001:0000E23C       TypInfo
 0001:000001B0       UnhandledExceptionFilter
 0001:000046E8       UnicodeToUtf8
 0001:00000A6C       UninitAllocator
 0001:0000B16C       UniUnimplemented
 0001:000045A4       UnregisterModule
 0001:0000EE48       UnRegisterModuleClasses
 0001:00002DD0       UnsetExceptionHandler
 0001:00005EA0       UpperCase
 0002:000003A0       url
 0001:000049A8       UTF8Decode
 0001:000048FC       UTF8Encode
 0001:000047C4       Utf8ToUnicode
 0002:000017A8       VarAdd
 0002:00000010       VarAddRefProc
 0002:000017C0       VarAnd
 0001:0000C498       VarArrayClear
 0001:0000C738       VarArrayCopyForEach
 0001:0000C0D0       VarArrayCreateError
 0002:000017E4       VarBoolFromStr
 0002:000017F0       VarBstrFromBool
 0002:000017E8       VarBstrFromCy
 0002:000017EC       VarBstrFromDate
 0001:0000BF44       VarCastError
 0001:0000BEF0       VarCastError
 0001:0000C614       VarClearDeep
 0002:0000000C       VarClearProc
 0002:000017CC       VarCmp
 0001:0000C904       VarCopyCopyProc
 0001:0000C90C       VarCopyDeep
 0002:00000014       VarCopyProc
 0002:000017E0       VarCyFromStr
 0002:000017DC       VarDateFromStr
 0002:00001808       VarDispProc
 0002:000017B4       VarDiv
 0002:000017D0       VarI4FromStr
 0001:0000B134       VariantChangeType
 0002:0000179C       VariantChangeTypeEx
 0001:0000B124       VariantClear
 0001:0000B12C       VariantCopy
 0001:0000B11C       VariantInit
 0001:0000E07C       Variants
 0002:000017B8       VarIDiv
 0001:0000BFE0       VarInvalidOp
 0002:000017BC       VarMod
 0002:000017B0       VarMul
 0002:000017A0       VarNeg
 0002:000017A4       VarNot
 0002:000017C4       VarOr
 0001:0000C034       VarOverflowError
 0002:000017D4       VarR4FromStr
 0002:000017D8       VarR8FromStr
 0001:0000C378       VarResultCheck
 0001:0000C384       VarResultCheck
 0002:000017AC       VarSub
 0001:0000CBFC       VarToLStrAny
 0001:0000CC60       VarToLStrCustom
 0002:00000018       VarToLStrProc
 0001:0000CB30       VarToLStrViaOS
 0001:0000D2E0       VarToWStrAny
 0001:0000D344       VarToWStrCustom
 0002:0000001C       VarToWStrProc
 0001:0000D228       VarToWStrViaOS
 0001:0000DAF0       VarTypeAsText
 0001:0000B908       VarUtils
 0002:000017C8       VarXor
 0001:00006228       VerifyBoolStrArray
 0001:000002EC       VirtualAlloc
 0001:000002F4       VirtualFree
 0001:00000278       VirtualQuery
 0001:00004F10       VirtualQuery
 0001:00004F18       WaitForSingleObject
 0001:0000328C       WCharFromChar
 0002:00000300       WesternGroups
 0001:00000270       WideCharToMultiByte
 0002:000000CC       Win32BuildNumber
 0001:0000A760       Win32Check
 0002:000000D0       Win32CSDVersion
 0002:000000C4       Win32MajorVersion
 0002:000000C8       Win32MinorVersion
 0002:000000C0       Win32Platform
 0001:00004F94       Windows
 0001:0001171C       WinSock
 0001:00002FD0       WriteErrorMessage
 0001:00004F20       WriteFile
 0001:000001B8       WriteFile
 0002:0000190C       wsaData
 0001:000116E4       WSAStartup
 0001:00003754       WStrError
 0001:00003774       WStrSet


  Address         Publics by Value

 0002:FFBEC00C       TlsLast
 0001:00000160       CloseHandle
 0001:00000168       CreateFileA
 0001:00000170       GetFileType
 0001:00000178       GetFileSize
 0001:00000180       GetStdHandle
 0001:00000188       RaiseException
 0001:00000190       ReadFile
 0001:00000198       RtlUnwind
 0001:000001A0       SetEndOfFile
 0001:000001A8       SetFilePointer
 0001:000001B0       UnhandledExceptionFilter
 0001:000001B8       WriteFile
 0001:000001C0       CharNext
 0001:000001C8       ExitProcess
 0001:000001D0       MessageBox
 0001:000001D8       FindClose
 0001:000001E0       FindFirstFile
 0001:000001E8       FreeLibrary
 0001:000001F0       GetCommandLine
 0001:000001F8       GetLastError
 0001:00000200       GetLocaleInfo
 0001:00000208       GetModuleFileName
 0001:00000210       GetModuleHandle
 0001:00000218       GetProcAddress
 0001:00000220       GetStartupInfo
 0001:00000228       GetThreadLocale
 0001:00000230       LoadLibraryEx
 0001:00000238       LoadString
 0001:00000240       lstrcpyn
 0001:00000248       @strlen
 0001:00000250       MultiByteToWideChar
 0001:00000258       RegCloseKey
 0001:00000260       RegOpenKeyEx
 0001:00000268       RegQueryValueEx
 0001:00000270       WideCharToMultiByte
 0001:00000278       VirtualQuery
 0001:00000280       SysAllocStringLen
 0001:00000288       SysReAllocStringLen
 0001:00000290       SysFreeString
 0001:00000298       InterlockedIncrement
 0001:000002A0       InterlockedDecrement
 0001:000002A8       GetCurrentThreadId
 0001:000002B0       GetVersion
 0001:000002B8       GetCmdShow
 0001:000002DC       LocalAlloc
 0001:000002E4       LocalFree
 0001:000002EC       VirtualAlloc
 0001:000002F4       VirtualFree
 0001:000002FC       InitializeCriticalSection
 0001:00000304       EnterCriticalSection
 0001:0000030C       LeaveCriticalSection
 0001:00000314       DeleteCriticalSection
 0001:0000031C       GetBlockDesc
 0001:0000036C       MakeEmpty
 0001:00000374       AddBlockAfter
 0001:000003A4       DeleteBlock
 0001:000003BC       MergeBlockAfter
 0001:0000042C       RemoveBlock
 0001:000004C0       GetSpace
 0001:00000524       GetSpaceAt
 0001:0000059C       FreeSpace
 0001:00000654       Commit
 0001:000006E8       Decommit
 0001:00000768       GetCommitted
 0001:000007F8       GetCommittedAt
 0001:0000091C       FreeCommitted
 0001:000009A8       InitAllocator
 0001:00000A6C       UninitAllocator
 0001:00000B4C       DeleteFree
 0001:00000BB0       FindCommitted
 0001:00000BE0       FillBeforeGap
 0001:00000C10       InternalFreeMem
 0001:00000C34       FillAfterGap
 0001:00000C5C       FillerSizeBeforeGap
 0001:00000CCC       FillerSizeAfterGap
 0001:00000D04       DecommitFree
 0001:00000DB4       InsertFree
 0001:00000E3C       FreeCurAlloc
 0001:00000E88       MergeCommit
 0001:00000F14       NewCommit
 0001:00000F40       NewCommitAt
 0001:00000F74       SearchSmallBlocks
 0001:00000FA0       TryHarder
 0001:00001094       SysGetMem
 0001:00001224       SysFreeMem
 0001:000013C8       ResizeInPlace
 0001:000015A4       SysReallocMem
 0001:00001668       @GetMem
 0001:00001688       @FreeMem
 0001:000016A8       @ReallocMem
 0001:000016F8       RunErrorAt
 0001:00001704       ErrorAt
 0001:00001750       Error
 0001:0000175C       @_IOTest
 0001:0000177C       SetInOutRes
 0001:0000178C       @Copy
 0001:000017D0       IOResult
 0001:000017F0       Move
 0001:00001830       GetParamStr
 0001:0000191C       ParamCount
 0001:0000197C       ParamStr
 0001:000019DC       @AbstractError
 0001:000019F8       OpenText
 0001:00001A50       @RewritText
 0001:00001A5C       TextIn
 0001:00001A98       FileNOPProc
 0001:00001A9C       TextOut
 0001:00001AD8       InternalClose
 0001:00001AE8       TextClose
 0001:00001B08       TextOpen
 0001:00001CB4       InternalFlush
 0001:00001CFC       Flush
 0001:00001D08       @Flush
 0001:00001D14       @Close
 0001:00001D6C       @AStrCmp
 0001:00001DDC       @FillChar
 0001:00001DFC       @ValLong
 0001:00001ED0       TryOpenForOutput
 0001:00001F14       @WriteBytes
 0001:00001F68       @WriteSpaces
 0001:00001FE4       @Write0CString
 0001:00001FEC       @WriteCString
 0001:0000201C       @WriteLn
 0001:00002064       @SetEq
 0001:00002078       FPower10
 0001:00002080       @Pow10
 0001:00002364       GetKeyboardType
 0001:0000236C       @isNECWindows
 0001:0000239C       @FpuMaskInit
 0001:00002460       @FpuInit
 0001:0000246C       TObject.ClassType
 0001:00002474       TObject.ClassName
 0001:00002488       TObject.ClassParent
 0001:00002494       TObject.NewInstance
 0001:000024B0       TObject.FreeInstance
 0001:000024C4       TObject.InstanceSize
 0001:000024CC       TObject.Create
 0001:000024EC       TObject.Destroy
 0001:000024FC       TObject.Free
 0001:00002508       TObject.InitInstance
 0001:00002560       TObject.CleanupInstance
 0001:00002580       InvokeImplGetter
 0001:000025B0       TObject.GetInterface
 0001:00002644       TObject.GetInterfaceEntry
 0001:00002688       @IsClass
 0001:000026AC       GetDynaMethod
 0001:000026DC       @CallDynaInst
 0001:000026F4       TObject.InheritsFrom
 0001:00002708       TObject.SafeCallException
 0001:00002710       TObject.DefaultHandler
 0001:00002714       TObject.AfterConstruction
 0001:00002718       TObject.BeforeDestruction
 0001:0000271C       TObject.Dispatch
 0001:00002744       @ClassCreate
 0001:00002794       @ClassDestroy
 0001:0000279C       @AfterConstruction
 0001:000027AC       @BeforeDestruction
 0001:000027BC       NotifyReRaise
 0001:000027D8       NotifyNonDelphiException
 0001:000027FC       NotifyExcept
 0001:00002814       NotifyOnExcept
 0001:00002828       NotifyAnyExcept
 0001:0000283C       CheckJmp
 0001:0000285C       NotifyExceptFinally
 0001:00002884       NotifyTerminate
 0001:000028A0       NotifyUnhandled
 0001:000028C0       @HandleAnyException
 0001:000029EC       @HandleOnException
 0001:00002B74       @HandleFinally
 0001:00002BAC       @RaiseExcept
 0001:00002BD4       @RaiseAgain
 0001:00002C28       @DoneExcept
 0001:00002C58       @TryFinallyExit
 0001:00002C70       MapToRunError
 0001:00002D10       @ExceptionHandler
 0001:00002DB0       SetExceptionHandler
 0001:00002DD0       UnsetExceptionHandler
 0001:00002DF8       FinalizeUnits
 0001:00002E58       InitUnits
 0001:00002EB8       @StartExe
 0001:00002EF8       @InitResStringImports
 0001:00002F20       @InitImports
 0001:00002F44       MakeErrorMessage
 0001:00002FA0       ExitDll
 0001:00002FD0       WriteErrorMessage
 0001:0000305C       @Halt0
 0001:00003134       @Halt
 0001:00003140       @RunError
 0001:0000314C       @LStrClr
 0001:00003170       @LStrArrayClr
 0001:000031A0       @LStrAsg
 0001:000031E4       @LStrLAsg
 0001:00003210       @NewAnsiString
 0001:0000323C       @LStrFromPCharLen
 0001:0000326C       CharFromWChar
 0001:0000328C       WCharFromChar
 0001:000032A8       @LStrFromPWCharLen
 0001:00003334       @LStrFromChar
 0001:00003344       @LStrFromPChar
 0001:00003374       @LStrFromPWChar
 0001:000033B0       @LStrFromString
 0001:000033BC       @LStrFromArray
 0001:000033D4       @LStrFromWStr
 0001:000033E8       @LStrLen
 0001:000033F0       @LStrCat
 0001:00003434       @LStrCat3
 0001:000034A8       @LStrCatN
 0001:00003534       @LStrCmp
 0001:000035D8       @LStrAddRef
 0001:000035E8       @LStrToPChar
 0001:000035F4       InternalUniqueString
 0001:00003638       @UniqueStringA
 0001:00003640       @LStrCopy
 0001:00003680       @LStrPos
 0001:000036C8       @LStrSetLength
 0001:0000372C       @Write0LString
 0001:00003734       @WriteLString
 0001:00003754       WStrError
 0001:0000375C       @NewWideString
 0001:00003774       WStrSet
 0001:00003784       @WStrClr
 0001:0000379C       @WStrArrayClr
 0001:000037C0       @WStrAsg
 0001:000037E4       @WStrFromPCharLen
 0001:00003870       @WStrFromPWCharLen
 0001:00003894       @WStrFromPWChar
 0001:000038D0       @WStrFromLStr
 0001:000038E0       @WStrToPWChar
 0001:000038F0       @WStrLen
 0001:000038FC       @WStrCmp
 0001:00003980       @WStrCopy
 0001:000039CC       @WStrSetLength
 0001:00003A10       @FinalizeRecord
 0001:00003A44       @VarClr
 0001:00003A5C       @FinalizeArray
 0001:00003B48       @Finalize
 0001:00003B54       @VarCopy
 0001:00003B6C       @CopyRecord
 0001:00003C88       @CopyArray
 0001:00003D7C       @DispCallByIDError
 0001:00003D84       @_llmul
 0001:00003DA8       @DynArrayLength
 0001:00003DB0       @DynArrayHigh
 0001:00003DB8       CopyArray
 0001:00003DC8       FinalizeArray
 0001:00003DD0       DynArrayClear
 0001:00003DD8       DynArraySetLength
 0001:00003F64       @DynArraySetLength
 0001:00003F70       @DynArrayClear
 0001:00003FAC       @DynArrayAsg
 0001:00003FD4       FindHInstance
 0001:00003FFC       DelayLoadResourceModule
 0001:00004044       FindResourceHInstance
 0001:0000406C       FindBS
 0001:00004080       ToLongPath
 0001:00004238       LoadResourceModule
 0001:000044A8       AddModuleUnloadProc
 0001:000044B0       RemoveModuleUnloadProc
 0001:000044B8       AddModuleUnloadProc
 0001:000044D8       RemoveModuleUnloadProc
 0001:00004538       NotifyModuleUnload
 0001:00004594       RegisterModule
 0001:000045A4       UnregisterModule
 0001:00004614       @IntfClear
 0001:0000462C       @IntfCopy
 0001:00004658       TInterfacedObject.AfterConstruction
 0001:00004664       TInterfacedObject.BeforeDestruction
 0001:00004674       TInterfacedObject.NewInstance
 0001:00004684       TInterfacedObject.QueryInterface
 0001:000046AC       TInterfacedObject._AddRef
 0001:000046C0       TInterfacedObject._Release
 0001:000046E8       UnicodeToUtf8
 0001:000047C4       Utf8ToUnicode
 0001:000048FC       UTF8Encode
 0001:000049A8       UTF8Decode
 0001:00004A4C       AnsiToUtf8
 0001:00004A9C       LoadResString
 0001:00004AF4       LCIDToCodePage
 0001:00004B68       Finalization
 0001:00004BBC       System
 0001:00004C90       GetModuleHandle
 0001:00004C98       LocalAlloc
 0001:00004CA0       TlsGetValue
 0001:00004CA8       TlsSetValue
 0001:00004CB0       AllocTlsBuffer
 0001:00004CBC       GetTlsSize
 0001:00004CC4       InitThreadTLS
 0001:00004D08       @GetTls
 0001:00004D48       InitializeModule
 0001:00004D54       @InitExe
 0001:00004D98       Finalization
 0001:00004DC8       SysInit
 0001:00004DD0       Finalization
 0001:00004E00       Types
 0001:00004E08       CloseHandle
 0001:00004E10       CompareString
 0001:00004E18       CreateEvent
 0001:00004E20       CreateFile
 0001:00004E28       DeleteCriticalSection
 0001:00004E30       EnterCriticalSection
 0001:00004E38       EnumCalendarInfoA
 0001:00004E40       FormatMessage
 0001:00004E48       FreeLibrary
 0001:00004E50       GetACP
 0001:00004E58       GetCPInfo
 0001:00004E60       GetCurrentThreadId
 0001:00004E68       GetDateFormat
 0001:00004E70       GetDiskFreeSpaceA
 0001:00004E78       GetFullPathName
 0001:00004E80       GetLastError
 0001:00004E88       GetLocalTime
 0001:00004E90       GetLocaleInfo
 0001:00004E98       GetModuleFileName
 0001:00004EA0       GetModuleHandle
 0001:00004EA8       GetProcAddress
 0001:00004EB0       GetStdHandle
 0001:00004EB8       GetStringTypeEx
 0001:00004EC0       GetThreadLocale
 0001:00004EC8       GetVersionEx
 0001:00004ED0       InitializeCriticalSection
 0001:00004ED8       LeaveCriticalSection
 0001:00004EE0       LoadLibraryA
 0001:00004EE8       ReadFile
 0001:00004EF0       ResetEvent
 0001:00004EF8       SetEndOfFile
 0001:00004F00       SetEvent
 0001:00004F08       SetFilePointer
 0001:00004F10       VirtualQuery
 0001:00004F18       WaitForSingleObject
 0001:00004F20       WriteFile
 0001:00004F28       CharNext
 0001:00004F30       CharToOemA
 0001:00004F38       GetSystemMetrics
 0001:00004F40       LoadString
 0001:00004F48       MessageBox
 0001:00004F50       MakeWord
 0001:00004F64       Finalization
 0001:00004F94       Windows
 0001:0000526C       Finalization
 0001:0000529C       SysConst
 0001:00005E40       DivMod
 0001:00005E5C       ConvertErrorFmt
 0001:00005E80       AllocMem
 0001:00005EA0       UpperCase
 0001:00005EDC       LowerCase
 0001:00005F18       CompareText
 0001:00005F6C       SameText
 0001:00005F90       AnsiCompareStr
 0001:00005FC8       AnsiCompareText
 0001:00006000       AnsiSameText
 0001:00006018       Trim
 0001:00006068       CvtInt
 0001:000060B4       IntToStr
 0001:000060D4       CvtInt64
 0001:000061A0       IntToStr
 0001:000061C8       IntToHex
 0001:000061F0       StrToIntDef
 0001:00006208       TryStrToInt
 0001:00006228       VerifyBoolStrArray
 0001:000062B8       CompareWith
 0001:000062F4       TryStrToBool
 0001:00006390       BoolToStr
 0001:000063DC       FileOpen
 0001:00006434       FileCreate
 0001:00006458       FileCreate
 0001:00006460       FileRead
 0001:0000648C       FileWrite
 0001:000064B8       FileSeek
 0001:000064F0       FileClose
 0001:000064F8       LastDelimiter
 0001:00006548       ExtractFileName
 0001:00006580       ExpandFileName
 0001:000065BC       BackfillGetDiskFreeSpaceEx
 0001:00006630       StrLen
 0001:00006648       StrMove
 0001:00006658       StrLCopy
 0001:0000668C       StrLIComp
 0001:000066D0       StrScan
 0001:000066E4       StrPos
 0001:00006738       StrPas
 0001:0000674C       StrAlloc
 0001:00006760       StrNew
 0001:0000678C       FormatError
 0001:000067E4       FormatVarToStr
 0001:00006808       FormatClearStr
 0001:00006814       FormatBuf
 0001:00006B8C       StrLFmt
 0001:00006BCC       Format
 0001:00006BE0       FmtStr
 0001:00006CA0       PutExponent
 0001:00006CE4       FloatToText
 0001:00006FB8       FloatToDecimal
 0001:000071E4       TextToFloat
 0001:000072F8       FloatToStr
 0001:00007328       CurrToStr
 0001:00007358       TryStrToFloat
 0001:00007374       TryStrToFloat
 0001:000073A0       TryStrToFloat
 0001:000073CC       TryStrToCurr
 0001:000073E8       DateTimeToTimeStamp
 0001:0000742C       TryEncodeTime
 0001:0000749C       DecodeTime
 0001:000074F8       IsLeapYear
 0001:00007534       TryEncodeDate
 0001:000075FC       DecodeDateFully
 0001:00007748       DecodeDate
 0001:00007768       DayOfWeek
 0001:00007790       CurrentYear
 0001:000077A4       AppendChars
 0001:000077E8       AppendString
 0001:00007808       AppendNumber
 0001:00007854       GetCount
 0001:00007880       GetDate
 0001:000078B8       GetTime
 0001:000078F8       ConvertEraString
 0001:00007A60       ConvertYearString
 0001:00007B68       AppendFormat
 0001:0000831C       DateTimeToString
 0001:00008378       DateTimeToStr
 0001:0000838C       ScanBlanks
 0001:000083B0       ScanNumber
 0001:00008444       ScanString
 0001:000084D0       ScanChar
 0001:00008508       GetDateOrder
 0001:00008554       ScanToNumber
 0001:0000859C       GetEraYearOffset
 0001:000085F0       EraToYear
 0001:0000864C       ScanDate
 0001:00008990       ScanTime
 0001:00008B84       TryStrToTime
 0001:00008BB8       TryStrToDateTime
 0001:00008C44       SysErrorMessage
 0001:00008C90       GetLocaleStr
 0001:00008CDC       GetLocaleChar
 0001:00008D04       LocalGetLocaleStr
 0001:00008D40       GetMonthDayNames
 0001:00008E64       EnumEraNames
 0001:00008EA0       EnumEraYearOffsets
 0001:00008F18       GetEraNamesAndYearOffsets
 0001:00008FC8       TranslateDateFormat
 0001:000091F0       ConvertAddr
 0001:000091FC       ExceptionErrorMessage
 0001:00009384       ShowException
 0001:0000944C       Exception.Create
 0001:00009488       Exception.CreateFmt
 0001:00009508       Exception.CreateRes
 0001:00009544       Exception.CreateResFmt
 0001:000095D8       EHeapException.FreeInstance
 0001:00009604       CreateInOutError
 0001:00009684       ErrorHandler
 0001:000096D8       CreateAssertException
 0001:00009784       RaiseAssertException
 0001:00009794       AssertErrorHandler
 0001:000097B0       AbstractErrorHandler
 0001:000097C8       MapException
 0001:00009848       GetExceptionClass
 0001:00009860       CreateAVObject
 0001:00009A2C       GetExceptionObject
 0001:00009AF8       ExceptHandler
 0001:00009B08       InitExceptions
 0001:00009B8C       DoneExceptions
 0001:00009C0C       InitPlatformId
 0001:00009C7C       ByteTypeTest
 0001:00009CF4       ByteType
 0001:00009D18       StrByteType
 0001:00009D30       ByteToCharLen
 0001:00009D58       ByteToCharIndex
 0001:00009DB0       CountChars
 0001:00009E40       CharToByteIndex
 0001:00009EA4       CharToByteLen
 0001:00009F04       StrCharLength
 0001:00009F24       StrNextChar
 0001:00009F2C       CharLength
 0001:00009F68       NextCharIndex
 0001:00009FA4       AnsiPos
 0001:00009FDC       AnsiStrPos
 0001:0000A07C       AnsiStrRScan
 0001:0000A0A4       AnsiStrScan
 0001:0000A0E4       LCIDToCodePage
 0001:0000A158       InitLeadBytes
 0001:0000A1B8       IsWesternGroup
 0001:0000A1D0       InitSysLocale
 0001:0000A344       GetFormatSettings
 0001:0000A6BC       Sleep
 0001:0000A6C4       RaiseLastOSError
 0001:0000A760       Win32Check
 0001:0000A770       FreeTerminateProcs
 0001:0000A790       InitDriveSpacePtr
 0001:0000A7EC       InterlockedIncrement
 0001:0000A7F8       InterlockedDecrement
 0001:0000A804       InterlockedExchange
 0001:0000A80C       InterlockedExchangeAdd
 0001:0000A814       TThreadLocalCounter.Destroy
 0001:0000A864       TThreadLocalCounter.HashIndex
 0001:0000A87C       TThreadLocalCounter.Open
 0001:0000A8F4       TThreadLocalCounter.Delete
 0001:0000A904       TThreadLocalCounter.Recycle
 0001:0000A944       TMultiReadExclusiveWriteSynchronizer.Create
 0001:0000A9B8       TMultiReadExclusiveWriteSynchronizer.Destroy
 0001:0000AA00       TMultiReadExclusiveWriteSynchronizer.BlockReaders
 0001:0000AA0C       TMultiReadExclusiveWriteSynchronizer.UnblockReaders
 0001:0000AA18       TMultiReadExclusiveWriteSynchronizer.UnblockOneWriter
 0001:0000AA24       TMultiReadExclusiveWriteSynchronizer.WaitForReadSignal
 0001:0000AA34       TMultiReadExclusiveWriteSynchronizer.WaitForWriteSignal
 0001:0000AA44       TMultiReadExclusiveWriteSynchronizer.BeginWrite
 0001:0000AAE0       TMultiReadExclusiveWriteSynchronizer.EndWrite
 0001:0000AB30       TMultiReadExclusiveWriteSynchronizer.BeginRead
 0001:0000AB9C       TMultiReadExclusiveWriteSynchronizer.EndRead
 0001:0000AC04       FreeAndNil
 0001:0000AEE4       Finalization
 0001:0000B064       SysUtils
 0001:0000B0E4       Finalization
 0001:0000B114       Messages
 0001:0000B11C       VariantInit
 0001:0000B124       VariantClear
 0001:0000B12C       VariantCopy
 0001:0000B134       VariantChangeType
 0001:0000B13C       BackupVariantChangeTypeEx
 0001:0000B16C       UniUnimplemented
 0001:0000B178       BiUnimplemented
 0001:0000B184       CmpUnimplemented
 0001:0000B190       BackupVarI4FromStr
 0001:0000B1FC       BackupVarR4FromStr
 0001:0000B268       BackupVarR8FromStr
 0001:0000B2D4       BackupVarDateFromStr
 0001:0000B340       BackupVarCyFromStr
 0001:0000B3AC       BackupVarBoolFromStr
 0001:0000B42C       BackupVarBStrFromCy
 0001:0000B49C       BackupVarBStrFromDate
 0001:0000B50C       BackupVarBStrFromBool
 0001:0000B580       SafeArrayCreate
 0001:0000B588       SafeArrayGetLBound
 0001:0000B590       SafeArrayGetUBound
 0001:0000B598       SafeArrayPtrOfIndex
 0001:0000B5A0       FindProc
 0001:0000B5CC       InitializeVarUtils
 0001:0000B8D8       Finalization
 0001:0000B908       VarUtils
 0001:0000BEF0       VarCastError
 0001:0000BF44       VarCastError
 0001:0000BFE0       VarInvalidOp
 0001:0000C034       VarOverflowError
 0001:0000C0D0       VarArrayCreateError
 0001:0000C124       TranslateResult
 0001:0000C378       VarResultCheck
 0001:0000C384       VarResultCheck
 0001:0000C3B8       @DispInvokeError
 0001:0000C40C       InBounds
 0001:0000C43C       Increment
 0001:0000C498       VarArrayClear
 0001:0000C614       VarClearDeep
 0001:0000C690       @VarClear
 0001:0000C6A4       @VarClr
 0001:0000C6AC       InBounds
 0001:0000C6DC       Increment
 0001:0000C738       VarArrayCopyForEach
 0001:0000C904       VarCopyCopyProc
 0001:0000C90C       VarCopyDeep
 0001:0000C9B8       @VarCopy
 0001:0000C9FC       CurrToWStrViaOS
 0001:0000CA34       DateToWStrViaOS
 0001:0000CA6C       BoolToWStrViaOS
 0001:0000CB30       VarToLStrViaOS
 0001:0000CBFC       VarToLStrAny
 0001:0000CC60       VarToLStrCustom
 0001:0000CCE4       @VarToLStr
 0001:0000D228       VarToWStrViaOS
 0001:0000D2E0       VarToWStrAny
 0001:0000D344       VarToWStrCustom
 0001:0000D40C       @VarToWStr
 0001:0000D96C       @VarAddRef
 0001:0000DAF0       VarTypeAsText
 0001:0000DC60       SetVarAsError
 0001:0000DC78       SetClearVarToEmptyParam
 0001:0000DCA8       ClearVariantTypeList
 0001:0000DD14       TCustomVariantType.BinaryOp
 0001:0000DD20       TCustomVariantType.Cast
 0001:0000DD58       TCustomVariantType.CastTo
 0001:0000DDA0       TCustomVariantType.Compare
 0001:0000DDAC       TCustomVariantType.CompareOp
 0001:0000DDE4       TCustomVariantType.CastToOle
 0001:0000DE20       TCustomVariantType.Destroy
 0001:0000DEAC       TCustomVariantType.IsClear
 0001:0000DEB0       TCustomVariantType.LeftPromotion
 0001:0000DEC4       TCustomVariantType.OlePromotion
 0001:0000DECC       TCustomVariantType.RaiseCastError
 0001:0000DED4       TCustomVariantType.RaiseInvalidOp
 0001:0000DEDC       TCustomVariantType.RaiseDispError
 0001:0000DEE4       TCustomVariantType.RightPromotion
 0001:0000DEF8       TCustomVariantType.UnaryOp
 0001:0000DF00       TCustomVariantType.DispInvoke
 0001:0000DF0C       TCustomVariantType._AddRef
 0001:0000DF18       TCustomVariantType._Release
 0001:0000DF24       TCustomVariantType.QueryInterface
 0001:0000DF4C       FindCustomVariantType
 0001:0000E004       Finalization
 0001:0000E07C       Variants
 0001:0000E188       Finalization
 0001:0000E1B8       RTLConsts
 0001:0000E1EC       Finalization
 0001:0000E23C       TypInfo
 0001:0000E244       Finalization
 0001:0000E274       ActiveX
 0001:0000EB90       TRegGroup.Create
 0001:0000EC0C       TRegGroup.Destroy
 0001:0000EC4C       PointerInModule
 0001:0000EC6C       TRegGroup.UnregisterModuleClasses
 0001:0000ED10       TRegGroups.Create
 0001:0000ED84       TRegGroups.Destroy
 0001:0000EDE0       TRegGroups.Lock
 0001:0000EDEC       TRegGroups.Unlock
 0001:0000EDF8       TRegGroups.UnregisterModuleClasses
 0001:0000EE48       UnRegisterModuleClasses
 0001:0000EE94       TList.Destroy
 0001:0000EEB4       TList.Add
 0001:0000EEE8       TList.Clear
 0001:0000EF00       TList.Delete
 0001:0000EF60       ReturnAddr
 0001:0000EF64       TList.Error
 0001:0000EF9C       TList.Error
 0001:0000EFF0       TList.Get
 0001:0000F018       TList.Grow
 0001:0000F04C       TList.SetCapacity
 0001:0000F088       TList.SetCount
 0001:0000F0F8       TList.Notify
 0001:0000F0FC       TThreadList.Create
 0001:0000F150       TThreadList.Destroy
 0001:0000F1CC       TThreadList.LockList
 0001:0000F1E0       TThreadList.UnlockList
 0001:0000F1EC       TPersistent.Destroy
 0001:0000F218       TPersistent.Assign
 0001:0000F22C       TPersistent.AssignError
 0001:0000F2FC       TPersistent.AssignTo
 0001:0000F304       TPersistent.DefineProperties
 0001:0000F308       TPersistent.GetNamePath
 0001:0000F3B8       TPersistent.GetOwner
 0001:0000F3BC       TStrings.Destroy
 0001:0000F3EC       TStrings.Add
 0001:0000F410       TStrings.AddObject
 0001:0000F434       TStrings.AddStrings
 0001:0000F4EC       TStrings.Assign
 0001:0000F584       TStrings.BeginUpdate
 0001:0000F59C       DoWrite
 0001:0000F5F4       TStrings.DefineProperties
 0001:0000F640       TStrings.EndUpdate
 0001:0000F654       TStrings.Equals
 0001:0000F6FC       ReturnAddr
 0001:0000F700       TStrings.Error
 0001:0000F738       TStrings.Error
 0001:0000F790       TStrings.Exchange
 0001:0000F878       TStrings.GetCapacity
 0001:0000F880       TStrings.GetObject
 0001:0000F884       TStrings.GetText
 0001:0000F8D8       TStrings.GetTextStr
 0001:0000FA00       TStrings.IndexOf
 0001:0000FA8C       TStrings.IndexOfName
 0001:0000FB60       TStrings.IndexOfObject
 0001:0000FB94       TStrings.InsertObject
 0001:0000FBC4       TStrings.LoadFromFile
 0001:0000FC18       TStrings.LoadFromStream
 0001:0000FCC4       TStrings.Move
 0001:0000FD74       TStrings.Put
 0001:0000FDA8       TStrings.PutObject
 0001:0000FDAC       TStrings.ReadData
 0001:0000FE5C       TStrings.SaveToFile
 0001:0000FEB4       TStrings.SaveToStream
 0001:0000FF10       TStrings.SetCapacity
 0001:0000FF14       TStrings.SetStringsAdapter
 0001:0000FF48       TStrings.SetText
 0001:0000FF98       TStrings.SetTextStr
 0001:00010058       TStrings.SetUpdateState
 0001:0001005C       TStrings.WriteData
 0001:000100E0       TStrings.CompareStrings
 0001:000100EC       TStrings.GetNameValueSeparator
 0001:00010104       TStrings.SetNameValueSeparator
 0001:00010120       TStringList.Destroy
 0001:0001017C       TStringList.Add
 0001:00010188       TStringList.AddObject
 0001:000101EC       TStringList.Changed
 0001:00010208       TStringList.Changing
 0001:00010224       TStringList.Clear
 0001:00010264       TStringList.Delete
 0001:000102D0       TStringList.Exchange
 0001:0001032C       TStringList.ExchangeItems
 0001:00010350       TStringList.Find
 0001:000103C8       TStringList.Get
 0001:000103FC       TStringList.GetCapacity
 0001:00010400       TStringList.GetCount
 0001:00010404       TStringList.GetObject
 0001:0001042C       TStringList.Grow
 0001:00010460       TStringList.IndexOf
 0001:0001049C       TStringList.Insert
 0001:000104AC       TStringList.InsertObject
 0001:00010500       TStringList.InsertItem
 0001:00010578       TStringList.Put
 0001:000105D4       TStringList.PutObject
 0001:00010614       TStringList.QuickSort
 0001:000106A8       TStringList.SetCapacity
 0001:000106C4       TStringList.SetUpdateState
 0001:000106DC       StringListCompareStrings
 0001:000106F0       TStringList.Sort
 0001:00010700       TStringList.CustomSort
 0001:00010738       TStringList.CompareStrings
 0001:00010754       TStream.GetPosition
 0001:00010774       TStream.GetSize
 0001:000107C0       TStream.SetSize
 0001:000107C4       TStream.SetSize
 0001:00010818       RaiseException
 0001:00010864       TStream.Seek
 0001:000108E8       TStream.Seek
 0001:00010958       TStream.WriteBuffer
 0001:00010990       THandleStream.Create
 0001:000109CC       THandleStream.Read
 0001:000109DC       THandleStream.Write
 0001:000109EC       THandleStream.Seek
 0001:00010A18       THandleStream.SetSize
 0001:00010A2C       THandleStream.SetSize
 0001:00010A54       TFileStream.Create
 0001:00010A98       TFileStream.Create
 0001:00010BEC       TFileStream.Destroy
 0001:00010C20       RemoveFixupReferences
 0001:00010CCC       RemoveFixups
 0001:00010D50       ReadError
 0001:00010D68       PropValueError
 0001:00010D74       TReader.CheckValue
 0001:00010D98       TReader.EndOfList
 0001:00010DAC       TReader.NextValue
 0001:00010DBC       TReader.Read
 0001:00010E08       TReader.ReadBuffer
 0001:00010E44       TReader.ReadListBegin
 0001:00010E4C       TReader.ReadListEnd
 0001:00010E54       TReader.ReadStr
 0001:00010E90       TReader.ReadString
 0001:00010F4C       TReader.ReadWideString
 0001:00011030       TReader.ReadValue
 0001:00011044       TReader.SkipSetBody
 0001:0001108C       SkipList
 0001:000110B4       SkipBinary
 0001:000110E4       SkipCollection
 0001:00011140       TReader.SkipValue
 0001:000112DC       TReader.SkipProperty
 0001:00011324       TReader.SkipBytes
 0001:0001136C       TWriter.Write
 0001:000113B8       TWriter.WriteBuffer
 0001:000113D0       TWriter.WriteListBegin
 0001:000113D8       TWriter.WriteListEnd
 0001:000113E0       TWriter.WriteMinStr
 0001:00011478       TWriter.WriteString
 0001:000114CC       TWriter.WriteValue
 0001:000114E0       InitThreadSynchronization
 0001:00011514       DoneThreadSynchronization
 0001:0001152C       FreeIntConstList
 0001:00011598       ModuleUnload
 0001:000115A0       Finalization
 0001:00011650       Classes
 0001:000116E4       WSAStartup
 0001:000116EC       Finalization
 0001:0001171C       WinSock
 0001:00011724       lib_free
 0001:00011730       lib_init
 0001:00011C0C       nfsgetexports
 0001:00011D20       nfsdiscover
 0001:00011DD8       Finalization
 0001:00011E08       libnfs
 0001:00011E10       nfsreadfile3
 0001:00011FDC       nfswritefile2
 0001:000121F4       nfslistdir
 0001:00012468       Finalization
 0001:00012518       nfsclient
 0002:00000000       ExitCode
 0002:00000004       ErrorAddr
 0002:00000008       FileMode
 0002:0000000C       VarClearProc
 0002:00000010       VarAddRefProc
 0002:00000014       VarCopyProc
 0002:00000018       VarToLStrProc
 0002:0000001C       VarToWStrProc
 0002:00000020       Default8087CW
 0002:00000024       DebugHook
 0002:00000028       JITEnable
 0002:0000002C       NoErrMsg
 0002:00000030       DefaultTextLineBreakStyle
 0002:00000034       LibModuleList
 0002:00000038       ModuleUnloadList
 0002:0000003C       MemoryManager
 0002:00000048       reMap
 0002:00000064       errCaption
 0002:0000006C       runErrMsg
 0002:0000008C       dig
 0002:0000009C       TlsIndex
 0002:000000A0       Module
 0002:000000B8       EmptyStr
 0002:000000BC       EmptyWideStr
 0002:000000C0       Win32Platform
 0002:000000C4       Win32MajorVersion
 0002:000000C8       Win32MinorVersion
 0002:000000CC       Win32BuildNumber
 0002:000000D0       Win32CSDVersion
 0002:000000D4       TwoDigitYearCenturyWindow
 0002:000000D8       MonthDays
 0002:00000108       LeadBytes
 0002:00000128       HexDisplayPrefix
 0002:0000012C       GetDiskFreeSpaceEx
 0002:00000130       cSimpleBoolStrs
 0002:00000138       AccessMode
 0002:00000144       ShareMode
 0002:00000158       FormatErrorStrs
 0002:00000160       FCon1E18
 0002:0000016C       DCon10
 0002:00000170       CWNear
 0002:00000174       FMSecsPerDay
 0002:00000178       IMSecsPerDay
 0002:0000017C       Format
 0002:00000180       DefShortMonthNames
 0002:000001B0       DefLongMonthNames
 0002:000001E0       DefShortDayNames
 0002:000001FC       DefLongDayNames
 0002:00000218       ErrorMap
 0002:00000250       ExceptMap
 0002:00000300       WesternGroups
 0002:00000304       TerminateProcList
 0002:00000308       CResult
 0002:00000310       NullStrictConvert
 0002:00000314       NullAsStringValue
 0002:00000318       BooleanToStringRule
 0002:0000031C       CInvalidCustomVariantType
 0002:00000320       CText
 0002:00000374       CRelationshipToBoolean
 0002:00000388       BooleanIdents
 0002:00000390       DotSep
 0002:00000394       SyncList
 0002:00000398       fLibHandle
 0002:0000039C       nfs
 0002:000003A0       url
 0002:00001000       DispCallByIDProc
 0002:00001004       ExceptProc
 0002:00001008       ErrorProc
 0002:0000100C       ExceptClsProc
 0002:00001010       ExceptObjProc
 0002:00001014       RaiseExceptionProc
 0002:00001018       RTLUnwindProc
 0002:0000101C       ExceptionClass
 0002:00001020       AssertErrorProc
 0002:00001024       ExitProcessProc
 0002:00001028       AbstractErrorProc
 0002:0000102C       MainInstance
 0002:00001030       MainThreadID
 0002:00001034       IsLibrary
 0002:00001038       CmdShow
 0002:0000103C       CmdLine
 0002:00001040       ExitProc
 0002:00001044       IsConsole
 0002:00001045       IsMultiThread
 0002:00001046       Test8086
 0002:00001048       Input
 0002:00001214       Output
 0002:000013E0       ErrOutput
 0002:000015AC       AllocMemCount
 0002:000015B0       AllocMemSize
 0002:000015B4       .5
 0002:000015B8       DefaultUserCodePage
 0002:000015BC       initialized
 0002:000015C0       heapErrorCode
 0002:000015C4       heapLock
 0002:000015DC       blockDescBlockList
 0002:000015E0       blockDescFreeList
 0002:000015E4       spaceRoot
 0002:000015F4       decommittedRoot
 0002:00001604       avail
 0002:00001610       rover
 0002:00001614       remBytes
 0002:00001618       curAlloc
 0002:0000161C       smallTab
 0002:00001620       committedRoot
 0002:00001630       InitContext
 0002:0000165C       ModuleIsLib
 0002:0000165D       ModuleIsCpp
 0002:00001660       HInstance
 0002:00001664       .1
 0002:00001668       tlsBuffer
 0002:0000166C       .1
 0002:00001670       .3
 0002:00001674       .1
 0002:00001678       CurrencyString
 0002:0000167C       CurrencyFormat
 0002:0000167D       NegCurrFormat
 0002:0000167E       ThousandSeparator
 0002:0000167F       DecimalSeparator
 0002:00001680       CurrencyDecimals
 0002:00001681       DateSeparator
 0002:00001684       ShortDateFormat
 0002:00001688       LongDateFormat
 0002:0000168C       TimeSeparator
 0002:00001690       TimeAMString
 0002:00001694       TimePMString
 0002:00001698       ShortTimeFormat
 0002:0000169C       LongTimeFormat
 0002:000016A0       ShortMonthNames
 0002:000016D0       LongMonthNames
 0002:00001700       ShortDayNames
 0002:0000171C       LongDayNames
 0002:00001738       SysLocale
 0002:00001746       ListSeparator
 0002:00001748       EraNames
 0002:00001764       EraYearOffsets
 0002:00001780       TrueBoolStrs
 0002:00001784       FalseBoolStrs
 0002:00001788       .35
 0002:0000178C       OutOfMemory
 0002:00001790       InvalidPointer
 0002:00001794       FLanguages
 0002:00001798       .1
 0002:0000179C       VariantChangeTypeEx
 0002:000017A0       VarNeg
 0002:000017A4       VarNot
 0002:000017A8       VarAdd
 0002:000017AC       VarSub
 0002:000017B0       VarMul
 0002:000017B4       VarDiv
 0002:000017B8       VarIDiv
 0002:000017BC       VarMod
 0002:000017C0       VarAnd
 0002:000017C4       VarOr
 0002:000017C8       VarXor
 0002:000017CC       VarCmp
 0002:000017D0       VarI4FromStr
 0002:000017D4       VarR4FromStr
 0002:000017D8       VarR8FromStr
 0002:000017DC       VarDateFromStr
 0002:000017E0       VarCyFromStr
 0002:000017E4       VarBoolFromStr
 0002:000017E8       VarBstrFromCy
 0002:000017EC       VarBstrFromDate
 0002:000017F0       VarBstrFromBool
 0002:000017F4       .5
 0002:000017F8       EmptyParam
 0002:00001808       VarDispProc
 0002:0000180C       ClearAnyProc
 0002:00001810       ChangeAnyProc
 0002:00001814       RefAnyProc
 0002:00001818       .81
 0002:0000181C       LVarTypes
 0002:00001820       LVarTypeSync
 0002:00001838       .1
 0002:0000183C       .6
 0002:00001840       .3
 0002:00001844       GlobalNameSpace
 0002:00001848       SyncEvent
 0002:0000184C       .45
 0002:00001850       IntConstList
 0002:00001854       RegGroups
 0002:00001858       FindGlobalComponentProcs
 0002:0000185C       GlobalFixupList
 0002:00001860       ThreadLock
 0002:00001878       .1
 0002:0000187C       nfs_init_context
 0002:00001880       nfs_destroy_context
 0002:00001884       nfs_parse_url_full
 0002:00001888       nfs_destroy_url
 0002:0000188C       nfs_get_error
 0002:00001890       nfs_mount
 0002:00001894       nfs_creat
 0002:00001898       nfs_open
 0002:0000189C       nfs_read
 0002:000018A0       nfs_write
 0002:000018A4       nfs_pread
 0002:000018A8       nfs_pwrite
 0002:000018AC       nfs_lseek
 0002:000018B0       nfs_fstat64
 0002:000018B4       nfs_stat64
 0002:000018B8       nfs_close
 0002:000018BC       nfs_opendir
 0002:000018C0       nfs_readdir
 0002:000018C4       nfs_closedir
 0002:000018C8       nfs_getcwd
 0002:000018CC       nfs_chdir
 0002:000018D0       nfs_find_local_servers
 0002:000018D4       free_nfs_srvr_list
 0002:000018D8       mount_getexports
 0002:000018DC       mount_free_export_list
 0002:000018E0       nfs_truncate
 0002:000018E4       nfs_set_uid
 0002:000018E8       nfs_set_gid
 0002:000018EC       nfs_rmdir
 0002:000018F0       nfs_mkdir
 0002:000018F4       nfs_rename
 0002:000018F8       nfs_get_readmax
 0002:000018FC       nfs_get_writemax
 0002:00001900       nfs_set_version
 0002:00001904       nfs_unlink
 0002:00001908       .1
 0002:0000190C       wsaData
 0002:00001A9C       servers
 0002:00001AA0       count


Line numbers for libnfs(libnfs.pas) segment .text

   175 0001:00011724   176 0001:0001172F   179 0001:00011730   180 0001:00011736
   181 0001:0001173C   182 0001:00011748   184 0001:0001174D   185 0001:00011763
   188 0001:00011765   189 0001:00011777   190 0001:00011789   191 0001:0001179B
   192 0001:000117AD   193 0001:000117BF   194 0001:000117D1   195 0001:000117E3
   196 0001:000117F5   197 0001:00011807   198 0001:00011819   199 0001:0001182B
   200 0001:0001183D   201 0001:0001184F   202 0001:00011861   203 0001:00011873
   204 0001:00011885   205 0001:00011897   206 0001:000118A9   207 0001:000118BB
   208 0001:000118CD   209 0001:000118DF   210 0001:000118F1   211 0001:00011903
   212 0001:00011915   213 0001:00011927   214 0001:00011939   215 0001:0001194B
   216 0001:0001195D   217 0001:0001196F   218 0001:00011981   219 0001:00011993
   220 0001:000119A5   221 0001:000119B7   222 0001:000119C9   227 0001:000119DB
   232 0001:00011C0C   233 0001:00011C36   234 0001:00011C49   235 0001:00011C4C
   239 0001:00011C85   240 0001:00011C87   236 0001:00011CB8   242 0001:00011CBF
   243 0001:00011CFD   249 0001:00011D20   250 0001:00011D42   252 0001:00011D50
   253 0001:00011D58   255 0001:00011D5C   256 0001:00011D5E   259 0001:00011D7C
   260 0001:00011D7E   257 0001:00011D9A   262 0001:00011DA0   264 0001:00011DD1
   267 0001:00011E08   267 0001:00011E0F

Line numbers for nfsclient(C:\Users\erwan\Documents\-= SOURCES =-\delphi\system\libnfs\nfsclient.dpr) segment .text

    69 0001:00011E10    70 0001:00011E4C    71 0001:00011E4E    73 0001:00011E57
    77 0001:00011EA8    78 0001:00011EBA    79 0001:00011EDD    81 0001:00011EE1
    82 0001:00011EF4    86 0001:00011F25    87 0001:00011F3A    89 0001:00011F3E
    90 0001:00011F50    91 0001:00011F73    87 0001:00011F8C    93 0001:00011F90
    97 0001:00011F92    98 0001:00011FD6   109 0001:00011FDC   110 0001:0001201D
   111 0001:0001202B   113 0001:00012039   115 0001:00012097   116 0001:000120A2
   119 0001:000120B7   120 0001:000120CB   122 0001:000120F3   123 0001:0001210B
   117 0001:00012121   127 0001:0001214B   129 0001:00012152   131 0001:00012175
   133 0001:00012181   134 0001:000121D6   144 0001:000121F4   145 0001:0001223E
   146 0001:00012240   147 0001:00012249   149 0001:0001229A   152 0001:000122DD
   154 0001:000122F2   156 0001:000122FA   157 0001:00012305   158 0001:00012314
   159 0001:00012323   161 0001:0001232B   165 0001:00012349   169 0001:00012353
   170 0001:00012362   171 0001:0001236C   173 0001:0001237A   174 0001:000123C8
   154 0001:000123DD   177 0001:000123E5   178 0001:000123F8   179 0001:00012436
   182 0001:00012518   184 0001:0001254A   185 0001:0001254F   187 0001:00012563
   189 0001:0001256C   190 0001:00012585   191 0001:0001259E   192 0001:000125B7
   193 0001:000125D0   195 0001:000125E9   197 0001:00012614   198 0001:00012625
   199 0001:00012633   200 0001:0001263D   202 0001:00012696   204 0001:000126B4
   207 0001:000126BE   209 0001:000126E9   210 0001:000126FA   211 0001:00012729
   212 0001:00012732   213 0001:0001274D   214 0001:00012776   215 0001:00012791
   216 0001:000127AA   219 0001:000127BA   221 0001:000127E5   222 0001:000127F6
   223 0001:00012825   224 0001:0001282E   225 0001:0001284C   226 0001:00012875
   227 0001:000128C5   228 0001:000128DE   229 0001:00012916   232 0001:00012926
   234 0001:00012951   235 0001:00012962   236 0001:00012991   237 0001:0001299A
   238 0001:000129B5   239 0001:000129DE   240 0001:000129EA   241 0001:00012A03
   244 0001:00012A13   245 0001:00012A2F   246 0001:00012A56

Bound resource files

nfsclient.drf


Program entry point at 0001:00012518
